Archive member included to satisfy reference by file (symbol)

/home/grakoto/.pico-sdk/toolchain/14_2_Rel1/bin/../lib/gcc/arm-none-eabi/14.2.1/../../../../arm-none-eabi/lib/thumb/v8-m.main+fp/softfp/libm.a(libm_a-wf_sqrt.o)
                              CMakeFiles/squarewave.dir/home/grakoto/pico/pico-sdk/src/rp2_common/pico_float/float_math.c.o (sqrtf)
/home/grakoto/.pico-sdk/toolchain/14_2_Rel1/bin/../lib/gcc/arm-none-eabi/14.2.1/../../../../arm-none-eabi/lib/thumb/v8-m.main+fp/softfp/libm.a(libm_a-ef_sqrt.o)
                              /home/grakoto/.pico-sdk/toolchain/14_2_Rel1/bin/../lib/gcc/arm-none-eabi/14.2.1/../../../../arm-none-eabi/lib/thumb/v8-m.main+fp/softfp/libm.a(libm_a-wf_sqrt.o) (__ieee754_sqrtf)
/home/grakoto/.pico-sdk/toolchain/14_2_Rel1/bin/../lib/gcc/arm-none-eabi/14.2.1/thumb/v8-m.main+fp/softfp/libgcc.a(_arm_addsubdf3.o)
                              CMakeFiles/squarewave.dir/home/grakoto/pico/pico-sdk/src/rp2_common/pico_float/float_math.c.o (__aeabi_f2d)
/home/grakoto/.pico-sdk/toolchain/14_2_Rel1/bin/../lib/gcc/arm-none-eabi/14.2.1/thumb/v8-m.main+fp/softfp/libgcc.a(_aeabi_ldivmod.o)
                              CMakeFiles/squarewave.dir/home/grakoto/pico/pico-sdk/src/common/pico_time/time.c.o (__aeabi_ldivmod)
/home/grakoto/.pico-sdk/toolchain/14_2_Rel1/bin/../lib/gcc/arm-none-eabi/14.2.1/thumb/v8-m.main+fp/softfp/libgcc.a(_aeabi_uldivmod.o)
                              CMakeFiles/squarewave.dir/home/grakoto/pico/pico-sdk/src/rp2_common/hardware_clocks/clocks.c.o (__aeabi_uldivmod)
/home/grakoto/.pico-sdk/toolchain/14_2_Rel1/bin/../lib/gcc/arm-none-eabi/14.2.1/thumb/v8-m.main+fp/softfp/libgcc.a(_udivmoddi4.o)
                              /home/grakoto/.pico-sdk/toolchain/14_2_Rel1/bin/../lib/gcc/arm-none-eabi/14.2.1/thumb/v8-m.main+fp/softfp/libgcc.a(_aeabi_ldivmod.o) (__udivmoddi4)
/home/grakoto/.pico-sdk/toolchain/14_2_Rel1/bin/../lib/gcc/arm-none-eabi/14.2.1/thumb/v8-m.main+fp/softfp/libgcc.a(_dvmd_tls.o)
                              /home/grakoto/.pico-sdk/toolchain/14_2_Rel1/bin/../lib/gcc/arm-none-eabi/14.2.1/thumb/v8-m.main+fp/softfp/libgcc.a(_aeabi_ldivmod.o) (__aeabi_ldiv0)
/home/grakoto/.pico-sdk/toolchain/14_2_Rel1/bin/../lib/gcc/arm-none-eabi/14.2.1/../../../../arm-none-eabi/lib/thumb/v8-m.main+fp/softfp/libg.a(libc_a-calloc.o)
                              CMakeFiles/squarewave.dir/home/grakoto/pico/pico-sdk/src/rp2_common/pico_malloc/malloc.c.o (calloc)
/home/grakoto/.pico-sdk/toolchain/14_2_Rel1/bin/../lib/gcc/arm-none-eabi/14.2.1/../../../../arm-none-eabi/lib/thumb/v8-m.main+fp/softfp/libg.a(libc_a-callocr.o)
                              /home/grakoto/.pico-sdk/toolchain/14_2_Rel1/bin/../lib/gcc/arm-none-eabi/14.2.1/../../../../arm-none-eabi/lib/thumb/v8-m.main+fp/softfp/libg.a(libc_a-calloc.o) (_calloc_r)
/home/grakoto/.pico-sdk/toolchain/14_2_Rel1/bin/../lib/gcc/arm-none-eabi/14.2.1/../../../../arm-none-eabi/lib/thumb/v8-m.main+fp/softfp/libg.a(libc_a-malloc.o)
                              CMakeFiles/squarewave.dir/home/grakoto/pico/pico-sdk/src/rp2_common/pico_malloc/malloc.c.o (malloc)
/home/grakoto/.pico-sdk/toolchain/14_2_Rel1/bin/../lib/gcc/arm-none-eabi/14.2.1/../../../../arm-none-eabi/lib/thumb/v8-m.main+fp/softfp/libg.a(libc_a-mallocr.o)
                              /home/grakoto/.pico-sdk/toolchain/14_2_Rel1/bin/../lib/gcc/arm-none-eabi/14.2.1/../../../../arm-none-eabi/lib/thumb/v8-m.main+fp/softfp/libg.a(libc_a-callocr.o) (_malloc_r)
/home/grakoto/.pico-sdk/toolchain/14_2_Rel1/bin/../lib/gcc/arm-none-eabi/14.2.1/../../../../arm-none-eabi/lib/thumb/v8-m.main+fp/softfp/libg.a(libc_a-mlock.o)
                              /home/grakoto/.pico-sdk/toolchain/14_2_Rel1/bin/../lib/gcc/arm-none-eabi/14.2.1/../../../../arm-none-eabi/lib/thumb/v8-m.main+fp/softfp/libg.a(libc_a-mallocr.o) (__malloc_lock)
/home/grakoto/.pico-sdk/toolchain/14_2_Rel1/bin/../lib/gcc/arm-none-eabi/14.2.1/../../../../arm-none-eabi/lib/thumb/v8-m.main+fp/softfp/libg.a(libc_a-realloc.o)
                              CMakeFiles/squarewave.dir/home/grakoto/pico/pico-sdk/src/rp2_common/pico_malloc/malloc.c.o (realloc)
/home/grakoto/.pico-sdk/toolchain/14_2_Rel1/bin/../lib/gcc/arm-none-eabi/14.2.1/../../../../arm-none-eabi/lib/thumb/v8-m.main+fp/softfp/libg.a(libc_a-reallocr.o)
                              /home/grakoto/.pico-sdk/toolchain/14_2_Rel1/bin/../lib/gcc/arm-none-eabi/14.2.1/../../../../arm-none-eabi/lib/thumb/v8-m.main+fp/softfp/libg.a(libc_a-realloc.o) (_realloc_r)
/home/grakoto/.pico-sdk/toolchain/14_2_Rel1/bin/../lib/gcc/arm-none-eabi/14.2.1/../../../../arm-none-eabi/lib/thumb/v8-m.main+fp/softfp/libg.a(libc_a-memcmp.o)
                              CMakeFiles/squarewave.dir/home/grakoto/pico/pico-sdk/src/rp2_common/pico_atomic/atomic.c.o (memcmp)
/home/grakoto/.pico-sdk/toolchain/14_2_Rel1/bin/../lib/gcc/arm-none-eabi/14.2.1/../../../../arm-none-eabi/lib/thumb/v8-m.main+fp/softfp/libg.a(libc_a-memmove.o)
[...]
Memory Configuration

Name             Origin             Length             Attributes
FLASH            0x10000000         0x00400000         xr
RAM              0x20000000         0x00080000         xrw
SCRATCH_X        0x20080000         0x00001000         xrw
SCRATCH_Y        0x20081000         0x00001000         xrw
*default*        0x00000000         0xffffffff

Linker script and memory map

LOAD /home/grakoto/.pico-sdk/toolchain/14_2_Rel1/bin/../lib/gcc/arm-none-eabi/14.2.1/thumb/v8-m.main+fp/softfp/crti.o
LOAD /home/grakoto/.pico-sdk/toolchain/14_2_Rel1/bin/../lib/gcc/arm-none-eabi/14.2.1/thumb/v8-m.main+fp/softfp/crtbegin.o
LOAD /home/grakoto/.pico-sdk/toolchain/14_2_Rel1/bin/../lib/gcc/arm-none-eabi/14.2.1/../../../../arm-none-eabi/lib/thumb/v8-m.main+fp/softfp/crt0.o

.flash_begin    0x10000000        0x0
                0x10000000                        __flash_binary_start = .

.text           0x10000000     0x4858
                0x10000000                        __logical_binary_start = .
 *(.vectors)
 .vectors       0x10000000      0x124 CMakeFiles/squarewave.dir/home/grakoto/pico/pico-sdk/src/rp2_common/pico_crt0/crt0.S.o
                0x10000000                __vectors
                0x10000000                __VECTOR_TABLE
                0x10000110                isr_invalid
                0x10000110                __default_isrs_start
                0x10000112                isr_nmi
                0x10000114                isr_hardfault
                0x10000116                isr_svcall
                0x10000118                isr_pendsv
                0x1000011a                isr_systick
                0x1000011c                isr_irq30
                0x1000011c                __unhandled_user_irq
                0x1000011c                isr_irq49
                0x1000011c                isr_irq13
                0x1000011c                isr_irq43
                0x1000011c                isr_irq45
                0x1000011c                isr_irq27
                0x1000011c                isr_irq32
                0x1000011c                isr_irq31
                0x1000011c                isr_irq5
                0x1000011c                isr_irq11
                0x1000011c                isr_irq23
                0x1000011c                isr_irq48
                0x1000011c                isr_irq35
                0x1000011c                isr_irq18
                0x1000011c                isr_irq50
                0x1000011c                isr_irq40
                0x1000011c                isr_irq28
                0x1000011c                isr_irq19
                0x1000011c                isr_irq36
                0x1000011c                isr_irq41
                0x1000011c                isr_irq0
                0x1000011c                isr_irq6
                0x1000011c                isr_irq37
                0x1000011c                isr_irq42
                0x1000011c                isr_irq22
                0x1000011c                isr_irq17
                0x1000011c                isr_irq38
                0x1000011c                isr_irq14
                0x1000011c                isr_irq2
                0x1000011c                isr_irq10
                0x1000011c                isr_irq8
                0x1000011c                isr_irq24
                0x1000011c                isr_irq46
                0x1000011c                isr_irq1
                0x1000011c                isr_irq47
                0x1000011c                isr_irq51
                0x1000011c                isr_irq7
                0x1000011c                isr_irq21
                0x1000011c                isr_irq39
                0x1000011c                isr_irq20
                0x1000011c                isr_irq15
                0x1000011c                isr_irq25
                0x1000011c                isr_irq34
                0x1000011c                isr_irq4
                0x1000011c                isr_irq16
                0x1000011c                isr_irq44
                0x1000011c                isr_irq29
                0x1000011c                isr_irq26
                0x1000011c                __default_isrs_end
                0x1000011c                isr_irq33
                0x1000011c                isr_irq3
                0x1000011c                isr_irq12
                0x1000011c                isr_irq9
                0x10000122                unhandled_user_irq_num_in_r0
 *(.binary_info_header)
 .binary_info_header
                0x10000124       0x14 CMakeFiles/squarewave.dir/home/grakoto/pico/pico-sdk/src/rp2_common/pico_crt0/crt0.S.o
                0x10000138                        __binary_info_header_end = .
 *(.embedded_block)
 .embedded_block
                0x10000138       0x14 CMakeFiles/squarewave.dir/home/grakoto/pico/pico-sdk/src/rp2_common/pico_crt0/crt0.S.o
                0x1000014c                        __embedded_block_end = .
 *(.reset)
 .reset         0x1000014c       0xa0 CMakeFiles/squarewave.dir/home/grakoto/pico/pico-sdk/src/rp2_common/pico_crt0/crt0.S.o
                0x1000014c                _entry_point
 *(.init)
 .init          0x100001ec        0x4 /home/grakoto/.pico-sdk/toolchain/14_2_Rel1/bin/../lib/gcc/arm-none-eabi/14.2.1/thumb/v8-m.main+fp/softfp/crti.o
                0x100001ec                _init
 *libgcc.a:cmse_nonsecure_call.o()
 *(EXCLUDE_FILE(*libm.a: *libc.a:*lib_a-mem*.o *libgcc.a:) .text*)
 .text.register_tm_clones
                0x100001f0       0x28 /home/grakoto/.pico-sdk/toolchain/14_2_Rel1/bin/../lib/gcc/arm-none-eabi/14.2.1/thumb/v8-m.main+fp/softfp/crtbegin.o
 .text.frame_dummy
                0x10000218       0x24 /home/grakoto/.pico-sdk/toolchain/14_2_Rel1/bin/../lib/gcc/arm-none-eabi/14.2.1/thumb/v8-m.main+fp/softfp/crtbegin.o
 .text.pio_irq_handler0
                0x1000023c       0x18 CMakeFiles/squarewave.dir/squarewave.c.o
                0x1000023c                pio_irq_handler0
 *fill*         0x10000254        0x4 
 .text.startup.main
                0x10000258      0x254 CMakeFiles/squarewave.dir/squarewave.c.o
                0x10000258                main
 .text.gpio_set_function
                0x100004ac       0x3c CMakeFiles/squarewave.dir/home/grakoto/pico/pico-sdk/src/rp2_common/hardware_gpio/gpio.c.o
                0x100004ac                gpio_set_function
 .text.gpio_init
                0x100004e8       0x48 CMakeFiles/squarewave.dir/home/grakoto/pico/pico-sdk/src/rp2_common/hardware_gpio/gpio.c.o
                0x100004e8                gpio_init
 .text.panic    0x10000530       0x30 CMakeFiles/squarewave.dir/home/grakoto/pico/pico-sdk/src/rp2_common/pico_platform_panic/panic.c.o
                0x10000530                panic
 .text.hw_claim_lock
                0x10000560       0x24 CMakeFiles/squarewave.dir/home/grakoto/pico/pico-sdk/src/common/hardware_claim/claim.c.o
                0x10000560                hw_claim_lock
 .text.hw_claim_unlock
                0x10000584       0x14 CMakeFiles/squarewave.dir/home/grakoto/pico/pico-sdk/src/common/hardware_claim/claim.c.o
                0x10000584                hw_claim_unlock
 .text.hw_claim_or_assert
                0x10000598       0x58 CMakeFiles/squarewave.dir/home/grakoto/pico/pico-sdk/src/common/hardware_claim/claim.c.o
                0x10000598                hw_claim_or_assert
 .text.hw_claim_unused_from_range
                0x100005f0       0x80 CMakeFiles/squarewave.dir/home/grakoto/pico/pico-sdk/src/common/hardware_claim/claim.c.o
                0x100005f0                hw_claim_unused_from_range
 .text.hw_claim_clear
                0x10000670       0x50 CMakeFiles/squarewave.dir/home/grakoto/pico/pico-sdk/src/common/hardware_claim/claim.c.o
                0x10000670                hw_claim_clear
 .text.next_striped_spin_lock_num
                0x100006c0       0x18 CMakeFiles/squarewave.dir/home/grakoto/pico/pico-sdk/src/rp2_common/hardware_sync/sync.c.o
                0x100006c0                next_striped_spin_lock_num
 .text.spin_lock_claim_unused
                0x100006d8       0x20 CMakeFiles/squarewave.dir/home/grakoto/pico/pico-sdk/src/rp2_common/hardware_sync/sync.c.o
                0x100006d8                spin_lock_claim_unused
 .text.spinlock_set_extexclall
                0x100006f8       0x10 CMakeFiles/squarewave.dir/home/grakoto/pico/pico-sdk/src/rp2_common/hardware_sync_spin_lock/sync_spin_lock.c.o
 .text.spin_locks_reset
                0x10000708       0x18 CMakeFiles/squarewave.dir/home/grakoto/pico/pico-sdk/src/rp2_common/hardware_sync_spin_lock/sync_spin_lock.c.o
                0x10000708                spin_locks_reset
 .text.runtime_init_per_core_irq_priorities
                0x10000720       0x40 CMakeFiles/squarewave.dir/home/grakoto/pico/pico-sdk/src/rp2_common/hardware_irq/irq.c.o
                0x10000720                runtime_init_per_core_irq_priorities
 .text.irq_set_enabled
                0x10000760       0x2c CMakeFiles/squarewave.dir/home/grakoto/pico/pico-sdk/src/rp2_common/hardware_irq/irq.c.o
                0x10000760                irq_set_enabled
 .text.irq_is_enabled
                0x1000078c       0x20 CMakeFiles/squarewave.dir/home/grakoto/pico/pico-sdk/src/rp2_common/hardware_irq/irq.c.o
                0x1000078c                irq_is_enabled
 .text.irq_set_pending
                0x100007ac       0x18 CMakeFiles/squarewave.dir/home/grakoto/pico/pico-sdk/src/rp2_common/hardware_irq/irq.c.o
                0x100007ac                irq_set_pending
 .text.irq_has_shared_handler
                0x100007c4       0x20 CMakeFiles/squarewave.dir/home/grakoto/pico/pico-sdk/src/rp2_common/hardware_irq/irq.c.o
                0x100007c4                irq_has_shared_handler
 .text.irq_set_exclusive_handler
                0x100007e4       0x60 CMakeFiles/squarewave.dir/home/grakoto/pico/pico-sdk/src/rp2_common/hardware_irq/irq.c.o
                0x100007e4                irq_set_exclusive_handler
 .text.irq_add_shared_handler
                0x10000844      0x1e8 CMakeFiles/squarewave.dir/home/grakoto/pico/pico-sdk/src/rp2_common/hardware_irq/irq.c.o
                0x10000844                irq_add_shared_handler
 .text.irq_add_tail_to_free_list
                0x10000a2c       0xbc CMakeFiles/squarewave.dir/home/grakoto/pico/pico-sdk/src/rp2_common/hardware_irq/irq.c.o
                0x10000a2c                irq_add_tail_to_free_list
 .text.user_irq_claim_unused
                0x10000ae8       0x28 CMakeFiles/squarewave.dir/home/grakoto/pico/pico-sdk/src/rp2_common/hardware_irq/irq.c.o
                0x10000ae8                user_irq_claim_unused
 .text.lock_init
                0x10000b10        0xc CMakeFiles/squarewave.dir/home/grakoto/pico/pico-sdk/src/common/pico_sync/lock_core.c.o
                0x10000b10                lock_init
 .text.runtime_init_mutex
                0x10000b1c       0x4c CMakeFiles/squarewave.dir/home/grakoto/pico/pico-sdk/src/common/pico_sync/mutex.c.o
                0x10000b1c                runtime_init_mutex
 .text.mutex_init
                0x10000b68       0x1c CMakeFiles/squarewave.dir/home/grakoto/pico/pico-sdk/src/common/pico_sync/mutex.c.o
                0x10000b68                mutex_init
 .text.critical_section_init
                0x10000b84       0x1c CMakeFiles/squarewave.dir/home/grakoto/pico/pico-sdk/src/common/pico_sync/critical_section.c.o
                0x10000b84                critical_section_init
 .text.critical_section_init_with_lock_num
                0x10000ba0       0x10 CMakeFiles/squarewave.dir/home/grakoto/pico/pico-sdk/src/common/pico_sync/critical_section.c.o
                0x10000ba0                critical_section_init_with_lock_num
 .text.sleep_until_callback
                0x10000bb0       0x3c CMakeFiles/squarewave.dir/home/grakoto/pico/pico-sdk/src/common/pico_time/time.c.o
 *fill*         0x10000bec        0x4 
 .text.alarm_pool_irq_handler
                0x10000bf0      0x2f0 CMakeFiles/squarewave.dir/home/grakoto/pico/pico-sdk/src/common/pico_time/time.c.o
 .text.runtime_init_default_alarm_pool
                0x10000ee0      0x100 CMakeFiles/squarewave.dir/home/grakoto/pico/pico-sdk/src/common/pico_time/time.c.o
                0x10000ee0                runtime_init_default_alarm_pool
 .text.alarm_pool_get_default
                0x10000fe0        0x8 CMakeFiles/squarewave.dir/home/grakoto/pico/pico-sdk/src/common/pico_time/time.c.o
                0x10000fe0                alarm_pool_get_default
 .text.alarm_pool_add_alarm_at
                0x10000fe8       0xdc CMakeFiles/squarewave.dir/home/grakoto/pico/pico-sdk/src/common/pico_time/time.c.o
                0x10000fe8                alarm_pool_add_alarm_at
 .text.alarm_pool_add_alarm_at_force_in_context
                0x100010c4       0xc8 CMakeFiles/squarewave.dir/home/grakoto/pico/pico-sdk/src/common/pico_time/time.c.o
                0x100010c4                alarm_pool_add_alarm_at_force_in_context
 .text.alarm_pool_cancel_alarm
                0x1000118c       0x80 CMakeFiles/squarewave.dir/home/grakoto/pico/pico-sdk/src/common/pico_time/time.c.o
                0x1000118c                alarm_pool_cancel_alarm
 .text.alarm_pool_core_num
                0x1000120c        0x4 CMakeFiles/squarewave.dir/home/grakoto/pico/pico-sdk/src/common/pico_time/time.c.o
                0x1000120c                alarm_pool_core_num
 .text.sleep_ms
                0x10001210       0xdc CMakeFiles/squarewave.dir/home/grakoto/pico/pico-sdk/src/common/pico_time/time.c.o
                0x10001210                sleep_ms
 .text.best_effort_wfe_or_timeout
                0x100012ec       0xd4 CMakeFiles/squarewave.dir/home/grakoto/pico/pico-sdk/src/common/pico_time/time.c.o
                0x100012ec                best_effort_wfe_or_timeout
 .text.timer_hardware_alarm_claim
                0x100013c0       0x24 CMakeFiles/squarewave.dir/home/grakoto/pico/pico-sdk/src/rp2_common/hardware_timer/timer.c.o
                0x100013c0                timer_hardware_alarm_claim
 .text.timer_time_us_64
                0x100013e4       0x10 CMakeFiles/squarewave.dir/home/grakoto/pico/pico-sdk/src/rp2_common/hardware_timer/timer.c.o
                0x100013e4                timer_time_us_64
 .text.time_us_64
                0x100013f4       0x14 CMakeFiles/squarewave.dir/home/grakoto/pico/pico-sdk/src/rp2_common/hardware_timer/timer.c.o
                0x100013f4                time_us_64
 .text.busy_wait_until
                0x10001408       0x24 CMakeFiles/squarewave.dir/home/grakoto/pico/pico-sdk/src/rp2_common/hardware_timer/timer.c.o
                0x10001408                busy_wait_until
 .text.clock_configure_undivided
                0x1000142c       0xd0 CMakeFiles/squarewave.dir/home/grakoto/pico/pico-sdk/src/rp2_common/hardware_clocks/clocks.c.o
                0x1000142c                clock_configure_undivided
 .text.clock_get_hz
                0x100014fc        0xc CMakeFiles/squarewave.dir/home/grakoto/pico/pico-sdk/src/rp2_common/hardware_clocks/clocks.c.o
                0x100014fc                clock_get_hz
 .text.pll_init
                0x10001508       0x8c CMakeFiles/squarewave.dir/home/grakoto/pico/pico-sdk/src/rp2_common/hardware_pll/pll.c.o
                0x10001508                pll_init
 .text.watchdog_reboot
                0x10001594       0x98 CMakeFiles/squarewave.dir/home/grakoto/pico/pico-sdk/src/rp2_common/hardware_watchdog/watchdog.c.o
                0x10001594                watchdog_reboot
 .text.tick_start
                0x1000162c       0x18 CMakeFiles/squarewave.dir/home/grakoto/pico/pico-sdk/src/rp2_common/hardware_ticks/ticks.c.o
                0x1000162c                tick_start
 .text.rom_reboot.constprop.0.isra.0
                0x10001644       0x34 CMakeFiles/squarewave.dir/home/grakoto/pico/pico-sdk/src/rp2_common/pico_bootrom/bootrom.c.o
 .text.rom_func_lookup
                0x10001678       0x18 CMakeFiles/squarewave.dir/home/grakoto/pico/pico-sdk/src/rp2_common/pico_bootrom/bootrom.c.o
                0x10001678                rom_func_lookup
 .text.rom_reset_usb_boot_extra
                0x10001690       0x1c CMakeFiles/squarewave.dir/home/grakoto/pico/pico-sdk/src/rp2_common/pico_bootrom/bootrom.c.o
                0x10001690                rom_reset_usb_boot_extra
 .text.runtime_init_bootrom_locking_enable
                0x100016ac       0x14 CMakeFiles/squarewave.dir/home/grakoto/pico/pico-sdk/src/rp2_common/pico_bootrom/bootrom_lock.c.o
                0x100016ac                runtime_init_bootrom_locking_enable
 .text.runtime_init_boot_locks_reset
                0x100016c0       0x1c CMakeFiles/squarewave.dir/home/grakoto/pico/pico-sdk/src/rp2_common/hardware_boot_lock/boot_lock.c.o
                0x100016c0                runtime_init_boot_locks_reset
 .text.xosc_init
                0x100016dc       0x30 CMakeFiles/squarewave.dir/home/grakoto/pico/pico-sdk/src/rp2_common/hardware_xosc/xosc.c.o
                0x100016dc                xosc_init
 .text.first_per_core_initializer
                0x1000170c        0x4 CMakeFiles/squarewave.dir/home/grakoto/pico/pico-sdk/src/rp2_common/pico_runtime/runtime.c.o
 .text.hard_assertion_failure
                0x10001710        0xc CMakeFiles/squarewave.dir/home/grakoto/pico/pico-sdk/src/rp2_common/pico_runtime/runtime.c.o
                0x10001710                hard_assertion_failure
 .text.runtime_run_initializers
                0x1000171c       0x20 CMakeFiles/squarewave.dir/home/grakoto/pico/pico-sdk/src/rp2_common/pico_runtime/runtime.c.o
                0x1000171c                runtime_run_initializers
 .text.runtime_init_early_resets
                0x1000173c       0x34 CMakeFiles/squarewave.dir/home/grakoto/pico/pico-sdk/src/rp2_common/pico_runtime_init/runtime_init.c.o
                0x1000173c                runtime_init_early_resets
 .text.runtime_init_usb_power_down
                0x10001770       0x1c CMakeFiles/squarewave.dir/home/grakoto/pico/pico-sdk/src/rp2_common/pico_runtime_init/runtime_init.c.o
                0x10001770                runtime_init_usb_power_down
 .text.runtime_init_per_core_enable_coprocessors
                0x1000178c       0x1c CMakeFiles/squarewave.dir/home/grakoto/pico/pico-sdk/src/rp2_common/pico_runtime_init/runtime_init.c.o
                0x1000178c                runtime_init_per_core_enable_coprocessors
 .text.runtime_init_post_clock_resets
                0x100017a8       0x20 CMakeFiles/squarewave.dir/home/grakoto/pico/pico-sdk/src/rp2_common/pico_runtime_init/runtime_init.c.o
                0x100017a8                runtime_init_post_clock_resets
 .text.runtime_init_bootrom_reset
                0x100017c8       0x14 CMakeFiles/squarewave.dir/home/grakoto/pico/pico-sdk/src/rp2_common/pico_runtime_init/runtime_init.c.o
                0x100017c8                runtime_init_bootrom_reset
 .text.runtime_init_per_core_bootrom_reset
                0x100017dc       0x14 CMakeFiles/squarewave.dir/home/grakoto/pico/pico-sdk/src/rp2_common/pico_runtime_init/runtime_init.c.o
                0x100017dc                runtime_init_per_core_bootrom_reset
 .text.runtime_init_spin_locks_reset
                0x100017f0        0x4 CMakeFiles/squarewave.dir/home/grakoto/pico/pico-sdk/src/rp2_common/pico_runtime_init/runtime_init.c.o
                0x100017f0                runtime_init_spin_locks_reset
 .text.runtime_init_install_ram_vector_table
                0x100017f4       0x20 CMakeFiles/squarewave.dir/home/grakoto/pico/pico-sdk/src/rp2_common/pico_runtime_init/runtime_init.c.o
                0x100017f4                runtime_init_install_ram_vector_table
 .text.runtime_init_clocks
                0x10001814       0xdc CMakeFiles/squarewave.dir/home/grakoto/pico/pico-sdk/src/rp2_common/pico_runtime_init/runtime_init_clocks.c.o
                0x10001814                runtime_init_clocks
 .text._out_char
                0x100018f0        0x8 CMakeFiles/squarewave.dir/home/grakoto/pico/pico-sdk/src/rp2_common/pico_printf/printf.c.o
 .text.weak_raw_vprintf
                0x100018f8       0x30 CMakeFiles/squarewave.dir/home/grakoto/pico/pico-sdk/src/rp2_common/pico_printf/printf.c.o
                0x100018f8                weak_raw_vprintf
 .text._exit    0x10001928        0x4 CMakeFiles/squarewave.dir/home/grakoto/pico/pico-sdk/src/rp2_common/pico_clib_interface/newlib_interface.c.o
                0x10001928                _exit
 .text.exit     0x1000192c        0x8 CMakeFiles/squarewave.dir/home/grakoto/pico/pico-sdk/src/rp2_common/pico_clib_interface/newlib_interface.c.o
                0x1000192c                exit
 .text.runtime_init
                0x10001934       0x24 CMakeFiles/squarewave.dir/home/grakoto/pico/pico-sdk/src/rp2_common/pico_clib_interface/newlib_interface.c.o
                0x10001934                runtime_init
 .text.stdio_out_chars_no_crlf
                0x10001958        0x8 CMakeFiles/squarewave.dir/home/grakoto/pico/pico-sdk/src/rp2_common/pico_stdio/stdio.c.o
 .text.stdio_out_chars_crlf
                0x10001960       0xb0 CMakeFiles/squarewave.dir/home/grakoto/pico/pico-sdk/src/rp2_common/pico_stdio/stdio.c.o
 .text.stdio_put_string
                0x10001a10       0xec CMakeFiles/squarewave.dir/home/grakoto/pico/pico-sdk/src/rp2_common/pico_stdio/stdio.c.o
                0x10001a10                stdio_put_string
 .text.stdio_set_driver_enabled
                0x10001afc       0x28 CMakeFiles/squarewave.dir/home/grakoto/pico/pico-sdk/src/rp2_common/pico_stdio/stdio.c.o
                0x10001afc                stdio_set_driver_enabled
 .text.stdio_init_all
                0x10001b24        0x4 CMakeFiles/squarewave.dir/home/grakoto/pico/pico-sdk/src/rp2_common/pico_stdio/stdio.c.o
                0x10001b24                stdio_init_all
 .text.__wrap_putchar
                0x10001b28       0x84 CMakeFiles/squarewave.dir/home/grakoto/pico/pico-sdk/src/rp2_common/pico_stdio/stdio.c.o
                0x10001b28                stdio_putchar
                0x10001b28                __wrap_putchar
 .text.__wrap_puts
                0x10001bac       0x3c CMakeFiles/squarewave.dir/home/grakoto/pico/pico-sdk/src/rp2_common/pico_stdio/stdio.c.o
                0x10001bac                __wrap_puts
                0x10001bac                stdio_puts
 .text.resetd_init
                0x10001be8        0x4 CMakeFiles/squarewave.dir/home/grakoto/pico/pico-sdk/src/rp2_common/pico_stdio_usb/reset_interface.c.o
 .text.resetd_reset
                0x10001bec        0xc CMakeFiles/squarewave.dir/home/grakoto/pico/pico-sdk/src/rp2_common/pico_stdio_usb/reset_interface.c.o
 .text.resetd_open
                0x10001bf8       0x28 CMakeFiles/squarewave.dir/home/grakoto/pico/pico-sdk/src/rp2_common/pico_stdio_usb/reset_interface.c.o
 .text.resetd_xfer_cb
                0x10001c20        0x4 CMakeFiles/squarewave.dir/home/grakoto/pico/pico-sdk/src/rp2_common/pico_stdio_usb/reset_interface.c.o
 .text.resetd_control_xfer_cb
                0x10001c24       0x50 CMakeFiles/squarewave.dir/home/grakoto/pico/pico-sdk/src/rp2_common/pico_stdio_usb/reset_interface.c.o
 .text.tud_descriptor_bos_cb
                0x10001c74        0x8 CMakeFiles/squarewave.dir/home/grakoto/pico/pico-sdk/src/rp2_common/pico_stdio_usb/reset_interface.c.o
                0x10001c74                tud_descriptor_bos_cb
 .text.tud_vendor_control_xfer_cb
                0x10001c7c       0x28 CMakeFiles/squarewave.dir/home/grakoto/pico/pico-sdk/src/rp2_common/pico_stdio_usb/reset_interface.c.o
                0x10001c7c                tud_vendor_control_xfer_cb
 .text.usbd_app_driver_get_cb
                0x10001ca4       0x10 CMakeFiles/squarewave.dir/home/grakoto/pico/pico-sdk/src/rp2_common/pico_stdio_usb/reset_interface.c.o
                0x10001ca4                usbd_app_driver_get_cb
 .text.tud_cdc_line_coding_cb
                0x10001cb4       0x18 CMakeFiles/squarewave.dir/home/grakoto/pico/pico-sdk/src/rp2_common/pico_stdio_usb/reset_interface.c.o
                0x10001cb4                tud_cdc_line_coding_cb
 .text.stdio_usb_set_chars_available_callback
                0x10001ccc       0x14 CMakeFiles/squarewave.dir/home/grakoto/pico/pico-sdk/src/rp2_common/pico_stdio_usb/stdio_usb.c.o
                0x10001ccc                stdio_usb_set_chars_available_callback
 .text.timer_task
                0x10001ce0       0x70 CMakeFiles/squarewave.dir/home/grakoto/pico/pico-sdk/src/rp2_common/pico_stdio_usb/stdio_usb.c.o
 .text.usb_irq  0x10001d50        0xc CMakeFiles/squarewave.dir/home/grakoto/pico/pico-sdk/src/rp2_common/pico_stdio_usb/stdio_usb.c.o
 .text.stdio_usb_in_chars
                0x10001d5c       0x88 CMakeFiles/squarewave.dir/home/grakoto/pico/pico-sdk/src/rp2_common/pico_stdio_usb/stdio_usb.c.o
                0x10001d5c                stdio_usb_in_chars
 .text.stdio_usb_out_flush
                0x10001de4       0x54 CMakeFiles/squarewave.dir/home/grakoto/pico/pico-sdk/src/rp2_common/pico_stdio_usb/stdio_usb.c.o
 .text.stdio_usb_out_chars
                0x10001e38       0xf4 CMakeFiles/squarewave.dir/home/grakoto/pico/pico-sdk/src/rp2_common/pico_stdio_usb/stdio_usb.c.o
 .text.low_priority_worker_irq
                0x10001f2c       0xd8 CMakeFiles/squarewave.dir/home/grakoto/pico/pico-sdk/src/rp2_common/pico_stdio_usb/stdio_usb.c.o
 .text.stdio_usb_init
                0x10002004       0xe8 CMakeFiles/squarewave.dir/home/grakoto/pico/pico-sdk/src/rp2_common/pico_stdio_usb/stdio_usb.c.o
                0x10002004                stdio_usb_init
 .text.tud_descriptor_device_cb
                0x100020ec        0x8 CMakeFiles/squarewave.dir/home/grakoto/pico/pico-sdk/src/rp2_common/pico_stdio_usb/stdio_usb_descriptors.c.o
                0x100020ec                tud_descriptor_device_cb
 .text.tud_descriptor_configuration_cb
                0x100020f4        0x8 CMakeFiles/squarewave.dir/home/grakoto/pico/pico-sdk/src/rp2_common/pico_stdio_usb/stdio_usb_descriptors.c.o
                0x100020f4                tud_descriptor_configuration_cb
 .text.tud_descriptor_string_cb
                0x100020fc       0x70 CMakeFiles/squarewave.dir/home/grakoto/pico/pico-sdk/src/rp2_common/pico_stdio_usb/stdio_usb_descriptors.c.o
                0x100020fc                tud_descriptor_string_cb
 .text.startup._retrieve_unique_id_on_boot
                0x1000216c       0x30 CMakeFiles/squarewave.dir/home/grakoto/pico/pico-sdk/src/rp2_common/pico_unique_id/unique_id.c.o
 .text.pico_get_unique_board_id_string
                0x1000219c      0x184 CMakeFiles/squarewave.dir/home/grakoto/pico/pico-sdk/src/rp2_common/pico_unique_id/unique_id.c.o
                0x1000219c                pico_get_unique_board_id_string
 .text.dcd_init
                0x10002320       0x8c CMakeFiles/squarewave.dir/home/grakoto/pico/pico-sdk/lib/tinyusb/src/portable/raspberrypi/rp2040/dcd_rp2040.c.o
                0x10002320                dcd_init
 .text.dcd_int_enable
                0x100023ac        0x8 CMakeFiles/squarewave.dir/home/grakoto/pico/pico-sdk/lib/tinyusb/src/portable/raspberrypi/rp2040/dcd_rp2040.c.o
                0x100023ac                dcd_int_enable
 .text.dcd_set_address
                0x100023b4       0x10 CMakeFiles/squarewave.dir/home/grakoto/pico/pico-sdk/lib/tinyusb/src/portable/raspberrypi/rp2040/dcd_rp2040.c.o
                0x100023b4                dcd_set_address
 .text.dcd_sof_enable
                0x100023c4       0x1c CMakeFiles/squarewave.dir/home/grakoto/pico/pico-sdk/lib/tinyusb/src/portable/raspberrypi/rp2040/dcd_rp2040.c.o
                0x100023c4                dcd_sof_enable
 .text.dcd_edpt0_status_complete
                0x100023e0       0x1c CMakeFiles/squarewave.dir/home/grakoto/pico/pico-sdk/lib/tinyusb/src/portable/raspberrypi/rp2040/dcd_rp2040.c.o
                0x100023e0                dcd_edpt0_status_complete
 .text.dcd_edpt_open
                0x100023fc      0x104 CMakeFiles/squarewave.dir/home/grakoto/pico/pico-sdk/lib/tinyusb/src/portable/raspberrypi/rp2040/dcd_rp2040.c.o
                0x100023fc                dcd_edpt_open
 .text.dcd_edpt_close_all
                0x10002500        0x4 CMakeFiles/squarewave.dir/home/grakoto/pico/pico-sdk/lib/tinyusb/src/portable/raspberrypi/rp2040/dcd_rp2040.c.o
                0x10002500                dcd_edpt_close_all
 .text.dcd_edpt_xfer
                0x10002504       0x28 CMakeFiles/squarewave.dir/home/grakoto/pico/pico-sdk/lib/tinyusb/src/portable/raspberrypi/rp2040/dcd_rp2040.c.o
                0x10002504                dcd_edpt_xfer
 .text.dcd_edpt_stall
                0x1000252c       0x30 CMakeFiles/squarewave.dir/home/grakoto/pico/pico-sdk/lib/tinyusb/src/portable/raspberrypi/rp2040/dcd_rp2040.c.o
                0x1000252c                dcd_edpt_stall
 .text.dcd_edpt_clear_stall
                0x1000255c       0x24 CMakeFiles/squarewave.dir/home/grakoto/pico/pico-sdk/lib/tinyusb/src/portable/raspberrypi/rp2040/dcd_rp2040.c.o
                0x1000255c                dcd_edpt_clear_stall
 .text.rp2040_usb_init
                0x10002580       0x40 CMakeFiles/squarewave.dir/home/grakoto/pico/pico-sdk/lib/tinyusb/src/portable/raspberrypi/rp2040/rp2040_usb.c.o
                0x10002580                rp2040_usb_init
 .text.hw_endpoint_xfer_start
                0x100025c0       0x40 CMakeFiles/squarewave.dir/home/grakoto/pico/pico-sdk/lib/tinyusb/src/portable/raspberrypi/rp2040/rp2040_usb.c.o
                0x100025c0                hw_endpoint_xfer_start
 .text.configuration_reset
                0x10002600       0x8c CMakeFiles/squarewave.dir/home/grakoto/pico/pico-sdk/lib/tinyusb/src/device/usbd.c.o
 .text.tud_event_hook_cb
                0x1000268c        0x4 CMakeFiles/squarewave.dir/home/grakoto/pico/pico-sdk/lib/tinyusb/src/device/usbd.c.o
                0x1000268c                tud_event_hook_cb
 .text.tud_sof_cb
                0x10002690        0x4 CMakeFiles/squarewave.dir/home/grakoto/pico/pico-sdk/lib/tinyusb/src/device/usbd.c.o
                0x10002690                tud_sof_cb
 .text.tud_descriptor_device_qualifier_cb
                0x10002694        0x4 CMakeFiles/squarewave.dir/home/grakoto/pico/pico-sdk/lib/tinyusb/src/device/usbd.c.o
                0x10002694                tud_descriptor_device_qualifier_cb
 .text.tud_descriptor_other_speed_configuration_cb
                0x10002698        0x4 CMakeFiles/squarewave.dir/home/grakoto/pico/pico-sdk/lib/tinyusb/src/device/usbd.c.o
                0x10002698                tud_descriptor_other_speed_configuration_cb
 .text.tud_mount_cb
                0x1000269c        0x4 CMakeFiles/squarewave.dir/home/grakoto/pico/pico-sdk/lib/tinyusb/src/device/usbd.c.o
                0x1000269c                tud_mount_cb
 .text.tud_umount_cb
                0x100026a0        0x4 CMakeFiles/squarewave.dir/home/grakoto/pico/pico-sdk/lib/tinyusb/src/device/usbd.c.o
                0x100026a0                tud_umount_cb
 .text.tud_suspend_cb
                0x100026a4        0x4 CMakeFiles/squarewave.dir/home/grakoto/pico/pico-sdk/lib/tinyusb/src/device/usbd.c.o
                0x100026a4                tud_suspend_cb
 .text.tud_resume_cb
                0x100026a8        0x4 CMakeFiles/squarewave.dir/home/grakoto/pico/pico-sdk/lib/tinyusb/src/device/usbd.c.o
                0x100026a8                tud_resume_cb
 .text.tud_mounted
                0x100026ac       0x10 CMakeFiles/squarewave.dir/home/grakoto/pico/pico-sdk/lib/tinyusb/src/device/usbd.c.o
                0x100026ac                tud_mounted
 .text.tud_suspended
                0x100026bc       0x10 CMakeFiles/squarewave.dir/home/grakoto/pico/pico-sdk/lib/tinyusb/src/device/usbd.c.o
                0x100026bc                tud_suspended
 .text.tud_rhport_init
                0x100026cc       0xf4 CMakeFiles/squarewave.dir/home/grakoto/pico/pico-sdk/lib/tinyusb/src/device/usbd.c.o
                0x100026cc                tud_rhport_init
 .text.tud_task_ext
                0x100027c0      0x784 CMakeFiles/squarewave.dir/home/grakoto/pico/pico-sdk/lib/tinyusb/src/device/usbd.c.o
                0x100027c0                tud_task_ext
 .text.usbd_open_edpt_pair
                0x10002f44       0x9c CMakeFiles/squarewave.dir/home/grakoto/pico/pico-sdk/lib/tinyusb/src/device/usbd.c.o
                0x10002f44                usbd_open_edpt_pair
 .text.usbd_edpt_open
                0x10002fe0       0x44 CMakeFiles/squarewave.dir/home/grakoto/pico/pico-sdk/lib/tinyusb/src/device/usbd.c.o
                0x10002fe0                usbd_edpt_open
 .text.usbd_edpt_claim
                0x10003024       0x24 CMakeFiles/squarewave.dir/home/grakoto/pico/pico-sdk/lib/tinyusb/src/device/usbd.c.o
                0x10003024                usbd_edpt_claim
 .text.usbd_edpt_release
                0x10003048       0x24 CMakeFiles/squarewave.dir/home/grakoto/pico/pico-sdk/lib/tinyusb/src/device/usbd.c.o
                0x10003048                usbd_edpt_release
 .text.usbd_edpt_xfer
                0x1000306c       0x70 CMakeFiles/squarewave.dir/home/grakoto/pico/pico-sdk/lib/tinyusb/src/device/usbd.c.o
                0x1000306c                usbd_edpt_xfer
 .text.tud_control_status
                0x100030dc       0x34 CMakeFiles/squarewave.dir/home/grakoto/pico/pico-sdk/lib/tinyusb/src/device/usbd_control.c.o
                0x100030dc                tud_control_status
 .text.tud_control_xfer
                0x10003110       0xb0 CMakeFiles/squarewave.dir/home/grakoto/pico/pico-sdk/lib/tinyusb/src/device/usbd_control.c.o
                0x10003110                tud_control_xfer
 .text.usbd_control_reset
                0x100031c0       0x14 CMakeFiles/squarewave.dir/home/grakoto/pico/pico-sdk/lib/tinyusb/src/device/usbd_control.c.o
                0x100031c0                usbd_control_reset
 .text.usbd_control_set_complete_callback
                0x100031d4        0xc CMakeFiles/squarewave.dir/home/grakoto/pico/pico-sdk/lib/tinyusb/src/device/usbd_control.c.o
                0x100031d4                usbd_control_set_complete_callback
 .text.usbd_control_set_request
                0x100031e0       0x1c CMakeFiles/squarewave.dir/home/grakoto/pico/pico-sdk/lib/tinyusb/src/device/usbd_control.c.o
                0x100031e0                usbd_control_set_request
 .text.usbd_control_xfer_cb
                0x100031fc      0x100 CMakeFiles/squarewave.dir/home/grakoto/pico/pico-sdk/lib/tinyusb/src/device/usbd_control.c.o
                0x100031fc                usbd_control_xfer_cb
 .text._prep_out_transaction.isra.0
                0x100032fc       0x74 CMakeFiles/squarewave.dir/home/grakoto/pico/pico-sdk/lib/tinyusb/src/class/cdc/cdc_device.c.o
 .text.tud_cdc_n_connected
                0x10003370       0x2c CMakeFiles/squarewave.dir/home/grakoto/pico/pico-sdk/lib/tinyusb/src/class/cdc/cdc_device.c.o
                0x10003370                tud_cdc_n_connected
 .text.tud_cdc_n_available
                0x1000339c       0x14 CMakeFiles/squarewave.dir/home/grakoto/pico/pico-sdk/lib/tinyusb/src/class/cdc/cdc_device.c.o
                0x1000339c                tud_cdc_n_available
 .text.tud_cdc_n_read
                0x100033b0       0x90 CMakeFiles/squarewave.dir/home/grakoto/pico/pico-sdk/lib/tinyusb/src/class/cdc/cdc_device.c.o
                0x100033b0                tud_cdc_n_read
 .text.tud_cdc_n_write_flush
                0x10003440       0x8c CMakeFiles/squarewave.dir/home/grakoto/pico/pico-sdk/lib/tinyusb/src/class/cdc/cdc_device.c.o
                0x10003440                tud_cdc_n_write_flush
 .text.tud_cdc_n_write
                0x100034cc       0x40 CMakeFiles/squarewave.dir/home/grakoto/pico/pico-sdk/lib/tinyusb/src/class/cdc/cdc_device.c.o
                0x100034cc                tud_cdc_n_write
 .text.tud_cdc_n_write_available
                0x1000350c       0x14 CMakeFiles/squarewave.dir/home/grakoto/pico/pico-sdk/lib/tinyusb/src/class/cdc/cdc_device.c.o
                0x1000350c                tud_cdc_n_write_available
 .text.cdcd_init
                0x10003520       0x70 CMakeFiles/squarewave.dir/home/grakoto/pico/pico-sdk/lib/tinyusb/src/class/cdc/cdc_device.c.o
                0x10003520                cdcd_init
 .text.cdcd_deinit
                0x10003590       0x30 CMakeFiles/squarewave.dir/home/grakoto/pico/pico-sdk/lib/tinyusb/src/class/cdc/cdc_device.c.o
                0x10003590                cdcd_deinit
 .text.cdcd_reset
                0x100035c0       0x4c CMakeFiles/squarewave.dir/home/grakoto/pico/pico-sdk/lib/tinyusb/src/class/cdc/cdc_device.c.o
                0x100035c0                cdcd_reset
 .text.cdcd_open
                0x1000360c       0xc0 CMakeFiles/squarewave.dir/home/grakoto/pico/pico-sdk/lib/tinyusb/src/class/cdc/cdc_device.c.o
                0x1000360c                cdcd_open
 .text.cdcd_control_xfer_cb
                0x100036cc       0xc0 CMakeFiles/squarewave.dir/home/grakoto/pico/pico-sdk/lib/tinyusb/src/class/cdc/cdc_device.c.o
                0x100036cc                cdcd_control_xfer_cb
 .text.cdcd_xfer_cb
                0x1000378c       0xf8 CMakeFiles/squarewave.dir/home/grakoto/pico/pico-sdk/lib/tinyusb/src/class/cdc/cdc_device.c.o
                0x1000378c                cdcd_xfer_cb
 .text.vendord_init
                0x10003884       0x5c CMakeFiles/squarewave.dir/home/grakoto/pico/pico-sdk/lib/tinyusb/src/class/vendor/vendor_device.c.o
                0x10003884                vendord_init
 .text.vendord_deinit
                0x100038e0       0x1c CMakeFiles/squarewave.dir/home/grakoto/pico/pico-sdk/lib/tinyusb/src/class/vendor/vendor_device.c.o
                0x100038e0                vendord_deinit
 .text.vendord_reset
                0x100038fc       0x24 CMakeFiles/squarewave.dir/home/grakoto/pico/pico-sdk/lib/tinyusb/src/class/vendor/vendor_device.c.o
                0x100038fc                vendord_reset
 .text.vendord_open
                0x10003920       0xf4 CMakeFiles/squarewave.dir/home/grakoto/pico/pico-sdk/lib/tinyusb/src/class/vendor/vendor_device.c.o
                0x10003920                vendord_open
 .text.vendord_xfer_cb
                0x10003a14       0x88 CMakeFiles/squarewave.dir/home/grakoto/pico/pico-sdk/lib/tinyusb/src/class/vendor/vendor_device.c.o
                0x10003a14                vendord_xfer_cb
 .text.tusb_rhport_init
                0x10003a9c       0x64 CMakeFiles/squarewave.dir/home/grakoto/pico/pico-sdk/lib/tinyusb/src/tusb.c.o
                0x10003a9c                tusb_rhport_init
 .text.tu_edpt_claim
                0x10003b00       0x54 CMakeFiles/squarewave.dir/home/grakoto/pico/pico-sdk/lib/tinyusb/src/tusb.c.o
                0x10003b00                tu_edpt_claim
 .text.tu_edpt_release
                0x10003b54       0x38 CMakeFiles/squarewave.dir/home/grakoto/pico/pico-sdk/lib/tinyusb/src/tusb.c.o
                0x10003b54                tu_edpt_release
 .text.tu_edpt_validate
                0x10003b8c       0x60 CMakeFiles/squarewave.dir/home/grakoto/pico/pico-sdk/lib/tinyusb/src/tusb.c.o
                0x10003b8c                tu_edpt_validate
 .text.tu_edpt_bind_driver
                0x10003bec       0x58 CMakeFiles/squarewave.dir/home/grakoto/pico/pico-sdk/lib/tinyusb/src/tusb.c.o
                0x10003bec                tu_edpt_bind_driver
 .text.tu_edpt_stream_init
                0x10003c44       0x58 CMakeFiles/squarewave.dir/home/grakoto/pico/pico-sdk/lib/tinyusb/src/tusb.c.o
                0x10003c44                tu_edpt_stream_init
 .text.tu_edpt_stream_deinit
                0x10003c9c        0x4 CMakeFiles/squarewave.dir/home/grakoto/pico/pico-sdk/lib/tinyusb/src/tusb.c.o
                0x10003c9c                tu_edpt_stream_deinit
 .text.tu_edpt_stream_write_zlp_if_needed
                0x10003ca0       0x68 CMakeFiles/squarewave.dir/home/grakoto/pico/pico-sdk/lib/tinyusb/src/tusb.c.o
                0x10003ca0                tu_edpt_stream_write_zlp_if_needed
 .text.tu_edpt_stream_write_xfer
                0x10003d08       0x70 CMakeFiles/squarewave.dir/home/grakoto/pico/pico-sdk/lib/tinyusb/src/tusb.c.o
                0x10003d08                tu_edpt_stream_write_xfer
 .text.tu_edpt_stream_read_xfer
                0x10003d78       0xc8 CMakeFiles/squarewave.dir/home/grakoto/pico/pico-sdk/lib/tinyusb/src/tusb.c.o
                0x10003d78                tu_edpt_stream_read_xfer
 .text.tu_fifo_config
                0x10003e40       0x60 CMakeFiles/squarewave.dir/home/grakoto/pico/pico-sdk/lib/tinyusb/src/common/tusb_fifo.c.o
                0x10003e40                tu_fifo_config
 .text.tu_fifo_count
                0x10003ea0       0x20 CMakeFiles/squarewave.dir/home/grakoto/pico/pico-sdk/lib/tinyusb/src/common/tusb_fifo.c.o
                0x10003ea0                tu_fifo_count
 .text.tu_fifo_empty
                0x10003ec0       0x14 CMakeFiles/squarewave.dir/home/grakoto/pico/pico-sdk/lib/tinyusb/src/common/tusb_fifo.c.o
                0x10003ec0                tu_fifo_empty
 .text.tu_fifo_remaining
                0x10003ed4       0x24 CMakeFiles/squarewave.dir/home/grakoto/pico/pico-sdk/lib/tinyusb/src/common/tusb_fifo.c.o
                0x10003ed4                tu_fifo_remaining
 .text.tu_fifo_read
                0x10003ef8       0x94 CMakeFiles/squarewave.dir/home/grakoto/pico/pico-sdk/lib/tinyusb/src/common/tusb_fifo.c.o
                0x10003ef8                tu_fifo_read
 .text.tu_fifo_read_n
                0x10003f8c       0xd8 CMakeFiles/squarewave.dir/home/grakoto/pico/pico-sdk/lib/tinyusb/src/common/tusb_fifo.c.o
                0x10003f8c                tu_fifo_read_n
 .text.tu_fifo_write
                0x10004064       0xa4 CMakeFiles/squarewave.dir/home/grakoto/pico/pico-sdk/lib/tinyusb/src/common/tusb_fifo.c.o
                0x10004064                tu_fifo_write
 .text.tu_fifo_write_n
                0x10004108      0x15c CMakeFiles/squarewave.dir/home/grakoto/pico/pico-sdk/lib/tinyusb/src/common/tusb_fifo.c.o
                0x10004108                tu_fifo_write_n
 .text.tu_fifo_clear
                0x10004264       0x38 CMakeFiles/squarewave.dir/home/grakoto/pico/pico-sdk/lib/tinyusb/src/common/tusb_fifo.c.o
                0x10004264                tu_fifo_clear
 .text.tu_fifo_set_overwritable
                0x1000429c       0x3c CMakeFiles/squarewave.dir/home/grakoto/pico/pico-sdk/lib/tinyusb/src/common/tusb_fifo.c.o
                0x1000429c                tu_fifo_set_overwritable
 .text.pio_sm_set_consecutive_pindirs
                0x100042d8       0x8c CMakeFiles/squarewave.dir/home/grakoto/pico/pico-sdk/src/rp2_common/hardware_pio/pio.c.o
                0x100042d8                pio_sm_set_consecutive_pindirs
 .text.pio_sm_init
                0x10004364       0xa8 CMakeFiles/squarewave.dir/home/grakoto/pico/pico-sdk/src/rp2_common/hardware_pio/pio.c.o
                0x10004364                pio_sm_init
 .text.pio_claim_free_sm_and_add_program_for_gpio_range
                0x1000440c      0x170 CMakeFiles/squarewave.dir/home/grakoto/pico/pico-sdk/src/rp2_common/hardware_pio/pio.c.o
                0x1000440c                pio_claim_free_sm_and_add_program_for_gpio_range
 .text.pio_claim_free_sm_and_add_program
                0x1000457c       0x14 CMakeFiles/squarewave.dir/home/grakoto/pico/pico-sdk/src/rp2_common/hardware_pio/pio.c.o
                0x1000457c                pio_claim_free_sm_and_add_program
 .text.pio_remove_program_and_unclaim_sm
                0x10004590       0x4c CMakeFiles/squarewave.dir/home/grakoto/pico/pico-sdk/src/rp2_common/hardware_pio/pio.c.o
                0x10004590                pio_remove_program_and_unclaim_sm
 .text.memset   0x100045dc       0x9c /home/grakoto/.pico-sdk/toolchain/14_2_Rel1/bin/../lib/gcc/arm-none-eabi/14.2.1/../../../../arm-none-eabi/lib/thumb/v8-m.main+fp/softfp/libg.a(libc_a-memset.o)
                0x100045dc                memset
 .text          0x10004678       0xec /home/grakoto/.pico-sdk/toolchain/14_2_Rel1/bin/../lib/gcc/arm-none-eabi/14.2.1/../../../../arm-none-eabi/lib/thumb/v8-m.main+fp/softfp/libg.a(libc_a-memcpy.o)
                0x10004678                memcpy
 .text.strlen   0x10004764       0x5c /home/grakoto/.pico-sdk/toolchain/14_2_Rel1/bin/../lib/gcc/arm-none-eabi/14.2.1/../../../../arm-none-eabi/lib/thumb/v8-m.main+fp/softfp/libg.a(libc_a-strlen-stub.o)
                0x10004764                strlen
 *(.fini)
 .fini          0x100047c0        0x4 /home/grakoto/.pico-sdk/toolchain/14_2_Rel1/bin/../lib/gcc/arm-none-eabi/14.2.1/thumb/v8-m.main+fp/softfp/crti.o
                0x100047c0                _fini
 *fill*         0x100047c4        0x4 
 .fini.__stub   0x100047c8       0x48 linker stubs
 *crtbegin.o(.ctors)
 *crtbegin?.o(.ctors)
 *(EXCLUDE_FILE(*crtend.o *crtend?.o) .ctors)
 *(SORT_BY_NAME(.ctors.*))
 *(.ctors)
 *crtbegin.o(.dtors)
 *crtbegin?.o(.dtors)
 *(EXCLUDE_FILE(*crtend.o *crtend?.o) .dtors)
 *(SORT_BY_NAME(.dtors.*))
 *(.dtors)
                0x10004810                        . = ALIGN (0x4)
                0x10004810                        PROVIDE (__preinit_array_start = .)
 *(SORT_BY_NAME(.preinit_array.*))
 .preinit_array.00050
                0x10004810        0x4 CMakeFiles/squarewave.dir/home/grakoto/pico/pico-sdk/src/rp2_common/pico_runtime_init/runtime_init.c.o
                0x10004810                __pre_init_runtime_init_bootrom_reset
 .preinit_array.00100
                0x10004814        0x4 CMakeFiles/squarewave.dir/home/grakoto/pico/pico-sdk/src/rp2_common/pico_runtime_init/runtime_init.c.o
                0x10004814                __pre_init_runtime_init_early_resets
 .preinit_array.00101
                0x10004818        0x4 CMakeFiles/squarewave.dir/home/grakoto/pico/pico-sdk/src/rp2_common/pico_runtime_init/runtime_init.c.o
                0x10004818                __pre_init_runtime_init_usb_power_down
 .preinit_array.00500
                0x1000481c        0x4 CMakeFiles/squarewave.dir/home/grakoto/pico/pico-sdk/src/rp2_common/pico_runtime_init/runtime_init.c.o
                0x1000481c                __pre_init_runtime_init_clocks
 .preinit_array.00600
                0x10004820        0x4 CMakeFiles/squarewave.dir/home/grakoto/pico/pico-sdk/src/rp2_common/pico_runtime_init/runtime_init.c.o
                0x10004820                __pre_init_runtime_init_post_clock_resets
 .preinit_array.01000
                0x10004824        0x4 CMakeFiles/squarewave.dir/home/grakoto/pico/pico-sdk/src/rp2_common/hardware_boot_lock/boot_lock.c.o
                0x10004824                __pre_init_runtime_init_boot_locks_reset
 .preinit_array.01000
                0x10004828        0x4 CMakeFiles/squarewave.dir/home/grakoto/pico/pico-sdk/src/rp2_common/pico_runtime_init/runtime_init.c.o
                0x10004828                __pre_init_runtime_init_spin_locks_reset
 .preinit_array.01010
                0x1000482c        0x4 CMakeFiles/squarewave.dir/home/grakoto/pico/pico-sdk/src/rp2_common/pico_bootrom/bootrom_lock.c.o
                0x1000482c                __pre_init_runtime_init_bootrom_locking_enable
 .preinit_array.01100
                0x10004830        0x4 CMakeFiles/squarewave.dir/home/grakoto/pico/pico-sdk/src/common/pico_sync/mutex.c.o
                0x10004830                __pre_init_runtime_init_mutex
 .preinit_array.10080
                0x10004834        0x4 CMakeFiles/squarewave.dir/home/grakoto/pico/pico-sdk/src/rp2_common/pico_runtime_init/runtime_init.c.o
                0x10004834                __pre_init_runtime_init_install_ram_vector_table
 .preinit_array.11000
                0x10004838        0x4 CMakeFiles/squarewave.dir/home/grakoto/pico/pico-sdk/src/common/pico_time/time.c.o
                0x10004838                __pre_init_runtime_init_default_alarm_pool
 .preinit_array.YYYYY
                0x1000483c        0x4 CMakeFiles/squarewave.dir/home/grakoto/pico/pico-sdk/src/rp2_common/pico_runtime/runtime.c.o
                0x1000483c                __pre_init_first_per_core_initializer
 .preinit_array.ZZZZZ.00051
                0x10004840        0x4 CMakeFiles/squarewave.dir/home/grakoto/pico/pico-sdk/src/rp2_common/pico_runtime_init/runtime_init.c.o
                0x10004840                __pre_init_runtime_init_per_core_bootrom_reset
 .preinit_array.ZZZZZ.00200
                0x10004844        0x4 CMakeFiles/squarewave.dir/home/grakoto/pico/pico-sdk/src/rp2_common/pico_runtime_init/runtime_init.c.o
                0x10004844                __pre_init_runtime_init_per_core_enable_coprocessors
 .preinit_array.ZZZZZ.01000
                0x10004848        0x4 CMakeFiles/squarewave.dir/home/grakoto/pico/pico-sdk/src/rp2_common/hardware_sync_spin_lock/sync_spin_lock.c.o
                0x10004848                __pre_init_spinlock_set_extexclall
 .preinit_array.ZZZZZ.01200
                0x1000484c        0x4 CMakeFiles/squarewave.dir/home/grakoto/pico/pico-sdk/src/rp2_common/hardware_irq/irq.c.o
                0x1000484c                __pre_init_runtime_init_per_core_irq_priorities
 *(.preinit_array)
                0x10004850                        PROVIDE (__preinit_array_end = .)
                0x10004850                        . = ALIGN (0x4)
                0x10004850                        PROVIDE (__init_array_start = .)
 *(SORT_BY_NAME(.init_array.*))
 *(.init_array)
 .init_array    0x10004850        0x4 /home/grakoto/.pico-sdk/toolchain/14_2_Rel1/bin/../lib/gcc/arm-none-eabi/14.2.1/thumb/v8-m.main+fp/softfp/crtbegin.o
 .init_array    0x10004854        0x4 CMakeFiles/squarewave.dir/home/grakoto/pico/pico-sdk/src/rp2_common/pico_unique_id/unique_id.c.o
                0x10004858                        PROVIDE (__init_array_end = .)
                0x10004858                        . = ALIGN (0x4)
                [!provide]                        PROVIDE (__fini_array_start = .)
 *(SORT_BY_NAME(.fini_array.*))
 *(.fini_array)
                [!provide]                        PROVIDE (__fini_array_end = .)
 *(.eh_frame*)
 .eh_frame      0x10004858        0x0 /home/grakoto/.pico-sdk/toolchain/14_2_Rel1/bin/../lib/gcc/arm-none-eabi/14.2.1/thumb/v8-m.main+fp/softfp/crtbegin.o
                0x10004858                        . = ALIGN (0x4)

.glue_7         0x10004858        0x0
 .glue_7        0x10004858        0x0 linker stubs

.glue_7t        0x10004858        0x0
 .glue_7t       0x10004858        0x0 linker stubs

.vfp11_veneer   0x10004858        0x0
 .vfp11_veneer  0x10004858        0x0 linker stubs

.v4_bx          0x10004858        0x0
 .v4_bx         0x10004858        0x0 linker stubs

.iplt           0x10004858        0x0
 .iplt          0x10004858        0x0 /home/grakoto/.pico-sdk/toolchain/14_2_Rel1/bin/../lib/gcc/arm-none-eabi/14.2.1/thumb/v8-m.main+fp/softfp/crtbegin.o

.boot2          0x10004858        0x0
                0x10004858                        __boot2_start__ = .
 *(.boot2)
                0x10004858                        __boot2_end__ = .
                0x00000001                        ASSERT (((__boot2_end__ - __boot2_start__) <= 0x100), ERROR: Pico second stage bootloader must be no more than 256 bytes in size)

.rodata         0x10004858      0x3ec
 *(EXCLUDE_FILE(*libm.a: *libc.a:*lib_a-mem*.o *libgcc.a:) .rodata*)
 .rodata.main.str1.4
                0x10004858      0x1c0 CMakeFiles/squarewave.dir/squarewave.c.o
                                 0x44 (size before relaxing)
 .rodata.squarewave_program
                0x10004a18        0x8 CMakeFiles/squarewave.dir/squarewave.c.o
 .rodata.squarewave_program_instructions
                0x10004a20       0x12 CMakeFiles/squarewave.dir/squarewave.c.o
 .rodata.panic.str1.4
                0x10004a32       0x12 CMakeFiles/squarewave.dir/home/grakoto/pico/pico-sdk/src/rp2_common/pico_platform_panic/panic.c.o
 .rodata.spin_lock_claim_unused.str1.4
                0x10004a32       0x1b CMakeFiles/squarewave.dir/home/grakoto/pico/pico-sdk/src/rp2_common/hardware_sync/sync.c.o
 .rodata.user_irq_claim_unused.str1.4
                0x10004a32       0x1b CMakeFiles/squarewave.dir/home/grakoto/pico/pico-sdk/src/rp2_common/hardware_irq/irq.c.o
 .rodata.timer_hardware_alarm_claim.str1.4
                0x10004a32       0x22 CMakeFiles/squarewave.dir/home/grakoto/pico/pico-sdk/src/rp2_common/hardware_timer/timer.c.o
 .rodata.hard_assertion_failure.str1.4
                0x10004a32        0xc CMakeFiles/squarewave.dir/home/grakoto/pico/pico-sdk/src/rp2_common/pico_runtime/runtime.c.o
 .rodata.str1.4
                0x10004a32       0x40 CMakeFiles/squarewave.dir/home/grakoto/pico/pico-sdk/src/rp2_common/pico_standard_binary_info/standard_binary_info.c.o
 *fill*         0x10004a32        0x2 
 .rodata.__bi_84
                0x10004a34        0xc CMakeFiles/squarewave.dir/home/grakoto/pico/pico-sdk/src/rp2_common/pico_standard_binary_info/standard_binary_info.c.o
 .rodata.__bi_78
                0x10004a40        0xc CMakeFiles/squarewave.dir/home/grakoto/pico/pico-sdk/src/rp2_common/pico_standard_binary_info/standard_binary_info.c.o
 .rodata.__bi_54
                0x10004a4c        0xc CMakeFiles/squarewave.dir/home/grakoto/pico/pico-sdk/src/rp2_common/pico_standard_binary_info/standard_binary_info.c.o
 .rodata.__bi_48
                0x10004a58        0xc CMakeFiles/squarewave.dir/home/grakoto/pico/pico-sdk/src/rp2_common/pico_standard_binary_info/standard_binary_info.c.o
 .rodata.__bi_42
                0x10004a64        0xc CMakeFiles/squarewave.dir/home/grakoto/pico/pico-sdk/src/rp2_common/pico_standard_binary_info/standard_binary_info.c.o
 .rodata.__bi_34
                0x10004a70        0xc CMakeFiles/squarewave.dir/home/grakoto/pico/pico-sdk/src/rp2_common/pico_standard_binary_info/standard_binary_info.c.o
 .rodata.__bi_26
                0x10004a7c        0xc CMakeFiles/squarewave.dir/home/grakoto/pico/pico-sdk/src/rp2_common/pico_standard_binary_info/standard_binary_info.c.o
 .rodata.crlf_str.0
                0x10004a88        0x2 CMakeFiles/squarewave.dir/home/grakoto/pico/pico-sdk/src/rp2_common/pico_stdio/stdio.c.o
 *fill*         0x10004a8a        0x2 
 .rodata._resetd_driver
                0x10004a8c       0x20 CMakeFiles/squarewave.dir/home/grakoto/pico/pico-sdk/src/rp2_common/pico_stdio_usb/reset_interface.c.o
 .rodata.desc_ms_os_20
                0x10004aac       0xa6 CMakeFiles/squarewave.dir/home/grakoto/pico/pico-sdk/src/rp2_common/pico_stdio_usb/reset_interface.c.o
 *fill*         0x10004b52        0x2 
 .rodata.desc_bos
                0x10004b54       0x21 CMakeFiles/squarewave.dir/home/grakoto/pico/pico-sdk/src/rp2_common/pico_stdio_usb/reset_interface.c.o
                0x10004b54                desc_bos
 .rodata.str1.4
                0x10004b75       0x13 CMakeFiles/squarewave.dir/home/grakoto/pico/pico-sdk/src/rp2_common/pico_stdio_usb/stdio_usb.c.o
 *fill*         0x10004b75        0x3 
 .rodata.__bi_197.0
                0x10004b78        0xc CMakeFiles/squarewave.dir/home/grakoto/pico/pico-sdk/src/rp2_common/pico_stdio_usb/stdio_usb.c.o
 .rodata.str1.4
                0x10004b84       0x2a CMakeFiles/squarewave.dir/home/grakoto/pico/pico-sdk/src/rp2_common/pico_stdio_usb/stdio_usb_descriptors.c.o
 .rodata.usbd_desc_str
                0x10004b84       0x18 CMakeFiles/squarewave.dir/home/grakoto/pico/pico-sdk/src/rp2_common/pico_stdio_usb/stdio_usb_descriptors.c.o
 .rodata.usbd_desc_cfg
                0x10004b9c       0x54 CMakeFiles/squarewave.dir/home/grakoto/pico/pico-sdk/src/rp2_common/pico_stdio_usb/stdio_usb_descriptors.c.o
 .rodata.usbd_desc_device
                0x10004bf0       0x12 CMakeFiles/squarewave.dir/home/grakoto/pico/pico-sdk/src/rp2_common/pico_stdio_usb/stdio_usb_descriptors.c.o
 .rodata.str1.4
                0x10004c02       0x14 CMakeFiles/squarewave.dir/home/grakoto/pico/pico-sdk/lib/tinyusb/src/portable/raspberrypi/rp2040/dcd_rp2040.c.o
 .rodata.str1.4
                0x10004c02       0x48 CMakeFiles/squarewave.dir/home/grakoto/pico/pico-sdk/lib/tinyusb/src/portable/raspberrypi/rp2040/rp2040_usb.c.o
 *fill*         0x10004c02        0x2 
 .rodata._usbd_driver
                0x10004c04       0x40 CMakeFiles/squarewave.dir/home/grakoto/pico/pico-sdk/lib/tinyusb/src/device/usbd.c.o
 .rodata.pio_claim_unused_sm.str1.4
                0x10004c44       0x24 CMakeFiles/squarewave.dir/home/grakoto/pico/pico-sdk/src/rp2_common/hardware_pio/pio.c.o
 *(.srodata*)
                0x10004c68                        . = ALIGN (0x4)
 *(SORT_BY_ALIGNMENT(SORT_BY_NAME(.flashdata*)))
                0x10004c68                        . = ALIGN (0x4)

.ARM.extab
 *(.ARM.extab* .gnu.linkonce.armextab.*)
                0x10004c44                        __exidx_start = .

.ARM.exidx      0x10004c44        0x8
 *(.ARM.exidx* .gnu.linkonce.armexidx.*)
 .ARM.exidx     0x10004c44        0x8 /home/grakoto/.pico-sdk/toolchain/14_2_Rel1/bin/../lib/gcc/arm-none-eabi/14.2.1/../../../../arm-none-eabi/lib/thumb/v8-m.main+fp/softfp/libg.a(libc_a-memcpy.o)
                0x10004c4c                        __exidx_end = .
                0x10004c4c                        . = ALIGN (0x4)
                0x10004c4c                        __binary_info_start = .

.binary_info    0x10004c4c       0x20
 *(.binary_info.keep.*)
 .binary_info.keep.__bi_ptr84
                0x10004c4c        0x4 CMakeFiles/squarewave.dir/home/grakoto/pico/pico-sdk/src/rp2_common/pico_standard_binary_info/standard_binary_info.c.o
 .binary_info.keep.__bi_ptr78
                0x10004c50        0x4 CMakeFiles/squarewave.dir/home/grakoto/pico/pico-sdk/src/rp2_common/pico_standard_binary_info/standard_binary_info.c.o
 .binary_info.keep.__bi_ptr54
                0x10004c54        0x4 CMakeFiles/squarewave.dir/home/grakoto/pico/pico-sdk/src/rp2_common/pico_standard_binary_info/standard_binary_info.c.o
 .binary_info.keep.__bi_ptr48
                0x10004c58        0x4 CMakeFiles/squarewave.dir/home/grakoto/pico/pico-sdk/src/rp2_common/pico_standard_binary_info/standard_binary_info.c.o
 .binary_info.keep.__bi_ptr42
                0x10004c5c        0x4 CMakeFiles/squarewave.dir/home/grakoto/pico/pico-sdk/src/rp2_common/pico_standard_binary_info/standard_binary_info.c.o
 .binary_info.keep.__bi_ptr34
                0x10004c60        0x4 CMakeFiles/squarewave.dir/home/grakoto/pico/pico-sdk/src/rp2_common/pico_standard_binary_info/standard_binary_info.c.o
 .binary_info.keep.__bi_ptr26
                0x10004c64        0x4 CMakeFiles/squarewave.dir/home/grakoto/pico/pico-sdk/src/rp2_common/pico_standard_binary_info/standard_binary_info.c.o
 *(.binary_info.*)
 .binary_info.__bi_ptr197
                0x10004c68        0x4 CMakeFiles/squarewave.dir/home/grakoto/pico/pico-sdk/src/rp2_common/pico_stdio_usb/stdio_usb.c.o
                0x10004c6c                        __binary_info_end = .
                0x10004c6c                        . = ALIGN (0x4)

.ram_vector_table
                0x20000000      0x110
 *(.ram_vector_table)
 .ram_vector_table
                0x20000000      0x110 CMakeFiles/squarewave.dir/home/grakoto/pico/pico-sdk/src/rp2_common/pico_runtime_init/runtime_init.c.o
                0x20000000                ram_vector_table

.uninitialized_data
                0x20000110        0x0
                0x20000110                        . = ALIGN (0x4)
 *(.uninitialized_data*)

.data           0x20000110      0xd94 load address 0x10004c6c
                0x20000110                        __data_start__ = .
 *(vtable)
 *(.time_critical*)
 .time_critical.mutex_try_enter
                0x20000110       0x50 CMakeFiles/squarewave.dir/home/grakoto/pico/pico-sdk/src/common/pico_sync/mutex.c.o
                0x20000110                mutex_try_enter
 .time_critical.mutex_enter_block_until
                0x20000160       0x6c CMakeFiles/squarewave.dir/home/grakoto/pico/pico-sdk/src/common/pico_sync/mutex.c.o
                0x20000160                mutex_enter_block_until
 .time_critical.mutex_try_enter_block_until
                0x200001cc       0x68 CMakeFiles/squarewave.dir/home/grakoto/pico/pico-sdk/src/common/pico_sync/mutex.c.o
                0x200001cc                mutex_try_enter_block_until
 .time_critical.mutex_enter_timeout_ms
                0x20000234       0x38 CMakeFiles/squarewave.dir/home/grakoto/pico/pico-sdk/src/common/pico_sync/mutex.c.o
                0x20000234                mutex_enter_timeout_ms
 .time_critical.mutex_exit
                0x2000026c       0x3c CMakeFiles/squarewave.dir/home/grakoto/pico/pico-sdk/src/common/pico_sync/mutex.c.o
                0x2000026c                mutex_exit
 .time_critical.reset_non_control_endpoints
                0x200002a8       0x64 CMakeFiles/squarewave.dir/home/grakoto/pico/pico-sdk/lib/tinyusb/src/portable/raspberrypi/rp2040/dcd_rp2040.c.o
 .time_critical.hw_handle_buff_status
                0x2000030c       0x90 CMakeFiles/squarewave.dir/home/grakoto/pico/pico-sdk/lib/tinyusb/src/portable/raspberrypi/rp2040/dcd_rp2040.c.o
 .time_critical.dcd_rp2040_irq
                0x2000039c      0x530 CMakeFiles/squarewave.dir/home/grakoto/pico/pico-sdk/lib/tinyusb/src/portable/raspberrypi/rp2040/dcd_rp2040.c.o
 .time_critical.prepare_ep_buffer
                0x200008cc       0xc0 CMakeFiles/squarewave.dir/home/grakoto/pico/pico-sdk/lib/tinyusb/src/portable/raspberrypi/rp2040/rp2040_usb.c.o
 .time_critical.sync_ep_buffer
                0x2000098c       0xb4 CMakeFiles/squarewave.dir/home/grakoto/pico/pico-sdk/lib/tinyusb/src/portable/raspberrypi/rp2040/rp2040_usb.c.o
 .time_critical._hw_endpoint_xfer_sync
                0x20000a40       0x2c CMakeFiles/squarewave.dir/home/grakoto/pico/pico-sdk/lib/tinyusb/src/portable/raspberrypi/rp2040/rp2040_usb.c.o
 .time_critical.e15_is_bulkin_ep
                0x20000a6c       0x28 CMakeFiles/squarewave.dir/home/grakoto/pico/pico-sdk/lib/tinyusb/src/portable/raspberrypi/rp2040/rp2040_usb.c.o
 .time_critical.e15_is_critical_frame_period
                0x20000a94       0x28 CMakeFiles/squarewave.dir/home/grakoto/pico/pico-sdk/lib/tinyusb/src/portable/raspberrypi/rp2040/rp2040_usb.c.o
 .time_critical.hw_endpoint_reset_transfer
                0x20000abc        0xc CMakeFiles/squarewave.dir/home/grakoto/pico/pico-sdk/lib/tinyusb/src/portable/raspberrypi/rp2040/rp2040_usb.c.o
                0x20000abc                hw_endpoint_reset_transfer
 .time_critical._hw_endpoint_buffer_control_update32
                0x20000ac8       0x44 CMakeFiles/squarewave.dir/home/grakoto/pico/pico-sdk/lib/tinyusb/src/portable/raspberrypi/rp2040/rp2040_usb.c.o
                0x20000ac8                _hw_endpoint_buffer_control_update32
 .time_critical.hw_endpoint_start_next_buffer
                0x20000b0c       0x64 CMakeFiles/squarewave.dir/home/grakoto/pico/pico-sdk/lib/tinyusb/src/portable/raspberrypi/rp2040/rp2040_usb.c.o
                0x20000b0c                hw_endpoint_start_next_buffer
 .time_critical.hw_endpoint_xfer_continue
                0x20000b70       0x3c CMakeFiles/squarewave.dir/home/grakoto/pico/pico-sdk/lib/tinyusb/src/portable/raspberrypi/rp2040/rp2040_usb.c.o
                0x20000b70                hw_endpoint_xfer_continue
 .time_critical.tinyusb
                0x20000bac      0x224 CMakeFiles/squarewave.dir/home/grakoto/pico/pico-sdk/lib/tinyusb/src/device/usbd.c.o
                0x20000bac                dcd_event_handler
 .time_critical.tinyusb.__stub
                0x20000dd0       0x30 linker stubs
 *(.text*)
                0x20000e00                        . = ALIGN (0x4)
 *(.rodata*)
                0x20000e00                        . = ALIGN (0x4)
 *(.data*)
 .data.striped_spin_lock_num
                0x20000e00        0x1 CMakeFiles/squarewave.dir/home/grakoto/pico/pico-sdk/src/rp2_common/hardware_sync/sync.c.o
 *fill*         0x20000e01        0x3 
 .data          0x20000e04       0x48 CMakeFiles/squarewave.dir/home/grakoto/pico/pico-sdk/src/rp2_common/hardware_irq/irq_handler_chain.S.o
                0x20000e04                irq_handler_chain_slots
                0x20000e34                irq_handler_chain_first_slot
                0x20000e3e                irq_handler_chain_remove_tail
 .data.default_alarm_pool
                0x20000e4c       0x18 CMakeFiles/squarewave.dir/home/grakoto/pico/pico-sdk/src/common/pico_time/time.c.o
 .data.stdio_usb
                0x20000e64       0x18 CMakeFiles/squarewave.dir/home/grakoto/pico/pico-sdk/src/rp2_common/pico_stdio_usb/stdio_usb.c.o
                0x20000e64                stdio_usb
 .data._usbd_qdef
                0x20000e7c       0x1c CMakeFiles/squarewave.dir/home/grakoto/pico/pico-sdk/lib/tinyusb/src/device/usbd.c.o
                0x20000e7c                _usbd_qdef
 .data._usbd_rhport
                0x20000e98        0x1 CMakeFiles/squarewave.dir/home/grakoto/pico/pico-sdk/lib/tinyusb/src/device/usbd.c.o
 *(.sdata*)
                0x20000e9c                        . = ALIGN (0x4)
 *fill*         0x20000e99        0x3 
 *(.after_data.*)
                0x20000e9c                        . = ALIGN (0x4)
                0x20000e9c                        PROVIDE (__mutex_array_start = .)
 *(SORT_BY_NAME(.mutex_array.*))
 *(.mutex_array)
 .mutex_array   0x20000e9c        0x8 CMakeFiles/squarewave.dir/home/grakoto/pico/pico-sdk/src/rp2_common/pico_stdio/stdio.c.o
                0x20000ea4                        PROVIDE (__mutex_array_end = .)
 *(.jcr)
                0x20000ea4                        . = ALIGN (0x4)

.tm_clone_table
                0x20000ea4        0x0 load address 0x10005a00
 .tm_clone_table
                0x20000ea4        0x0 /home/grakoto/.pico-sdk/toolchain/14_2_Rel1/bin/../lib/gcc/arm-none-eabi/14.2.1/thumb/v8-m.main+fp/softfp/crtbegin.o
 .tm_clone_table
                0x20000ea4        0x0 /home/grakoto/.pico-sdk/toolchain/14_2_Rel1/bin/../lib/gcc/arm-none-eabi/14.2.1/thumb/v8-m.main+fp/softfp/crtend.o

.igot.plt       0x20000ea4        0x0 load address 0x10005a00
 .igot.plt      0x20000ea4        0x0 /home/grakoto/.pico-sdk/toolchain/14_2_Rel1/bin/../lib/gcc/arm-none-eabi/14.2.1/thumb/v8-m.main+fp/softfp/crtbegin.o

.tdata          0x20000ea4        0x0 load address 0x10005a00
                0x20000ea4                        . = ALIGN (0x4)
 *(.tdata .tdata.* .gnu.linkonce.td.*)
                0x20000ea4                        __tdata_end = .
                0x20000ea4                        PROVIDE (__data_end__ = .)
                0x10004c6c                        __etext = LOADADDR (.data)

.tbss           0x20000ea4        0x0 load address 0x10005a00
                0x20000ea4                        . = ALIGN (0x4)
                0x20000ea4                        __bss_start__ = .
                0x20000ea4                        __tls_base = .
 *(.tbss .tbss.* .gnu.linkonce.tb.*)
 *(.tcommon)
                0x20000ea4                        __tls_end = .

.bss            0x20000ea8      0xc38 load address 0x10005a00
                0x20000ea8                        . = ALIGN (0x4)
                0x20000ea8                        __tbss_end = .
 *(SORT_BY_ALIGNMENT(SORT_BY_NAME(.bss*)))
 .bss.default_alarm_pool_entries
                0x20000ea8      0x180 CMakeFiles/squarewave.dir/home/grakoto/pico/pico-sdk/src/common/pico_time/time.c.o
 .bss.last_avail_time.1
                0x20001028        0x8 CMakeFiles/squarewave.dir/home/grakoto/pico/pico-sdk/src/rp2_common/pico_stdio_usb/stdio_usb.c.o
 .bss._app_driver
                0x20001030        0x4 CMakeFiles/squarewave.dir/home/grakoto/pico/pico-sdk/lib/tinyusb/src/device/usbd.c.o
 .bss._cdcd_epbuf
                0x20001034       0x80 CMakeFiles/squarewave.dir/home/grakoto/pico/pico-sdk/lib/tinyusb/src/class/cdc/cdc_device.c.o
 .bss._cdcd_fifo_cfg
                0x200010b4        0x1 CMakeFiles/squarewave.dir/home/grakoto/pico/pico-sdk/lib/tinyusb/src/class/cdc/cdc_device.c.o
 *fill*         0x200010b5        0x3 
 .bss._cdcd_itf
                0x200010b8       0xc8 CMakeFiles/squarewave.dir/home/grakoto/pico/pico-sdk/lib/tinyusb/src/class/cdc/cdc_device.c.o
 .bss._ctrl_epbuf
                0x20001180       0x40 CMakeFiles/squarewave.dir/home/grakoto/pico/pico-sdk/lib/tinyusb/src/device/usbd_control.c.o
 .bss._ctrl_xfer
                0x200011c0       0x14 CMakeFiles/squarewave.dir/home/grakoto/pico/pico-sdk/lib/tinyusb/src/device/usbd_control.c.o
 .bss._sw_spin_locks
                0x200011d4       0x20 CMakeFiles/squarewave.dir/home/grakoto/pico/pico-sdk/src/rp2_common/hardware_sync_spin_lock/sync_spin_lock.c.o
                0x200011d4                _sw_spin_locks
 .bss._tusb_rhport_role
                0x200011f4        0x2 CMakeFiles/squarewave.dir/home/grakoto/pico/pico-sdk/lib/tinyusb/src/tusb.c.o
                0x200011f4                _tusb_rhport_role
 *fill*         0x200011f6        0x2 
 .bss._ubsd_mutexdef
                0x200011f8        0x8 CMakeFiles/squarewave.dir/home/grakoto/pico/pico-sdk/lib/tinyusb/src/device/usbd.c.o
 .bss._usbd_dev
                0x20001200       0x54 CMakeFiles/squarewave.dir/home/grakoto/pico/pico-sdk/lib/tinyusb/src/device/usbd.c.o
 .bss._usbd_mutex
                0x20001254        0x4 CMakeFiles/squarewave.dir/home/grakoto/pico/pico-sdk/lib/tinyusb/src/device/usbd.c.o
 .bss._usbd_q   0x20001258        0x4 CMakeFiles/squarewave.dir/home/grakoto/pico/pico-sdk/lib/tinyusb/src/device/usbd.c.o
 .bss._usbd_qdef_buf
                0x2000125c       0xc0 CMakeFiles/squarewave.dir/home/grakoto/pico/pico-sdk/lib/tinyusb/src/device/usbd.c.o
                0x2000125c                _usbd_qdef_buf
 .bss._used_instruction_space
                0x2000131c        0xc CMakeFiles/squarewave.dir/home/grakoto/pico/pico-sdk/src/rp2_common/hardware_pio/pio.c.o
 .bss._vendord_epbuf
                0x20001328       0x80 CMakeFiles/squarewave.dir/home/grakoto/pico/pico-sdk/lib/tinyusb/src/class/vendor/vendor_device.c.o
 .bss._vendord_itf
                0x200013a8      0x24c CMakeFiles/squarewave.dir/home/grakoto/pico/pico-sdk/lib/tinyusb/src/class/vendor/vendor_device.c.o
 .bss.chars_available_callback
                0x200015f4        0x4 CMakeFiles/squarewave.dir/home/grakoto/pico/pico-sdk/src/rp2_common/pico_stdio_usb/stdio_usb.c.o
 .bss.chars_available_param
                0x200015f8        0x4 CMakeFiles/squarewave.dir/home/grakoto/pico/pico-sdk/src/rp2_common/pico_stdio_usb/stdio_usb.c.o
 .bss.claimed   0x200015fc        0x4 CMakeFiles/squarewave.dir/home/grakoto/pico/pico-sdk/src/rp2_common/hardware_sync/sync.c.o
 .bss.claimed   0x20001600        0x2 CMakeFiles/squarewave.dir/home/grakoto/pico/pico-sdk/src/rp2_common/hardware_timer/timer.c.o
 *fill*         0x20001602        0x2 
 .bss.claimed   0x20001604        0x2 CMakeFiles/squarewave.dir/home/grakoto/pico/pico-sdk/src/rp2_common/hardware_pio/pio.c.o
 *fill*         0x20001606        0x2 
 .bss.configured_freq
                0x20001608       0x28 CMakeFiles/squarewave.dir/home/grakoto/pico/pico-sdk/src/rp2_common/hardware_clocks/clocks.c.o
 .bss.desc_str.0
                0x20001630       0x28 CMakeFiles/squarewave.dir/home/grakoto/pico/pico-sdk/src/rp2_common/pico_stdio_usb/stdio_usb_descriptors.c.o
 .bss.drivers   0x20001658        0x4 CMakeFiles/squarewave.dir/home/grakoto/pico/pico-sdk/src/rp2_common/pico_stdio/stdio.c.o
 .bss.e15_last_sof
                0x2000165c        0x4 CMakeFiles/squarewave.dir/home/grakoto/pico/pico-sdk/lib/tinyusb/src/portable/raspberrypi/rp2040/rp2040_usb.c.o
                0x2000165c                e15_last_sof
 .bss.filter    0x20001660        0x4 CMakeFiles/squarewave.dir/home/grakoto/pico/pico-sdk/src/rp2_common/pico_stdio/stdio.c.o
 .bss.hw_endpoints
                0x20001664      0x400 CMakeFiles/squarewave.dir/home/grakoto/pico/pico-sdk/lib/tinyusb/src/portable/raspberrypi/rp2040/dcd_rp2040.c.o
 .bss.lazy_vsnprintf
                0x20001a64        0x4 CMakeFiles/squarewave.dir/home/grakoto/pico/pico-sdk/src/rp2_common/pico_printf/printf.c.o
 .bss.load_value
                0x20001a68        0x4 CMakeFiles/squarewave.dir/home/grakoto/pico/pico-sdk/src/rp2_common/hardware_watchdog/watchdog.c.o
 .bss.next_buffer_ptr
                0x20001a6c        0x4 CMakeFiles/squarewave.dir/home/grakoto/pico/pico-sdk/lib/tinyusb/src/portable/raspberrypi/rp2040/dcd_rp2040.c.o
 .bss.object.0  0x20001a70       0x18 /home/grakoto/.pico-sdk/toolchain/14_2_Rel1/bin/../lib/gcc/arm-none-eabi/14.2.1/thumb/v8-m.main+fp/softfp/crtbegin.o
 .bss.one_shot_timer_crit_sec
                0x20001a88        0x8 CMakeFiles/squarewave.dir/home/grakoto/pico/pico-sdk/src/rp2_common/pico_stdio_usb/stdio_usb.c.o
 .bss.pools     0x20001a90       0x20 CMakeFiles/squarewave.dir/home/grakoto/pico/pico-sdk/src/common/pico_time/time.c.o
 .bss.retrieved_id
                0x20001ab0        0x8 CMakeFiles/squarewave.dir/home/grakoto/pico/pico-sdk/src/rp2_common/pico_unique_id/unique_id.c.o
 .bss.sleep_notifier
                0x20001ab8        0x4 CMakeFiles/squarewave.dir/home/grakoto/pico/pico-sdk/src/common/pico_time/time.c.o
 .bss.stdio_usb_mutex
                0x20001abc        0x8 CMakeFiles/squarewave.dir/home/grakoto/pico/pico-sdk/src/rp2_common/pico_stdio_usb/stdio_usb.c.o
 .bss.usbd_serial_str
                0x20001ac4       0x11 CMakeFiles/squarewave.dir/home/grakoto/pico/pico-sdk/src/rp2_common/pico_stdio_usb/stdio_usb_descriptors.c.o
 .bss._app_driver_count
                0x20001ad5        0x1 CMakeFiles/squarewave.dir/home/grakoto/pico/pico-sdk/lib/tinyusb/src/device/usbd.c.o
 .bss._sof_enable
                0x20001ad6        0x1 CMakeFiles/squarewave.dir/home/grakoto/pico/pico-sdk/lib/tinyusb/src/portable/raspberrypi/rp2040/dcd_rp2040.c.o
 .bss._usbd_queued_setup
                0x20001ad7        0x1 CMakeFiles/squarewave.dir/home/grakoto/pico/pico-sdk/lib/tinyusb/src/device/usbd.c.o
 .bss.irq_handler_chain_free_slot_head
                0x20001ad8        0x1 CMakeFiles/squarewave.dir/home/grakoto/pico/pico-sdk/src/rp2_common/hardware_irq/irq.c.o
 .bss.itf_num   0x20001ad9        0x1 CMakeFiles/squarewave.dir/home/grakoto/pico/pico-sdk/src/rp2_common/pico_stdio_usb/reset_interface.c.o
 .bss.low_priority_irq_num
                0x20001ada        0x1 CMakeFiles/squarewave.dir/home/grakoto/pico/pico-sdk/src/rp2_common/pico_stdio_usb/stdio_usb.c.o
 .bss.one_shot_timer_pending
                0x20001adb        0x1 CMakeFiles/squarewave.dir/home/grakoto/pico/pico-sdk/src/rp2_common/pico_stdio_usb/stdio_usb.c.o
 .bss.sm_completed
                0x20001adc        0x1 CMakeFiles/squarewave.dir/squarewave.c.o
                0x20001adc                sm_completed
 .bss.user_irq_claimed
                0x20001add        0x1 CMakeFiles/squarewave.dir/home/grakoto/pico/pico-sdk/src/rp2_common/hardware_irq/irq.c.o
 *(COMMON)
                [!provide]                        PROVIDE (__global_pointer$ = (. + 0x800))
 *(.sbss*)
                0x20001ae0                        . = ALIGN (0x4)
 *fill*         0x20001ade        0x2 
                0x20001ae0                        __bss_end__ = .

.heap           0x20001ae0      0x800 load address 0x10005a00
                0x20001ae0                        __end__ = .
                0x20001ae0                        end = __end__
 *(.heap*)
 .heap          0x20001ae0      0x800 CMakeFiles/squarewave.dir/home/grakoto/pico/pico-sdk/src/rp2_common/pico_crt0/crt0.S.o
                0x20080000                        __HeapLimit = (ORIGIN (RAM) + LENGTH (RAM))

.scratch_x      0x20080000        0x0 load address 0x10005a00
                0x20080000                        __scratch_x_start__ = .
 *(.scratch_x.*)
                0x20080000                        . = ALIGN (0x4)
                0x20080000                        __scratch_x_end__ = .
                0x10005a00                        __scratch_x_source__ = LOADADDR (.scratch_x)

.scratch_y      0x20081000        0x0 load address 0x10005a00
                0x20081000                        __scratch_y_start__ = .
 *(.scratch_y.*)
                0x20081000                        . = ALIGN (0x4)
                0x20081000                        __scratch_y_end__ = .
                0x10005a00                        __scratch_y_source__ = LOADADDR (.scratch_y)

.stack1_dummy
 *(.stack1*)

.stack_dummy    0x20081000      0x800
 *(.stack*)
 .stack         0x20081000      0x800 CMakeFiles/squarewave.dir/home/grakoto/pico/pico-sdk/src/rp2_common/pico_crt0/crt0.S.o

.flash_end      0x10005a00       0x14
 *(.embedded_end_block*)
 .embedded_end_block
                0x10005a00       0x14 CMakeFiles/squarewave.dir/home/grakoto/pico/pico-sdk/src/rp2_common/pico_crt0/crt0.S.o
                0x10005a14                        PROVIDE (__flash_binary_end = .)
                0x20080000                        __StackLimit = (ORIGIN (RAM) + LENGTH (RAM))
                0x20081000                        __StackOneTop = (ORIGIN (SCRATCH_X) + LENGTH (SCRATCH_X))
                0x20082000                        __StackTop = (ORIGIN (SCRATCH_Y) + LENGTH (SCRATCH_Y))
                0x20081000                        __StackOneBottom = (__StackOneTop - SIZEOF (.stack1_dummy))
                0x20081800                        __StackBottom = (__StackTop - SIZEOF (.stack_dummy))
                0x20082000                        PROVIDE (__stack = __StackTop)
                [!provide]                        PROVIDE (__heap_start = __end__)
                [!provide]                        PROVIDE (__heap_end = __HeapLimit)
                [!provide]                        PROVIDE (__tls_align = MAX (ALIGNOF (.tdata), ALIGNOF (.tbss)))
                [!provide]                        PROVIDE (__tls_size_align = (((__tls_size + __tls_align) - 0x1) & ~ ((__tls_align - 0x1))))
                [!provide]                        PROVIDE (__arm32_tls_tcb_offset = MAX (0x8, __tls_align))
                [!provide]                        PROVIDE (_end = __end__)
                [!provide]                        PROVIDE (__llvm_libc_heap_limit = __HeapLimit)
                0x00000001                        ASSERT ((__StackLimit >= __HeapLimit), region RAM overflowed)
                0x00000001                        ASSERT (((__binary_info_header_end - __logical_binary_start) <= 0x400), Binary info must be in first 1024 bytes of the binary)
                0x00000001                        ASSERT (((__embedded_block_end - __logical_binary_start) <= 0x1000), Embedded block must be in first 4096 bytes of the binary)
LOAD CMakeFiles/squarewave.dir/squarewave.c.o
LOAD CMakeFiles/squarewave.dir/home/grakoto/pico/pico-sdk/src/rp2_common/pico_stdlib/stdlib.c.o
LOAD CMakeFiles/squarewave.dir/home/grakoto/pico/pico-sdk/src/rp2_common/hardware_gpio/gpio.c.o
LOAD CMakeFiles/squarewave.dir/home/grakoto/pico/pico-sdk/src/rp2350/pico_platform/platform.c.o
LOAD CMakeFiles/squarewave.dir/home/grakoto/pico/pico-sdk/src/rp2_common/pico_platform_panic/panic.c.o
LOAD CMakeFiles/squarewave.dir/home/grakoto/pico/pico-sdk/src/common/hardware_claim/claim.c.o
LOAD CMakeFiles/squarewave.dir/home/grakoto/pico/pico-sdk/src/rp2_common/hardware_sync/sync.c.o
LOAD CMakeFiles/squarewave.dir/home/grakoto/pico/pico-sdk/src/rp2_common/hardware_sync_spin_lock/sync_spin_lock.c.o
LOAD CMakeFiles/squarewave.dir/home/grakoto/pico/pico-sdk/src/rp2_common/hardware_irq/irq.c.o
LOAD CMakeFiles/squarewave.dir/home/grakoto/pico/pico-sdk/src/rp2_common/hardware_irq/irq_handler_chain.S.o
LOAD CMakeFiles/squarewave.dir/home/grakoto/pico/pico-sdk/src/common/pico_sync/sem.c.o
LOAD CMakeFiles/squarewave.dir/home/grakoto/pico/pico-sdk/src/common/pico_sync/lock_core.c.o
LOAD CMakeFiles/squarewave.dir/home/grakoto/pico/pico-sdk/src/common/pico_sync/mutex.c.o
LOAD CMakeFiles/squarewave.dir/home/grakoto/pico/pico-sdk/src/common/pico_sync/critical_section.c.o
LOAD CMakeFiles/squarewave.dir/home/grakoto/pico/pico-sdk/src/common/pico_time/time.c.o
LOAD CMakeFiles/squarewave.dir/home/grakoto/pico/pico-sdk/src/common/pico_time/timeout_helper.c.o
LOAD CMakeFiles/squarewave.dir/home/grakoto/pico/pico-sdk/src/rp2_common/hardware_timer/timer.c.o
LOAD CMakeFiles/squarewave.dir/home/grakoto/pico/pico-sdk/src/common/pico_util/datetime.c.o
LOAD CMakeFiles/squarewave.dir/home/grakoto/pico/pico-sdk/src/common/pico_util/pheap.c.o
LOAD CMakeFiles/squarewave.dir/home/grakoto/pico/pico-sdk/src/common/pico_util/queue.c.o
LOAD CMakeFiles/squarewave.dir/home/grakoto/pico/pico-sdk/src/rp2_common/hardware_uart/uart.c.o
LOAD CMakeFiles/squarewave.dir/home/grakoto/pico/pico-sdk/src/rp2_common/hardware_clocks/clocks.c.o
LOAD CMakeFiles/squarewave.dir/home/grakoto/pico/pico-sdk/src/rp2_common/hardware_pll/pll.c.o
LOAD CMakeFiles/squarewave.dir/home/grakoto/pico/pico-sdk/src/rp2_common/hardware_vreg/vreg.c.o
LOAD CMakeFiles/squarewave.dir/home/grakoto/pico/pico-sdk/src/rp2_common/hardware_watchdog/watchdog.c.o
LOAD CMakeFiles/squarewave.dir/home/grakoto/pico/pico-sdk/src/rp2_common/hardware_ticks/ticks.c.o
LOAD CMakeFiles/squarewave.dir/home/grakoto/pico/pico-sdk/src/rp2_common/pico_bootrom/bootrom.c.o
LOAD CMakeFiles/squarewave.dir/home/grakoto/pico/pico-sdk/src/rp2_common/pico_bootrom/bootrom_lock.c.o
LOAD CMakeFiles/squarewave.dir/home/grakoto/pico/pico-sdk/src/rp2_common/hardware_boot_lock/boot_lock.c.o
LOAD CMakeFiles/squarewave.dir/home/grakoto/pico/pico-sdk/src/rp2_common/pico_flash/flash.c.o
LOAD CMakeFiles/squarewave.dir/home/grakoto/pico/pico-sdk/src/rp2_common/hardware_xosc/xosc.c.o
LOAD CMakeFiles/squarewave.dir/home/grakoto/pico/pico-sdk/src/rp2_common/hardware_divider/divider.c.o
LOAD CMakeFiles/squarewave.dir/home/grakoto/pico/pico-sdk/src/rp2_common/pico_runtime/runtime.c.o
LOAD CMakeFiles/squarewave.dir/home/grakoto/pico/pico-sdk/src/rp2_common/pico_runtime_init/runtime_init.c.o
LOAD CMakeFiles/squarewave.dir/home/grakoto/pico/pico-sdk/src/rp2_common/pico_runtime_init/runtime_init_clocks.c.o
LOAD CMakeFiles/squarewave.dir/home/grakoto/pico/pico-sdk/src/rp2_common/pico_runtime_init/runtime_init_stack_guard.c.o
LOAD CMakeFiles/squarewave.dir/home/grakoto/pico/pico-sdk/src/rp2_common/pico_bit_ops/bit_ops_aeabi.S.o
LOAD CMakeFiles/squarewave.dir/home/grakoto/pico/pico-sdk/src/rp2_common/pico_divider/divider_compiler.c.o
LOAD CMakeFiles/squarewave.dir/home/grakoto/pico/pico-sdk/src/rp2_common/pico_double/double_math.c.o
LOAD CMakeFiles/squarewave.dir/home/grakoto/pico/pico-sdk/src/rp2_common/pico_double/double_aeabi_dcp.S.o
LOAD CMakeFiles/squarewave.dir/home/grakoto/pico/pico-sdk/src/rp2_common/pico_double/double_fma_dcp.S.o
LOAD CMakeFiles/squarewave.dir/home/grakoto/pico/pico-sdk/src/rp2_common/pico_double/double_sci_m33.S.o
LOAD CMakeFiles/squarewave.dir/home/grakoto/pico/pico-sdk/src/rp2_common/pico_double/double_conv_m33.S.o
LOAD CMakeFiles/squarewave.dir/home/grakoto/pico/pico-sdk/src/rp2_common/pico_float/float_math.c.o
LOAD CMakeFiles/squarewave.dir/home/grakoto/pico/pico-sdk/src/rp2_common/pico_float/float_conv32_vfp.S.o
LOAD CMakeFiles/squarewave.dir/home/grakoto/pico/pico-sdk/src/rp2_common/pico_float/float_common_m33.S.o
LOAD CMakeFiles/squarewave.dir/home/grakoto/pico/pico-sdk/src/rp2_common/pico_float/float_sci_m33_vfp.S.o
LOAD CMakeFiles/squarewave.dir/home/grakoto/pico/pico-sdk/src/rp2_common/pico_malloc/malloc.c.o
LOAD CMakeFiles/squarewave.dir/home/grakoto/pico/pico-sdk/src/rp2_common/pico_atomic/atomic.c.o
LOAD CMakeFiles/squarewave.dir/home/grakoto/pico/pico-sdk/src/rp2_common/pico_cxx_options/new_delete.cpp.o
LOAD CMakeFiles/squarewave.dir/home/grakoto/pico/pico-sdk/src/rp2_common/pico_standard_binary_info/standard_binary_info.c.o
LOAD CMakeFiles/squarewave.dir/home/grakoto/pico/pico-sdk/src/rp2_common/pico_printf/printf.c.o
LOAD CMakeFiles/squarewave.dir/home/grakoto/pico/pico-sdk/src/rp2_common/pico_crt0/crt0.S.o
LOAD CMakeFiles/squarewave.dir/home/grakoto/pico/pico-sdk/src/rp2_common/pico_clib_interface/newlib_interface.c.o
LOAD CMakeFiles/squarewave.dir/home/grakoto/pico/pico-sdk/src/rp2_common/pico_stdio/stdio.c.o
LOAD CMakeFiles/squarewave.dir/home/grakoto/pico/pico-sdk/src/rp2_common/pico_stdio_usb/reset_interface.c.o
LOAD CMakeFiles/squarewave.dir/home/grakoto/pico/pico-sdk/src/rp2_common/pico_stdio_usb/stdio_usb.c.o
LOAD CMakeFiles/squarewave.dir/home/grakoto/pico/pico-sdk/src/rp2_common/pico_stdio_usb/stdio_usb_descriptors.c.o
LOAD CMakeFiles/squarewave.dir/home/grakoto/pico/pico-sdk/src/rp2_common/pico_unique_id/unique_id.c.o
LOAD CMakeFiles/squarewave.dir/home/grakoto/pico/pico-sdk/src/rp2_common/hardware_flash/flash.c.o
LOAD CMakeFiles/squarewave.dir/home/grakoto/pico/pico-sdk/src/rp2_common/hardware_xip_cache/xip_cache.c.o
LOAD CMakeFiles/squarewave.dir/home/grakoto/pico/pico-sdk/lib/tinyusb/src/portable/raspberrypi/rp2040/dcd_rp2040.c.o
LOAD CMakeFiles/squarewave.dir/home/grakoto/pico/pico-sdk/lib/tinyusb/src/portable/raspberrypi/rp2040/rp2040_usb.c.o
LOAD CMakeFiles/squarewave.dir/home/grakoto/pico/pico-sdk/lib/tinyusb/src/device/usbd.c.o
LOAD CMakeFiles/squarewave.dir/home/grakoto/pico/pico-sdk/lib/tinyusb/src/device/usbd_control.c.o
LOAD CMakeFiles/squarewave.dir/home/grakoto/pico/pico-sdk/lib/tinyusb/src/class/audio/audio_device.c.o
LOAD CMakeFiles/squarewave.dir/home/grakoto/pico/pico-sdk/lib/tinyusb/src/class/cdc/cdc_device.c.o
LOAD CMakeFiles/squarewave.dir/home/grakoto/pico/pico-sdk/lib/tinyusb/src/class/dfu/dfu_device.c.o
LOAD CMakeFiles/squarewave.dir/home/grakoto/pico/pico-sdk/lib/tinyusb/src/class/dfu/dfu_rt_device.c.o
LOAD CMakeFiles/squarewave.dir/home/grakoto/pico/pico-sdk/lib/tinyusb/src/class/hid/hid_device.c.o
LOAD CMakeFiles/squarewave.dir/home/grakoto/pico/pico-sdk/lib/tinyusb/src/class/midi/midi_device.c.o
LOAD CMakeFiles/squarewave.dir/home/grakoto/pico/pico-sdk/lib/tinyusb/src/class/msc/msc_device.c.o
LOAD CMakeFiles/squarewave.dir/home/grakoto/pico/pico-sdk/lib/tinyusb/src/class/net/ecm_rndis_device.c.o
LOAD CMakeFiles/squarewave.dir/home/grakoto/pico/pico-sdk/lib/tinyusb/src/class/net/ncm_device.c.o
LOAD CMakeFiles/squarewave.dir/home/grakoto/pico/pico-sdk/lib/tinyusb/src/class/usbtmc/usbtmc_device.c.o
LOAD CMakeFiles/squarewave.dir/home/grakoto/pico/pico-sdk/lib/tinyusb/src/class/vendor/vendor_device.c.o
LOAD CMakeFiles/squarewave.dir/home/grakoto/pico/pico-sdk/lib/tinyusb/src/class/video/video_device.c.o
LOAD CMakeFiles/squarewave.dir/home/grakoto/pico/pico-sdk/lib/tinyusb/src/tusb.c.o
LOAD CMakeFiles/squarewave.dir/home/grakoto/pico/pico-sdk/lib/tinyusb/src/common/tusb_fifo.c.o
LOAD CMakeFiles/squarewave.dir/home/grakoto/pico/pico-sdk/src/rp2_common/pico_fix/rp2040_usb_device_enumeration/rp2040_usb_device_enumeration.c.o
LOAD CMakeFiles/squarewave.dir/home/grakoto/pico/pico-sdk/src/rp2_common/hardware_pio/pio.c.o
LOAD pico-sdk/src/rp2350/boot_stage2/CMakeFiles/bs2_default_library.dir/bs2_default_padded_checksummed.S.o
LOAD /home/grakoto/.pico-sdk/toolchain/14_2_Rel1/bin/../lib/gcc/arm-none-eabi/14.2.1/../../../../arm-none-eabi/lib/thumb/v8-m.main+fp/softfp/libstdc++.a
LOAD /home/grakoto/.pico-sdk/toolchain/14_2_Rel1/bin/../lib/gcc/arm-none-eabi/14.2.1/../../../../arm-none-eabi/lib/thumb/v8-m.main+fp/softfp/libm.a
START GROUP
LOAD /home/grakoto/.pico-sdk/toolchain/14_2_Rel1/bin/../lib/gcc/arm-none-eabi/14.2.1/thumb/v8-m.main+fp/softfp/libgcc.a
LOAD /home/grakoto/.pico-sdk/toolchain/14_2_Rel1/bin/../lib/gcc/arm-none-eabi/14.2.1/../../../../arm-none-eabi/lib/thumb/v8-m.main+fp/softfp/libg.a
LOAD /home/grakoto/.pico-sdk/toolchain/14_2_Rel1/bin/../lib/gcc/arm-none-eabi/14.2.1/../../../../arm-none-eabi/lib/thumb/v8-m.main+fp/softfp/libc.a
END GROUP
START GROUP
LOAD /home/grakoto/.pico-sdk/toolchain/14_2_Rel1/bin/../lib/gcc/arm-none-eabi/14.2.1/thumb/v8-m.main+fp/softfp/libgcc.a
LOAD /home/grakoto/.pico-sdk/toolchain/14_2_Rel1/bin/../lib/gcc/arm-none-eabi/14.2.1/../../../../arm-none-eabi/lib/thumb/v8-m.main+fp/softfp/libc.a
LOAD /home/grakoto/.pico-sdk/toolchain/14_2_Rel1/bin/../lib/gcc/arm-none-eabi/14.2.1/../../../../arm-none-eabi/lib/thumb/v8-m.main+fp/softfp/libnosys.a
END GROUP
LOAD /home/grakoto/.pico-sdk/toolchain/14_2_Rel1/bin/../lib/gcc/arm-none-eabi/14.2.1/thumb/v8-m.main+fp/softfp/crtend.o
LOAD /home/grakoto/.pico-sdk/toolchain/14_2_Rel1/bin/../lib/gcc/arm-none-eabi/14.2.1/thumb/v8-m.main+fp/softfp/crtn.o
OUTPUT(squarewave.elf elf32-littlearm)
LOAD linker stubs

.rel.dyn        0x10005a14        0x0
 .rel.iplt      0x10005a14        0x0 /home/grakoto/.pico-sdk/toolchain/14_2_Rel1/bin/../lib/gcc/arm-none-eabi/14.2.1/thumb/v8-m.main+fp/softfp/crtbegin.o

.ARM.attributes
                0x00000000       0x34
 .ARM.attributes
                0x00000000       0x26 /home/grakoto/.pico-sdk/toolchain/14_2_Rel1/bin/../lib/gcc/arm-none-eabi/14.2.1/thumb/v8-m.main+fp/softfp/crti.o
 .ARM.attributes
                0x00000026       0x36 /home/grakoto/.pico-sdk/toolchain/14_2_Rel1/bin/../lib/gcc/arm-none-eabi/14.2.1/thumb/v8-m.main+fp/softfp/crtbegin.o
 .ARM.attributes
                0x0000005c       0x38 CMakeFiles/squarewave.dir/squarewave.c.o
 .ARM.attributes
                0x00000094       0x38 CMakeFiles/squarewave.dir/home/grakoto/pico/pico-sdk/src/rp2_common/hardware_gpio/gpio.c.o
 .ARM.attributes
                0x000000cc       0x38 CMakeFiles/squarewave.dir/home/grakoto/pico/pico-sdk/src/rp2_common/pico_platform_panic/panic.c.o
 .ARM.attributes
                0x00000104       0x38 CMakeFiles/squarewave.dir/home/grakoto/pico/pico-sdk/src/common/hardware_claim/claim.c.o
 .ARM.attributes
                0x0000013c       0x38 CMakeFiles/squarewave.dir/home/grakoto/pico/pico-sdk/src/rp2_common/hardware_sync/sync.c.o
 .ARM.attributes
                0x00000174       0x38 CMakeFiles/squarewave.dir/home/grakoto/pico/pico-sdk/src/rp2_common/hardware_sync_spin_lock/sync_spin_lock.c.o
 .ARM.attributes
                0x000001ac       0x38 CMakeFiles/squarewave.dir/home/grakoto/pico/pico-sdk/src/rp2_common/hardware_irq/irq.c.o
 .ARM.attributes
                0x000001e4       0x28 CMakeFiles/squarewave.dir/home/grakoto/pico/pico-sdk/src/rp2_common/hardware_irq/irq_handler_chain.S.o
 .ARM.attributes
                0x0000020c       0x38 CMakeFiles/squarewave.dir/home/grakoto/pico/pico-sdk/src/common/pico_sync/lock_core.c.o
 .ARM.attributes
                0x00000244       0x38 CMakeFiles/squarewave.dir/home/grakoto/pico/pico-sdk/src/common/pico_sync/mutex.c.o
 .ARM.attributes
                0x0000027c       0x38 CMakeFiles/squarewave.dir/home/grakoto/pico/pico-sdk/src/common/pico_sync/critical_section.c.o
 .ARM.attributes
                0x000002b4       0x38 CMakeFiles/squarewave.dir/home/grakoto/pico/pico-sdk/src/common/pico_time/time.c.o
 .ARM.attributes
                0x000002ec       0x38 CMakeFiles/squarewave.dir/home/grakoto/pico/pico-sdk/src/rp2_common/hardware_timer/timer.c.o
 .ARM.attributes
                0x00000324       0x38 CMakeFiles/squarewave.dir/home/grakoto/pico/pico-sdk/src/rp2_common/hardware_clocks/clocks.c.o
 .ARM.attributes
                0x0000035c       0x38 CMakeFiles/squarewave.dir/home/grakoto/pico/pico-sdk/src/rp2_common/hardware_pll/pll.c.o
 .ARM.attributes
                0x00000394       0x38 CMakeFiles/squarewave.dir/home/grakoto/pico/pico-sdk/src/rp2_common/hardware_watchdog/watchdog.c.o
 .ARM.attributes
                0x000003cc       0x38 CMakeFiles/squarewave.dir/home/grakoto/pico/pico-sdk/src/rp2_common/hardware_ticks/ticks.c.o
 .ARM.attributes
                0x00000404       0x38 CMakeFiles/squarewave.dir/home/grakoto/pico/pico-sdk/src/rp2_common/pico_bootrom/bootrom.c.o
 .ARM.attributes
                0x0000043c       0x38 CMakeFiles/squarewave.dir/home/grakoto/pico/pico-sdk/src/rp2_common/pico_bootrom/bootrom_lock.c.o
 .ARM.attributes
                0x00000474       0x38 CMakeFiles/squarewave.dir/home/grakoto/pico/pico-sdk/src/rp2_common/hardware_boot_lock/boot_lock.c.o
 .ARM.attributes
                0x000004ac       0x38 CMakeFiles/squarewave.dir/home/grakoto/pico/pico-sdk/src/rp2_common/hardware_xosc/xosc.c.o
 .ARM.attributes
                0x000004e4       0x38 CMakeFiles/squarewave.dir/home/grakoto/pico/pico-sdk/src/rp2_common/pico_runtime/runtime.c.o
 .ARM.attributes
                0x0000051c       0x38 CMakeFiles/squarewave.dir/home/grakoto/pico/pico-sdk/src/rp2_common/pico_runtime_init/runtime_init.c.o
 .ARM.attributes
                0x00000554       0x38 CMakeFiles/squarewave.dir/home/grakoto/pico/pico-sdk/src/rp2_common/pico_runtime_init/runtime_init_clocks.c.o
 .ARM.attributes
                0x0000058c       0x38 CMakeFiles/squarewave.dir/home/grakoto/pico/pico-sdk/src/rp2_common/pico_standard_binary_info/standard_binary_info.c.o
 .ARM.attributes
                0x000005c4       0x38 CMakeFiles/squarewave.dir/home/grakoto/pico/pico-sdk/src/rp2_common/pico_printf/printf.c.o
 .ARM.attributes
                0x000005fc       0x28 CMakeFiles/squarewave.dir/home/grakoto/pico/pico-sdk/src/rp2_common/pico_crt0/crt0.S.o
 .ARM.attributes
                0x00000624       0x38 CMakeFiles/squarewave.dir/home/grakoto/pico/pico-sdk/src/rp2_common/pico_clib_interface/newlib_interface.c.o
 .ARM.attributes
                0x0000065c       0x38 CMakeFiles/squarewave.dir/home/grakoto/pico/pico-sdk/src/rp2_common/pico_stdio/stdio.c.o
 .ARM.attributes
                0x00000694       0x38 CMakeFiles/squarewave.dir/home/grakoto/pico/pico-sdk/src/rp2_common/pico_stdio_usb/reset_interface.c.o
 .ARM.attributes
                0x000006cc       0x38 CMakeFiles/squarewave.dir/home/grakoto/pico/pico-sdk/src/rp2_common/pico_stdio_usb/stdio_usb.c.o
 .ARM.attributes
                0x00000704       0x38 CMakeFiles/squarewave.dir/home/grakoto/pico/pico-sdk/src/rp2_common/pico_stdio_usb/stdio_usb_descriptors.c.o
 .ARM.attributes
                0x0000073c       0x38 CMakeFiles/squarewave.dir/home/grakoto/pico/pico-sdk/src/rp2_common/pico_unique_id/unique_id.c.o
 .ARM.attributes
                0x00000774       0x38 CMakeFiles/squarewave.dir/home/grakoto/pico/pico-sdk/lib/tinyusb/src/portable/raspberrypi/rp2040/dcd_rp2040.c.o
 .ARM.attributes
                0x000007ac       0x38 CMakeFiles/squarewave.dir/home/grakoto/pico/pico-sdk/lib/tinyusb/src/portable/raspberrypi/rp2040/rp2040_usb.c.o
 .ARM.attributes
                0x000007e4       0x38 CMakeFiles/squarewave.dir/home/grakoto/pico/pico-sdk/lib/tinyusb/src/device/usbd.c.o
 .ARM.attributes
                0x0000081c       0x38 CMakeFiles/squarewave.dir/home/grakoto/pico/pico-sdk/lib/tinyusb/src/device/usbd_control.c.o
 .ARM.attributes
                0x00000854       0x38 CMakeFiles/squarewave.dir/home/grakoto/pico/pico-sdk/lib/tinyusb/src/class/cdc/cdc_device.c.o
 .ARM.attributes
                0x0000088c       0x38 CMakeFiles/squarewave.dir/home/grakoto/pico/pico-sdk/lib/tinyusb/src/class/vendor/vendor_device.c.o
 .ARM.attributes