Archive member included to satisfy reference by file (symbol)

squarewavePIO/libsquarewave_lib.a(squarewave.c.o)
                              CMakeFiles/slave.dir/main.c.o (sm_completed)
i2c_slave/libi2c_slave_handler.a(slave_i2c_handler.c.o)
                              CMakeFiles/slave.dir/main.c.o (frame)
/usr/lib/gcc/arm-none-eabi/13.2.1/../../../arm-none-eabi/lib/thumb/v8-m.main+fp/softfp/libm.a(libm_a-wf_sqrt.o)
                              CMakeFiles/slave.dir/home/grakoto/pico/pico-sdk/src/rp2_common/pico_float/float_math.c.o (sqrtf)
/usr/lib/gcc/arm-none-eabi/13.2.1/../../../arm-none-eabi/lib/thumb/v8-m.main+fp/softfp/libm.a(libm_a-ef_sqrt.o)
                              /usr/lib/gcc/arm-none-eabi/13.2.1/../../../arm-none-eabi/lib/thumb/v8-m.main+fp/softfp/libm.a(libm_a-wf_sqrt.o) (__ieee754_sqrtf)
/usr/lib/gcc/arm-none-eabi/13.2.1/thumb/v8-m.main+fp/softfp/libgcc.a(_arm_addsubdf3.o)
                              CMakeFiles/slave.dir/home/grakoto/pico/pico-sdk/src/rp2_common/pico_float/float_math.c.o (__aeabi_f2d)
/usr/lib/gcc/arm-none-eabi/13.2.1/thumb/v8-m.main+fp/softfp/libgcc.a(_aeabi_ldivmod.o)
                              CMakeFiles/slave.dir/home/grakoto/pico/pico-sdk/src/common/pico_time/time.c.o (__aeabi_ldivmod)
/usr/lib/gcc/arm-none-eabi/13.2.1/thumb/v8-m.main+fp/softfp/libgcc.a(_aeabi_uldivmod.o)
                              CMakeFiles/slave.dir/home/grakoto/pico/pico-sdk/src/rp2_common/hardware_clocks/clocks.c.o (__aeabi_uldivmod)
/usr/lib/gcc/arm-none-eabi/13.2.1/thumb/v8-m.main+fp/softfp/libgcc.a(_udivmoddi4.o)
                              /usr/lib/gcc/arm-none-eabi/13.2.1/thumb/v8-m.main+fp/softfp/libgcc.a(_aeabi_ldivmod.o) (__udivmoddi4)
/usr/lib/gcc/arm-none-eabi/13.2.1/thumb/v8-m.main+fp/softfp/libgcc.a(_dvmd_tls.o)
                              /usr/lib/gcc/arm-none-eabi/13.2.1/thumb/v8-m.main+fp/softfp/libgcc.a(_aeabi_ldivmod.o) (__aeabi_ldiv0)
/usr/lib/gcc/arm-none-eabi/13.2.1/../../../arm-none-eabi/lib/thumb/v8-m.main+fp/softfp/libg.a(libc_a-memset.o)
                              /usr/lib/gcc/arm-none-eabi/13.2.1/../../../arm-none-eabi/lib/thumb/v8-m.main+fp/softfp/crt0.o (memset)
/usr/lib/gcc/arm-none-eabi/13.2.1/../../../arm-none-eabi/lib/thumb/v8-m.main+fp/softfp/libg.a(libc_a-calloc.o)
                              CMakeFiles/slave.dir/home/grakoto/pico/pico-sdk/src/rp2_common/pico_malloc/malloc.c.o (calloc)
/usr/lib/gcc/arm-none-eabi/13.2.1/../../../arm-none-eabi/lib/thumb/v8-m.main+fp/softfp/libg.a(libc_a-errno.o)
                              /usr/lib/gcc/arm-none-eabi/13.2.1/../../../arm-none-eabi/lib/thumb/v8-m.main+fp/softfp/libm.a(libm_a-wf_sqrt.o) (__errno)
/usr/lib/gcc/arm-none-eabi/13.2.1/../../../arm-none-eabi/lib/thumb/v8-m.main+fp/softfp/libg.a(libc_a-impure.o)
                              /usr/lib/gcc/arm-none-eabi/13.2.1/../../../arm-none-eabi/lib/thumb/v8-m.main+fp/softfp/libg.a(libc_a-calloc.o) (_impure_ptr)
/usr/lib/gcc/arm-none-eabi/13.2.1/../../../arm-none-eabi/lib/thumb/v8-m.main+fp/softfp/libg.a(libc_a-callocr.o)
                              /usr/lib/gcc/arm-none-eabi/13.2.1/../../../arm-none-eabi/lib/thumb/v8-m.main+fp/softfp/libg.a(libc_a-calloc.o) (_calloc_r)
/usr/lib/gcc/arm-none-eabi/13.2.1/../../../arm-none-eabi/lib/thumb/v8-m.main+fp/softfp/libg.a(libc_a-realloc.o)
                              CMakeFiles/slave.dir/home/grakoto/pico/pico-sdk/src/rp2_common/pico_malloc/malloc.c.o (realloc)
/usr/lib/gcc/arm-none-eabi/13.2.1/../../../arm-none-eabi/lib/thumb/v8-m.main+fp/softfp/libg.a(libc_a-mallocr.o)
                              /usr/lib/gcc/arm-none-eabi/13.2.1/../../../arm-none-eabi/lib/thumb/v8-m.main+fp/softfp/libg.a(libc_a-callocr.o) (_malloc_r)
/usr/lib/gcc/arm-none-eabi/13.2.1/../../../arm-none-eabi/lib/thumb/v8-m.main+fp/softfp/libg.a(libc_a-freer.o)
                              /usr/lib/gcc/arm-none-eabi/13.2.1/../../../arm-none-eabi/lib/thumb/v8-m.main+fp/softfp/libg.a(libc_a-mallocr.o) (_free_r)
/usr/lib/gcc/arm-none-eabi/13.2.1/../../../arm-none-eabi/lib/thumb/v8-m.main+fp/softfp/libg.a(libc_a-memcmp.o)
                              CMakeFiles/slave.dir/home/grakoto/pico/pico-sdk/src/rp2_common/pico_atomic/atomic.c.o (memcmp)
/usr/lib/gcc/arm-none-eabi/13.2.1/../../../arm-none-eabi/lib/thumb/v8-m.main+fp/softfp/libg.a(libc_a-malloc.o)
                              CMakeFiles/slave.dir/home/grakoto/pico/pico-sdk/src/rp2_common/pico_malloc/malloc.c.o (malloc)
/usr/lib/gcc/arm-none-eabi/13.2.1/../../../arm-none-eabi/lib/thumb/v8-m.main+fp/softfp/libg.a(libc_a-memcpy.o)
                              CMakeFiles/slave.dir/home/grakoto/pico/pico-sdk/src/common/pico_util/queue.c.o (memcpy)
/usr/lib/gcc/arm-none-eabi/13.2.1/../../../arm-none-eabi/lib/thumb/v8-m.main+fp/softfp/libg.a(libc_a-sysconf.o)
                              /usr/lib/gcc/arm-none-eabi/13.2.1/../../../arm-none-eabi/lib/thumb/v8-m.main+fp/softfp/libg.a(libc_a-mallocr.o) (sysconf)
[...]
Memory Configuration

Name             Origin             Length             Attributes
FLASH            0x10000000         0x00400000         xr
RAM              0x20000000         0x00080000         xrw
SCRATCH_X        0x20080000         0x00001000         xrw
SCRATCH_Y        0x20081000         0x00001000         xrw
*default*        0x00000000         0xffffffff

Linker script and memory map

LOAD /usr/lib/gcc/arm-none-eabi/13.2.1/thumb/v8-m.main+fp/softfp/crti.o
LOAD /usr/lib/gcc/arm-none-eabi/13.2.1/thumb/v8-m.main+fp/softfp/crtbegin.o
LOAD /usr/lib/gcc/arm-none-eabi/13.2.1/../../../arm-none-eabi/lib/thumb/v8-m.main+fp/softfp/crt0.o

.flash_begin    0x10000000        0x0
                0x10000000                        __flash_binary_start = .

.text           0x10000000     0x6aa4
                0x10000000                        __logical_binary_start = .
 *(.vectors)
 .vectors       0x10000000      0x124 CMakeFiles/slave.dir/home/grakoto/pico/pico-sdk/src/rp2_common/pico_crt0/crt0.S.o
                0x10000000                __vectors
                0x10000000                __VECTOR_TABLE
                0x10000110                isr_invalid
                0x10000110                __default_isrs_start
                0x10000112                isr_nmi
                0x10000114                isr_hardfault
                0x10000116                isr_svcall
                0x10000118                isr_pendsv
                0x1000011a                isr_systick
                0x1000011c                isr_irq30
                0x1000011c                __unhandled_user_irq
                0x1000011c                isr_irq49
                0x1000011c                isr_irq13
                0x1000011c                isr_irq43
                0x1000011c                isr_irq45
                0x1000011c                isr_irq27
                0x1000011c                isr_irq32
                0x1000011c                isr_irq31
                0x1000011c                isr_irq5
                0x1000011c                isr_irq11
                0x1000011c                isr_irq23
                0x1000011c                isr_irq48
                0x1000011c                isr_irq35
                0x1000011c                isr_irq18
                0x1000011c                isr_irq50
                0x1000011c                isr_irq40
                0x1000011c                isr_irq28
                0x1000011c                isr_irq19
                0x1000011c                isr_irq36
                0x1000011c                isr_irq41
                0x1000011c                isr_irq0
                0x1000011c                isr_irq6
                0x1000011c                isr_irq37
                0x1000011c                isr_irq42
                0x1000011c                isr_irq22
                0x1000011c                isr_irq17
                0x1000011c                isr_irq38
                0x1000011c                isr_irq14
                0x1000011c                isr_irq2
                0x1000011c                isr_irq10
                0x1000011c                isr_irq8
                0x1000011c                isr_irq24
                0x1000011c                isr_irq46
                0x1000011c                isr_irq1
                0x1000011c                isr_irq47
                0x1000011c                isr_irq51
                0x1000011c                isr_irq7
                0x1000011c                isr_irq21
                0x1000011c                isr_irq39
                0x1000011c                isr_irq20
                0x1000011c                isr_irq15
                0x1000011c                isr_irq25
                0x1000011c                isr_irq34
                0x1000011c                isr_irq4
                0x1000011c                isr_irq16
                0x1000011c                isr_irq44
                0x1000011c                isr_irq29
                0x1000011c                isr_irq26
                0x1000011c                __default_isrs_end
                0x1000011c                isr_irq33
                0x1000011c                isr_irq3
                0x1000011c                isr_irq12
                0x1000011c                isr_irq9
                0x10000122                unhandled_user_irq_num_in_r0
 *(.binary_info_header)
 .binary_info_header
                0x10000124       0x14 CMakeFiles/slave.dir/home/grakoto/pico/pico-sdk/src/rp2_common/pico_crt0/crt0.S.o
                0x10000138                        __binary_info_header_end = .
 *(.embedded_block)
 .embedded_block
                0x10000138       0x14 CMakeFiles/slave.dir/home/grakoto/pico/pico-sdk/src/rp2_common/pico_crt0/crt0.S.o
                0x1000014c                        __embedded_block_end = .
 *(.reset)
 .reset         0x1000014c       0xa0 CMakeFiles/slave.dir/home/grakoto/pico/pico-sdk/src/rp2_common/pico_crt0/crt0.S.o
                0x1000014c                _entry_point
 *(.init)
 .init          0x100001ec        0x4 /usr/lib/gcc/arm-none-eabi/13.2.1/thumb/v8-m.main+fp/softfp/crti.o
                0x100001ec                _init
 *libgcc.a:cmse_nonsecure_call.o()
 *(EXCLUDE_FILE(*libm.a: *libc.a:*lib_a-mem*.o *libgcc.a:) .text*)
 .text          0x100001f0       0x8c /usr/lib/gcc/arm-none-eabi/13.2.1/thumb/v8-m.main+fp/softfp/crtbegin.o
 .text.startup.main
                0x1000027c      0x128 CMakeFiles/slave.dir/main.c.o
                0x1000027c                main
 .text.gpio_set_function
                0x100003a4       0x3c CMakeFiles/slave.dir/home/grakoto/pico/pico-sdk/src/rp2_common/hardware_gpio/gpio.c.o
                0x100003a4                gpio_set_function
 .text.gpio_set_pulls
                0x100003e0       0x28 CMakeFiles/slave.dir/home/grakoto/pico/pico-sdk/src/rp2_common/hardware_gpio/gpio.c.o
                0x100003e0                gpio_set_pulls
 .text.gpio_init
                0x10000408       0x48 CMakeFiles/slave.dir/home/grakoto/pico/pico-sdk/src/rp2_common/hardware_gpio/gpio.c.o
                0x10000408                gpio_init
 .text.panic    0x10000450       0x30 CMakeFiles/slave.dir/home/grakoto/pico/pico-sdk/src/rp2_common/pico_platform_panic/panic.c.o
                0x10000450                panic
 .text.hw_claim_lock
                0x10000480       0x24 CMakeFiles/slave.dir/home/grakoto/pico/pico-sdk/src/common/hardware_claim/claim.c.o
                0x10000480                hw_claim_lock
 .text.hw_claim_unlock
                0x100004a4       0x14 CMakeFiles/slave.dir/home/grakoto/pico/pico-sdk/src/common/hardware_claim/claim.c.o
                0x100004a4                hw_claim_unlock
 .text.hw_claim_or_assert
                0x100004b8       0x58 CMakeFiles/slave.dir/home/grakoto/pico/pico-sdk/src/common/hardware_claim/claim.c.o
                0x100004b8                hw_claim_or_assert
 .text.hw_claim_unused_from_range
                0x10000510       0x9c CMakeFiles/slave.dir/home/grakoto/pico/pico-sdk/src/common/hardware_claim/claim.c.o
                0x10000510                hw_claim_unused_from_range
 .text.hw_claim_clear
                0x100005ac       0x50 CMakeFiles/slave.dir/home/grakoto/pico/pico-sdk/src/common/hardware_claim/claim.c.o
                0x100005ac                hw_claim_clear
 .text.next_striped_spin_lock_num
                0x100005fc       0x18 CMakeFiles/slave.dir/home/grakoto/pico/pico-sdk/src/rp2_common/hardware_sync/sync.c.o
                0x100005fc                next_striped_spin_lock_num
 .text.spin_lock_claim_unused
                0x10000614       0x20 CMakeFiles/slave.dir/home/grakoto/pico/pico-sdk/src/rp2_common/hardware_sync/sync.c.o
                0x10000614                spin_lock_claim_unused
 .text.spinlock_set_extexclall
                0x10000634       0x10 CMakeFiles/slave.dir/home/grakoto/pico/pico-sdk/src/rp2_common/hardware_sync_spin_lock/sync_spin_lock.c.o
 .text.spin_locks_reset
                0x10000644       0x18 CMakeFiles/slave.dir/home/grakoto/pico/pico-sdk/src/rp2_common/hardware_sync_spin_lock/sync_spin_lock.c.o
                0x10000644                spin_locks_reset
 .text.runtime_init_per_core_irq_priorities
                0x1000065c       0x40 CMakeFiles/slave.dir/home/grakoto/pico/pico-sdk/src/rp2_common/hardware_irq/irq.c.o
                0x1000065c                runtime_init_per_core_irq_priorities
 .text.irq_set_enabled
                0x1000069c       0x2c CMakeFiles/slave.dir/home/grakoto/pico/pico-sdk/src/rp2_common/hardware_irq/irq.c.o
                0x1000069c                irq_set_enabled
 .text.irq_is_enabled
                0x100006c8       0x20 CMakeFiles/slave.dir/home/grakoto/pico/pico-sdk/src/rp2_common/hardware_irq/irq.c.o
                0x100006c8                irq_is_enabled
 .text.irq_set_pending
                0x100006e8       0x18 CMakeFiles/slave.dir/home/grakoto/pico/pico-sdk/src/rp2_common/hardware_irq/irq.c.o
                0x100006e8                irq_set_pending
 .text.irq_has_shared_handler
                0x10000700       0x20 CMakeFiles/slave.dir/home/grakoto/pico/pico-sdk/src/rp2_common/hardware_irq/irq.c.o
                0x10000700                irq_has_shared_handler
 .text.irq_set_exclusive_handler
                0x10000720       0x60 CMakeFiles/slave.dir/home/grakoto/pico/pico-sdk/src/rp2_common/hardware_irq/irq.c.o
                0x10000720                irq_set_exclusive_handler
 .text.irq_add_shared_handler
                0x10000780      0x1e8 CMakeFiles/slave.dir/home/grakoto/pico/pico-sdk/src/rp2_common/hardware_irq/irq.c.o
                0x10000780                irq_add_shared_handler
 .text.irq_add_tail_to_free_list
                0x10000968       0xbc CMakeFiles/slave.dir/home/grakoto/pico/pico-sdk/src/rp2_common/hardware_irq/irq.c.o
                0x10000968                irq_add_tail_to_free_list
 .text.user_irq_claim_unused
                0x10000a24       0x28 CMakeFiles/slave.dir/home/grakoto/pico/pico-sdk/src/rp2_common/hardware_irq/irq.c.o
                0x10000a24                user_irq_claim_unused
 .text.lock_init
                0x10000a4c        0xc CMakeFiles/slave.dir/home/grakoto/pico/pico-sdk/src/common/pico_sync/lock_core.c.o
                0x10000a4c                lock_init
 .text.runtime_init_mutex
                0x10000a58       0x4c CMakeFiles/slave.dir/home/grakoto/pico/pico-sdk/src/common/pico_sync/mutex.c.o
                0x10000a58                runtime_init_mutex
 .text.mutex_init
                0x10000aa4       0x1c CMakeFiles/slave.dir/home/grakoto/pico/pico-sdk/src/common/pico_sync/mutex.c.o
                0x10000aa4                mutex_init
 .text.critical_section_init
                0x10000ac0       0x1c CMakeFiles/slave.dir/home/grakoto/pico/pico-sdk/src/common/pico_sync/critical_section.c.o
                0x10000ac0                critical_section_init
 .text.critical_section_init_with_lock_num
                0x10000adc       0x10 CMakeFiles/slave.dir/home/grakoto/pico/pico-sdk/src/common/pico_sync/critical_section.c.o
                0x10000adc                critical_section_init_with_lock_num
 .text.sleep_until_callback
                0x10000aec       0x3c CMakeFiles/slave.dir/home/grakoto/pico/pico-sdk/src/common/pico_time/time.c.o
 .text.alarm_pool_irq_handler
                0x10000b28      0x2f0 CMakeFiles/slave.dir/home/grakoto/pico/pico-sdk/src/common/pico_time/time.c.o
 .text.runtime_init_default_alarm_pool
                0x10000e18      0x100 CMakeFiles/slave.dir/home/grakoto/pico/pico-sdk/src/common/pico_time/time.c.o
                0x10000e18                runtime_init_default_alarm_pool
 .text.alarm_pool_get_default
                0x10000f18        0x8 CMakeFiles/slave.dir/home/grakoto/pico/pico-sdk/src/common/pico_time/time.c.o
                0x10000f18                alarm_pool_get_default
 .text.alarm_pool_add_alarm_at
                0x10000f20       0xdc CMakeFiles/slave.dir/home/grakoto/pico/pico-sdk/src/common/pico_time/time.c.o
                0x10000f20                alarm_pool_add_alarm_at
 .text.alarm_pool_add_alarm_at_force_in_context
                0x10000ffc       0xc8 CMakeFiles/slave.dir/home/grakoto/pico/pico-sdk/src/common/pico_time/time.c.o
                0x10000ffc                alarm_pool_add_alarm_at_force_in_context
 .text.alarm_pool_cancel_alarm
                0x100010c4       0x80 CMakeFiles/slave.dir/home/grakoto/pico/pico-sdk/src/common/pico_time/time.c.o
                0x100010c4                alarm_pool_cancel_alarm
 .text.alarm_pool_core_num
                0x10001144        0x4 CMakeFiles/slave.dir/home/grakoto/pico/pico-sdk/src/common/pico_time/time.c.o
                0x10001144                alarm_pool_core_num
 .text.sleep_until
                0x10001148       0xbc CMakeFiles/slave.dir/home/grakoto/pico/pico-sdk/src/common/pico_time/time.c.o
                0x10001148                sleep_until
 .text.sleep_ms
                0x10001204       0x2c CMakeFiles/slave.dir/home/grakoto/pico/pico-sdk/src/common/pico_time/time.c.o
                0x10001204                sleep_ms
 .text.best_effort_wfe_or_timeout
                0x10001230       0xbc CMakeFiles/slave.dir/home/grakoto/pico/pico-sdk/src/common/pico_time/time.c.o
                0x10001230                best_effort_wfe_or_timeout
 .text.timer_hardware_alarm_claim
                0x100012ec       0x24 CMakeFiles/slave.dir/home/grakoto/pico/pico-sdk/src/rp2_common/hardware_timer/timer.c.o
                0x100012ec                timer_hardware_alarm_claim
 .text.timer_time_us_64
                0x10001310       0x10 CMakeFiles/slave.dir/home/grakoto/pico/pico-sdk/src/rp2_common/hardware_timer/timer.c.o
                0x10001310                timer_time_us_64
 .text.time_us_64
                0x10001320       0x14 CMakeFiles/slave.dir/home/grakoto/pico/pico-sdk/src/rp2_common/hardware_timer/timer.c.o
                0x10001320                time_us_64
 .text.busy_wait_until
                0x10001334       0x24 CMakeFiles/slave.dir/home/grakoto/pico/pico-sdk/src/rp2_common/hardware_timer/timer.c.o
                0x10001334                busy_wait_until
 .text.clock_configure_undivided
                0x10001358       0xd0 CMakeFiles/slave.dir/home/grakoto/pico/pico-sdk/src/rp2_common/hardware_clocks/clocks.c.o
                0x10001358                clock_configure_undivided
 .text.clock_get_hz
                0x10001428        0xc CMakeFiles/slave.dir/home/grakoto/pico/pico-sdk/src/rp2_common/hardware_clocks/clocks.c.o
                0x10001428                clock_get_hz
 .text.pll_init
                0x10001434       0x8c CMakeFiles/slave.dir/home/grakoto/pico/pico-sdk/src/rp2_common/hardware_pll/pll.c.o
                0x10001434                pll_init
 .text.watchdog_reboot
                0x100014c0       0x98 CMakeFiles/slave.dir/home/grakoto/pico/pico-sdk/src/rp2_common/hardware_watchdog/watchdog.c.o
                0x100014c0                watchdog_reboot
 .text.tick_start
                0x10001558       0x18 CMakeFiles/slave.dir/home/grakoto/pico/pico-sdk/src/rp2_common/hardware_ticks/ticks.c.o
                0x10001558                tick_start
 .text.rom_reboot.constprop.0.isra.0
                0x10001570       0x34 CMakeFiles/slave.dir/home/grakoto/pico/pico-sdk/src/rp2_common/pico_bootrom/bootrom.c.o
 .text.rom_func_lookup
                0x100015a4       0x18 CMakeFiles/slave.dir/home/grakoto/pico/pico-sdk/src/rp2_common/pico_bootrom/bootrom.c.o
                0x100015a4                rom_func_lookup
 .text.rom_reset_usb_boot_extra
                0x100015bc       0x1c CMakeFiles/slave.dir/home/grakoto/pico/pico-sdk/src/rp2_common/pico_bootrom/bootrom.c.o
                0x100015bc                rom_reset_usb_boot_extra
 .text.runtime_init_bootrom_locking_enable
                0x100015d8       0x14 CMakeFiles/slave.dir/home/grakoto/pico/pico-sdk/src/rp2_common/pico_bootrom/bootrom_lock.c.o
                0x100015d8                runtime_init_bootrom_locking_enable
 .text.runtime_init_boot_locks_reset
                0x100015ec       0x1c CMakeFiles/slave.dir/home/grakoto/pico/pico-sdk/src/rp2_common/hardware_boot_lock/boot_lock.c.o
                0x100015ec                runtime_init_boot_locks_reset
 .text.xosc_init
                0x10001608       0x30 CMakeFiles/slave.dir/home/grakoto/pico/pico-sdk/src/rp2_common/hardware_xosc/xosc.c.o
                0x10001608                xosc_init
 .text.first_per_core_initializer
                0x10001638        0x4 CMakeFiles/slave.dir/home/grakoto/pico/pico-sdk/src/rp2_common/pico_runtime/runtime.c.o
 .text.hard_assertion_failure
                0x1000163c        0xc CMakeFiles/slave.dir/home/grakoto/pico/pico-sdk/src/rp2_common/pico_runtime/runtime.c.o
                0x1000163c                hard_assertion_failure
 .text.runtime_run_initializers
                0x10001648       0x20 CMakeFiles/slave.dir/home/grakoto/pico/pico-sdk/src/rp2_common/pico_runtime/runtime.c.o
                0x10001648                runtime_run_initializers
 .text.runtime_init_early_resets
                0x10001668       0x34 CMakeFiles/slave.dir/home/grakoto/pico/pico-sdk/src/rp2_common/pico_runtime_init/runtime_init.c.o
                0x10001668                runtime_init_early_resets
 .text.runtime_init_usb_power_down
                0x1000169c       0x1c CMakeFiles/slave.dir/home/grakoto/pico/pico-sdk/src/rp2_common/pico_runtime_init/runtime_init.c.o
                0x1000169c                runtime_init_usb_power_down
 .text.runtime_init_per_core_enable_coprocessors
                0x100016b8       0x1c CMakeFiles/slave.dir/home/grakoto/pico/pico-sdk/src/rp2_common/pico_runtime_init/runtime_init.c.o
                0x100016b8                runtime_init_per_core_enable_coprocessors
 .text.runtime_init_post_clock_resets
                0x100016d4       0x20 CMakeFiles/slave.dir/home/grakoto/pico/pico-sdk/src/rp2_common/pico_runtime_init/runtime_init.c.o
                0x100016d4                runtime_init_post_clock_resets
 .text.runtime_init_bootrom_reset
                0x100016f4       0x14 CMakeFiles/slave.dir/home/grakoto/pico/pico-sdk/src/rp2_common/pico_runtime_init/runtime_init.c.o
                0x100016f4                runtime_init_bootrom_reset
 .text.runtime_init_per_core_bootrom_reset
                0x10001708       0x14 CMakeFiles/slave.dir/home/grakoto/pico/pico-sdk/src/rp2_common/pico_runtime_init/runtime_init.c.o
                0x10001708                runtime_init_per_core_bootrom_reset
 .text.runtime_init_spin_locks_reset
                0x1000171c        0x4 CMakeFiles/slave.dir/home/grakoto/pico/pico-sdk/src/rp2_common/pico_runtime_init/runtime_init.c.o
                0x1000171c                runtime_init_spin_locks_reset
 .text.runtime_init_install_ram_vector_table
                0x10001720       0x20 CMakeFiles/slave.dir/home/grakoto/pico/pico-sdk/src/rp2_common/pico_runtime_init/runtime_init.c.o
                0x10001720                runtime_init_install_ram_vector_table
 .text.runtime_init_clocks
                0x10001740       0xdc CMakeFiles/slave.dir/home/grakoto/pico/pico-sdk/src/rp2_common/pico_runtime_init/runtime_init_clocks.c.o
                0x10001740                runtime_init_clocks
 .text.__rp2350_dcp_engaged_state_save_restore
                0x1000181c       0x3a CMakeFiles/slave.dir/home/grakoto/pico/pico-sdk/src/rp2_common/pico_double/double_aeabi_dcp.S.o
 *fill*         0x10001856        0x2 
 .text.__wrap___aeabi_dadd
                0x10001858       0x28 CMakeFiles/slave.dir/home/grakoto/pico/pico-sdk/src/rp2_common/pico_double/double_aeabi_dcp.S.o
                0x10001860                __wrap___aeabi_dadd
 .text.__wrap___aeabi_dsub
                0x10001880       0x28 CMakeFiles/slave.dir/home/grakoto/pico/pico-sdk/src/rp2_common/pico_double/double_aeabi_dcp.S.o
                0x10001888                __wrap___aeabi_dsub
 .text.__wrap___aeabi_dmul
                0x100018a8       0x4c CMakeFiles/slave.dir/home/grakoto/pico/pico-sdk/src/rp2_common/pico_double/double_aeabi_dcp.S.o
                0x100018b0                __wrap___aeabi_dmul
 .text.__wrap___aeabi_ddiv
                0x100018f4       0x9c CMakeFiles/slave.dir/home/grakoto/pico/pico-sdk/src/rp2_common/pico_double/double_aeabi_dcp.S.o
                0x100018fc                __wrap___aeabi_ddiv
 .text.__wrap___aeabi_i2d
                0x10001990       0x24 CMakeFiles/slave.dir/home/grakoto/pico/pico-sdk/src/rp2_common/pico_double/double_aeabi_dcp.S.o
                0x10001998                __wrap___aeabi_i2d
                0x10001998                int2double
 .text.__wrap___aeabi_ui2d
                0x100019b4       0x24 CMakeFiles/slave.dir/home/grakoto/pico/pico-sdk/src/rp2_common/pico_double/double_aeabi_dcp.S.o
                0x100019bc                __wrap___aeabi_ui2d
                0x100019bc                uint2double
 .text.__wrap___aeabi_d2iz
                0x100019d8       0x24 CMakeFiles/slave.dir/home/grakoto/pico/pico-sdk/src/rp2_common/pico_double/double_aeabi_dcp.S.o
                0x100019e0                __wrap___aeabi_d2iz
                0x100019e0                double2int_z
 .text.__wrap___aeabi_d2uiz
                0x100019fc       0x24 CMakeFiles/slave.dir/home/grakoto/pico/pico-sdk/src/rp2_common/pico_double/double_aeabi_dcp.S.o
                0x10001a04                double2uint_z
                0x10001a04                double2uint
                0x10001a04                __wrap___aeabi_d2uiz
 .text.__wrap___aeabi_dcmpun
                0x10001a20       0x24 CMakeFiles/slave.dir/home/grakoto/pico/pico-sdk/src/rp2_common/pico_double/double_aeabi_dcp.S.o
                0x10001a28                __wrap___aeabi_dcmpun
 .text.__wrap___aeabi_dcmplt
                0x10001a44       0x28 CMakeFiles/slave.dir/home/grakoto/pico/pico-sdk/src/rp2_common/pico_double/double_aeabi_dcp.S.o
                0x10001a4c                __wrap___aeabi_dcmplt
 .text.__wrap___aeabi_dcmpge
                0x10001a6c       0x28 CMakeFiles/slave.dir/home/grakoto/pico/pico-sdk/src/rp2_common/pico_double/double_aeabi_dcp.S.o
                0x10001a74                __wrap___aeabi_dcmpge
 .text.__wrap___aeabi_dcmpgt
                0x10001a94       0x28 CMakeFiles/slave.dir/home/grakoto/pico/pico-sdk/src/rp2_common/pico_double/double_aeabi_dcp.S.o
                0x10001a9c                __wrap___aeabi_dcmpgt
 .text._out_null
                0x10001abc        0x4 CMakeFiles/slave.dir/home/grakoto/pico/pico-sdk/src/rp2_common/pico_printf/printf.c.o
 .text._out_rev
                0x10001ac0       0x9c CMakeFiles/slave.dir/home/grakoto/pico/pico-sdk/src/rp2_common/pico_printf/printf.c.o
 .text._ntoa_format
                0x10001b5c      0x2a4 CMakeFiles/slave.dir/home/grakoto/pico/pico-sdk/src/rp2_common/pico_printf/printf.c.o
 .text._out_char
                0x10001e00        0x8 CMakeFiles/slave.dir/home/grakoto/pico/pico-sdk/src/rp2_common/pico_printf/printf.c.o
 .text._out_fct
                0x10001e08        0xc CMakeFiles/slave.dir/home/grakoto/pico/pico-sdk/src/rp2_common/pico_printf/printf.c.o
 *fill*         0x10001e14        0x4 
 .text._etoa    0x10001e18      0x460 CMakeFiles/slave.dir/home/grakoto/pico/pico-sdk/src/rp2_common/pico_printf/printf.c.o
 .text._ftoa    0x10002278      0x3f4 CMakeFiles/slave.dir/home/grakoto/pico/pico-sdk/src/rp2_common/pico_printf/printf.c.o
 .text._vsnprintf
                0x1000266c      0x9e8 CMakeFiles/slave.dir/home/grakoto/pico/pico-sdk/src/rp2_common/pico_printf/printf.c.o
 .text.vfctprintf
                0x10003054       0x28 CMakeFiles/slave.dir/home/grakoto/pico/pico-sdk/src/rp2_common/pico_printf/printf.c.o
                0x10003054                vfctprintf
 .text.weak_raw_vprintf
                0x1000307c       0x30 CMakeFiles/slave.dir/home/grakoto/pico/pico-sdk/src/rp2_common/pico_printf/printf.c.o
                0x1000307c                weak_raw_vprintf
 .text._exit    0x100030ac        0x4 CMakeFiles/slave.dir/home/grakoto/pico/pico-sdk/src/rp2_common/pico_clib_interface/newlib_interface.c.o
                0x100030ac                _exit
 .text.exit     0x100030b0        0x8 CMakeFiles/slave.dir/home/grakoto/pico/pico-sdk/src/rp2_common/pico_clib_interface/newlib_interface.c.o
                0x100030b0                exit
 .text.runtime_init
                0x100030b8       0x24 CMakeFiles/slave.dir/home/grakoto/pico/pico-sdk/src/rp2_common/pico_clib_interface/newlib_interface.c.o
                0x100030b8                runtime_init
 .text.stdio_out_chars_no_crlf
                0x100030dc        0x8 CMakeFiles/slave.dir/home/grakoto/pico/pico-sdk/src/rp2_common/pico_stdio/stdio.c.o
 .text.stdio_out_chars_crlf
                0x100030e4       0xac CMakeFiles/slave.dir/home/grakoto/pico/pico-sdk/src/rp2_common/pico_stdio/stdio.c.o
 .text.stdio_buffered_printer
                0x10003190       0x60 CMakeFiles/slave.dir/home/grakoto/pico/pico-sdk/src/rp2_common/pico_stdio/stdio.c.o
 .text.stdio_put_string
                0x100031f0       0xf0 CMakeFiles/slave.dir/home/grakoto/pico/pico-sdk/src/rp2_common/pico_stdio/stdio.c.o
                0x100031f0                stdio_put_string
 .text.stdio_set_driver_enabled
                0x100032e0       0x30 CMakeFiles/slave.dir/home/grakoto/pico/pico-sdk/src/rp2_common/pico_stdio/stdio.c.o
                0x100032e0                stdio_set_driver_enabled
 .text.stdio_init_all
                0x10003310        0x4 CMakeFiles/slave.dir/home/grakoto/pico/pico-sdk/src/rp2_common/pico_stdio/stdio.c.o
                0x10003310                stdio_init_all
 .text.__wrap_putchar
                0x10003314       0x84 CMakeFiles/slave.dir/home/grakoto/pico/pico-sdk/src/rp2_common/pico_stdio/stdio.c.o
                0x10003314                stdio_putchar
                0x10003314                __wrap_putchar
 .text.__wrap_puts
                0x10003398       0x3c CMakeFiles/slave.dir/home/grakoto/pico/pico-sdk/src/rp2_common/pico_stdio/stdio.c.o
                0x10003398                __wrap_puts
                0x10003398                stdio_puts
 .text.__wrap_vprintf
                0x100033d4       0xc8 CMakeFiles/slave.dir/home/grakoto/pico/pico-sdk/src/rp2_common/pico_stdio/stdio.c.o
                0x100033d4                __wrap_vprintf
                0x100033d4                stdio_vprintf
 .text.__wrap_printf
                0x1000349c       0x1c CMakeFiles/slave.dir/home/grakoto/pico/pico-sdk/src/rp2_common/pico_stdio/stdio.c.o
                0x1000349c                stdio_printf
                0x1000349c                __wrap_printf
 .text.resetd_init
                0x100034b8        0x4 CMakeFiles/slave.dir/home/grakoto/pico/pico-sdk/src/rp2_common/pico_stdio_usb/reset_interface.c.o
 .text.resetd_reset
                0x100034bc        0xc CMakeFiles/slave.dir/home/grakoto/pico/pico-sdk/src/rp2_common/pico_stdio_usb/reset_interface.c.o
 .text.resetd_open
                0x100034c8       0x28 CMakeFiles/slave.dir/home/grakoto/pico/pico-sdk/src/rp2_common/pico_stdio_usb/reset_interface.c.o
 .text.resetd_xfer_cb
                0x100034f0        0x4 CMakeFiles/slave.dir/home/grakoto/pico/pico-sdk/src/rp2_common/pico_stdio_usb/reset_interface.c.o
 .text.resetd_control_xfer_cb
                0x100034f4       0x50 CMakeFiles/slave.dir/home/grakoto/pico/pico-sdk/src/rp2_common/pico_stdio_usb/reset_interface.c.o
 .text.tud_descriptor_bos_cb
                0x10003544        0x8 CMakeFiles/slave.dir/home/grakoto/pico/pico-sdk/src/rp2_common/pico_stdio_usb/reset_interface.c.o
                0x10003544                tud_descriptor_bos_cb
 .text.tud_vendor_control_xfer_cb
                0x1000354c       0x28 CMakeFiles/slave.dir/home/grakoto/pico/pico-sdk/src/rp2_common/pico_stdio_usb/reset_interface.c.o
                0x1000354c                tud_vendor_control_xfer_cb
 .text.usbd_app_driver_get_cb
                0x10003574       0x10 CMakeFiles/slave.dir/home/grakoto/pico/pico-sdk/src/rp2_common/pico_stdio_usb/reset_interface.c.o
                0x10003574                usbd_app_driver_get_cb
 .text.tud_cdc_line_coding_cb
                0x10003584       0x18 CMakeFiles/slave.dir/home/grakoto/pico/pico-sdk/src/rp2_common/pico_stdio_usb/reset_interface.c.o
                0x10003584                tud_cdc_line_coding_cb
 .text.stdio_usb_set_chars_available_callback
                0x1000359c       0x14 CMakeFiles/slave.dir/home/grakoto/pico/pico-sdk/src/rp2_common/pico_stdio_usb/stdio_usb.c.o
                0x1000359c                stdio_usb_set_chars_available_callback
 .text.timer_task
                0x100035b0       0x70 CMakeFiles/slave.dir/home/grakoto/pico/pico-sdk/src/rp2_common/pico_stdio_usb/stdio_usb.c.o
 .text.usb_irq  0x10003620        0xc CMakeFiles/slave.dir/home/grakoto/pico/pico-sdk/src/rp2_common/pico_stdio_usb/stdio_usb.c.o
 .text.stdio_usb_in_chars
                0x1000362c       0x88 CMakeFiles/slave.dir/home/grakoto/pico/pico-sdk/src/rp2_common/pico_stdio_usb/stdio_usb.c.o
                0x1000362c                stdio_usb_in_chars
 .text.stdio_usb_out_flush
                0x100036b4       0x54 CMakeFiles/slave.dir/home/grakoto/pico/pico-sdk/src/rp2_common/pico_stdio_usb/stdio_usb.c.o
 .text.stdio_usb_out_chars
                0x10003708       0xf4 CMakeFiles/slave.dir/home/grakoto/pico/pico-sdk/src/rp2_common/pico_stdio_usb/stdio_usb.c.o
 .text.low_priority_worker_irq
                0x100037fc       0xd8 CMakeFiles/slave.dir/home/grakoto/pico/pico-sdk/src/rp2_common/pico_stdio_usb/stdio_usb.c.o
 .text.stdio_usb_init
                0x100038d4       0xe8 CMakeFiles/slave.dir/home/grakoto/pico/pico-sdk/src/rp2_common/pico_stdio_usb/stdio_usb.c.o
                0x100038d4                stdio_usb_init
 .text.tud_descriptor_device_cb
                0x100039bc        0x8 CMakeFiles/slave.dir/home/grakoto/pico/pico-sdk/src/rp2_common/pico_stdio_usb/stdio_usb_descriptors.c.o
                0x100039bc                tud_descriptor_device_cb
 .text.tud_descriptor_configuration_cb
                0x100039c4        0x8 CMakeFiles/slave.dir/home/grakoto/pico/pico-sdk/src/rp2_common/pico_stdio_usb/stdio_usb_descriptors.c.o
                0x100039c4                tud_descriptor_configuration_cb
 .text.tud_descriptor_string_cb
                0x100039cc       0x70 CMakeFiles/slave.dir/home/grakoto/pico/pico-sdk/src/rp2_common/pico_stdio_usb/stdio_usb_descriptors.c.o
                0x100039cc                tud_descriptor_string_cb
 .text.startup._retrieve_unique_id_on_boot
                0x10003a3c       0x30 CMakeFiles/slave.dir/home/grakoto/pico/pico-sdk/src/rp2_common/pico_unique_id/unique_id.c.o
 .text.pico_get_unique_board_id_string
                0x10003a6c      0x184 CMakeFiles/slave.dir/home/grakoto/pico/pico-sdk/src/rp2_common/pico_unique_id/unique_id.c.o
                0x10003a6c                pico_get_unique_board_id_string
 .text.dcd_init
                0x10003bf0       0x90 CMakeFiles/slave.dir/home/grakoto/pico/pico-sdk/lib/tinyusb/src/portable/raspberrypi/rp2040/dcd_rp2040.c.o
                0x10003bf0                dcd_init
 .text.dcd_int_enable
                0x10003c80        0x8 CMakeFiles/slave.dir/home/grakoto/pico/pico-sdk/lib/tinyusb/src/portable/raspberrypi/rp2040/dcd_rp2040.c.o
                0x10003c80                dcd_int_enable
 .text.dcd_set_address
                0x10003c88       0x10 CMakeFiles/slave.dir/home/grakoto/pico/pico-sdk/lib/tinyusb/src/portable/raspberrypi/rp2040/dcd_rp2040.c.o
                0x10003c88                dcd_set_address
 .text.dcd_sof_enable
                0x10003c98       0x1c CMakeFiles/slave.dir/home/grakoto/pico/pico-sdk/lib/tinyusb/src/portable/raspberrypi/rp2040/dcd_rp2040.c.o
                0x10003c98                dcd_sof_enable
 .text.dcd_edpt0_status_complete
                0x10003cb4       0x1c CMakeFiles/slave.dir/home/grakoto/pico/pico-sdk/lib/tinyusb/src/portable/raspberrypi/rp2040/dcd_rp2040.c.o
                0x10003cb4                dcd_edpt0_status_complete
 .text.dcd_edpt_open
                0x10003cd0      0x108 CMakeFiles/slave.dir/home/grakoto/pico/pico-sdk/lib/tinyusb/src/portable/raspberrypi/rp2040/dcd_rp2040.c.o
                0x10003cd0                dcd_edpt_open
 .text.dcd_edpt_close_all
                0x10003dd8        0x4 CMakeFiles/slave.dir/home/grakoto/pico/pico-sdk/lib/tinyusb/src/portable/raspberrypi/rp2040/dcd_rp2040.c.o
                0x10003dd8                dcd_edpt_close_all
 .text.dcd_edpt_xfer
                0x10003ddc       0x28 CMakeFiles/slave.dir/home/grakoto/pico/pico-sdk/lib/tinyusb/src/portable/raspberrypi/rp2040/dcd_rp2040.c.o
                0x10003ddc                dcd_edpt_xfer
 .text.dcd_edpt_stall
                0x10003e04       0x2c CMakeFiles/slave.dir/home/grakoto/pico/pico-sdk/lib/tinyusb/src/portable/raspberrypi/rp2040/dcd_rp2040.c.o
                0x10003e04                dcd_edpt_stall
 .text.dcd_edpt_clear_stall
                0x10003e30       0x2c CMakeFiles/slave.dir/home/grakoto/pico/pico-sdk/lib/tinyusb/src/portable/raspberrypi/rp2040/dcd_rp2040.c.o
                0x10003e30                dcd_edpt_clear_stall
 .text.rp2040_usb_init
                0x10003e5c       0x40 CMakeFiles/slave.dir/home/grakoto/pico/pico-sdk/lib/tinyusb/src/portable/raspberrypi/rp2040/rp2040_usb.c.o
                0x10003e5c                rp2040_usb_init
 .text.hw_endpoint_xfer_start
                0x10003e9c       0x40 CMakeFiles/slave.dir/home/grakoto/pico/pico-sdk/lib/tinyusb/src/portable/raspberrypi/rp2040/rp2040_usb.c.o
                0x10003e9c                hw_endpoint_xfer_start
 .text.configuration_reset
                0x10003edc       0x8c CMakeFiles/slave.dir/home/grakoto/pico/pico-sdk/lib/tinyusb/src/device/usbd.c.o
 .text.tud_event_hook_cb
                0x10003f68        0x4 CMakeFiles/slave.dir/home/grakoto/pico/pico-sdk/lib/tinyusb/src/device/usbd.c.o
                0x10003f68                tud_event_hook_cb
 .text.tud_sof_cb
                0x10003f6c        0x4 CMakeFiles/slave.dir/home/grakoto/pico/pico-sdk/lib/tinyusb/src/device/usbd.c.o
                0x10003f6c                tud_sof_cb
 .text.tud_descriptor_device_qualifier_cb
                0x10003f70        0x4 CMakeFiles/slave.dir/home/grakoto/pico/pico-sdk/lib/tinyusb/src/device/usbd.c.o
                0x10003f70                tud_descriptor_device_qualifier_cb
 .text.tud_descriptor_other_speed_configuration_cb
                0x10003f74        0x4 CMakeFiles/slave.dir/home/grakoto/pico/pico-sdk/lib/tinyusb/src/device/usbd.c.o
                0x10003f74                tud_descriptor_other_speed_configuration_cb
 .text.tud_mount_cb
                0x10003f78        0x4 CMakeFiles/slave.dir/home/grakoto/pico/pico-sdk/lib/tinyusb/src/device/usbd.c.o
                0x10003f78                tud_mount_cb
 .text.tud_umount_cb
                0x10003f7c        0x4 CMakeFiles/slave.dir/home/grakoto/pico/pico-sdk/lib/tinyusb/src/device/usbd.c.o
                0x10003f7c                tud_umount_cb
 .text.tud_suspend_cb
                0x10003f80        0x4 CMakeFiles/slave.dir/home/grakoto/pico/pico-sdk/lib/tinyusb/src/device/usbd.c.o
                0x10003f80                tud_suspend_cb
 .text.tud_resume_cb
                0x10003f84        0x4 CMakeFiles/slave.dir/home/grakoto/pico/pico-sdk/lib/tinyusb/src/device/usbd.c.o
                0x10003f84                tud_resume_cb
 .text.tud_mounted
                0x10003f88       0x10 CMakeFiles/slave.dir/home/grakoto/pico/pico-sdk/lib/tinyusb/src/device/usbd.c.o
                0x10003f88                tud_mounted
 .text.tud_suspended
                0x10003f98       0x10 CMakeFiles/slave.dir/home/grakoto/pico/pico-sdk/lib/tinyusb/src/device/usbd.c.o
                0x10003f98                tud_suspended
 .text.tud_rhport_init
                0x10003fa8       0xf8 CMakeFiles/slave.dir/home/grakoto/pico/pico-sdk/lib/tinyusb/src/device/usbd.c.o
                0x10003fa8                tud_rhport_init
 .text.tud_task_ext
                0x100040a0      0x784 CMakeFiles/slave.dir/home/grakoto/pico/pico-sdk/lib/tinyusb/src/device/usbd.c.o
                0x100040a0                tud_task_ext
 .text.usbd_open_edpt_pair
                0x10004824       0x9c CMakeFiles/slave.dir/home/grakoto/pico/pico-sdk/lib/tinyusb/src/device/usbd.c.o
                0x10004824                usbd_open_edpt_pair
 .text.usbd_edpt_open
                0x100048c0       0x44 CMakeFiles/slave.dir/home/grakoto/pico/pico-sdk/lib/tinyusb/src/device/usbd.c.o
                0x100048c0                usbd_edpt_open
 .text.usbd_edpt_claim
                0x10004904       0x24 CMakeFiles/slave.dir/home/grakoto/pico/pico-sdk/lib/tinyusb/src/device/usbd.c.o
                0x10004904                usbd_edpt_claim
 .text.usbd_edpt_release
                0x10004928       0x24 CMakeFiles/slave.dir/home/grakoto/pico/pico-sdk/lib/tinyusb/src/device/usbd.c.o
                0x10004928                usbd_edpt_release
 .text.usbd_edpt_xfer
                0x1000494c       0x70 CMakeFiles/slave.dir/home/grakoto/pico/pico-sdk/lib/tinyusb/src/device/usbd.c.o
                0x1000494c                usbd_edpt_xfer
 .text.tud_control_status
                0x100049bc       0x34 CMakeFiles/slave.dir/home/grakoto/pico/pico-sdk/lib/tinyusb/src/device/usbd_control.c.o
                0x100049bc                tud_control_status
 .text.tud_control_xfer
                0x100049f0       0xac CMakeFiles/slave.dir/home/grakoto/pico/pico-sdk/lib/tinyusb/src/device/usbd_control.c.o
                0x100049f0                tud_control_xfer
 .text.usbd_control_reset
                0x10004a9c       0x14 CMakeFiles/slave.dir/home/grakoto/pico/pico-sdk/lib/tinyusb/src/device/usbd_control.c.o
                0x10004a9c                usbd_control_reset
 .text.usbd_control_set_complete_callback
                0x10004ab0        0xc CMakeFiles/slave.dir/home/grakoto/pico/pico-sdk/lib/tinyusb/src/device/usbd_control.c.o
                0x10004ab0                usbd_control_set_complete_callback
 .text.usbd_control_set_request
                0x10004abc       0x1c CMakeFiles/slave.dir/home/grakoto/pico/pico-sdk/lib/tinyusb/src/device/usbd_control.c.o
                0x10004abc                usbd_control_set_request
 .text.usbd_control_xfer_cb
                0x10004ad8       0xfc CMakeFiles/slave.dir/home/grakoto/pico/pico-sdk/lib/tinyusb/src/device/usbd_control.c.o
                0x10004ad8                usbd_control_xfer_cb
 .text._prep_out_transaction.isra.0
                0x10004bd4       0x74 CMakeFiles/slave.dir/home/grakoto/pico/pico-sdk/lib/tinyusb/src/class/cdc/cdc_device.c.o
 .text.tud_cdc_n_connected
                0x10004c48       0x2c CMakeFiles/slave.dir/home/grakoto/pico/pico-sdk/lib/tinyusb/src/class/cdc/cdc_device.c.o
                0x10004c48                tud_cdc_n_connected
 .text.tud_cdc_n_available
                0x10004c74       0x18 CMakeFiles/slave.dir/home/grakoto/pico/pico-sdk/lib/tinyusb/src/class/cdc/cdc_device.c.o
                0x10004c74                tud_cdc_n_available
 .text.tud_cdc_n_read
                0x10004c8c       0x8c CMakeFiles/slave.dir/home/grakoto/pico/pico-sdk/lib/tinyusb/src/class/cdc/cdc_device.c.o
                0x10004c8c                tud_cdc_n_read
 .text.tud_cdc_n_write_flush
                0x10004d18       0x8c CMakeFiles/slave.dir/home/grakoto/pico/pico-sdk/lib/tinyusb/src/class/cdc/cdc_device.c.o
                0x10004d18                tud_cdc_n_write_flush
 .text.tud_cdc_n_write
                0x10004da4       0x44 CMakeFiles/slave.dir/home/grakoto/pico/pico-sdk/lib/tinyusb/src/class/cdc/cdc_device.c.o
                0x10004da4                tud_cdc_n_write
 .text.tud_cdc_n_write_available
                0x10004de8       0x18 CMakeFiles/slave.dir/home/grakoto/pico/pico-sdk/lib/tinyusb/src/class/cdc/cdc_device.c.o
                0x10004de8                tud_cdc_n_write_available
 .text.cdcd_init
                0x10004e00       0x70 CMakeFiles/slave.dir/home/grakoto/pico/pico-sdk/lib/tinyusb/src/class/cdc/cdc_device.c.o
                0x10004e00                cdcd_init
 .text.cdcd_deinit
                0x10004e70       0x2c CMakeFiles/slave.dir/home/grakoto/pico/pico-sdk/lib/tinyusb/src/class/cdc/cdc_device.c.o
                0x10004e70                cdcd_deinit
 .text.cdcd_reset
                0x10004e9c       0x4c CMakeFiles/slave.dir/home/grakoto/pico/pico-sdk/lib/tinyusb/src/class/cdc/cdc_device.c.o
                0x10004e9c                cdcd_reset
 .text.cdcd_open
                0x10004ee8       0xbc CMakeFiles/slave.dir/home/grakoto/pico/pico-sdk/lib/tinyusb/src/class/cdc/cdc_device.c.o
                0x10004ee8                cdcd_open
 .text.cdcd_control_xfer_cb
                0x10004fa4       0xc0 CMakeFiles/slave.dir/home/grakoto/pico/pico-sdk/lib/tinyusb/src/class/cdc/cdc_device.c.o
                0x10004fa4                cdcd_control_xfer_cb
 .text.cdcd_xfer_cb
                0x10005064       0xfc CMakeFiles/slave.dir/home/grakoto/pico/pico-sdk/lib/tinyusb/src/class/cdc/cdc_device.c.o
                0x10005064                cdcd_xfer_cb
 .text.vendord_init
                0x10005160       0x5c CMakeFiles/slave.dir/home/grakoto/pico/pico-sdk/lib/tinyusb/src/class/vendor/vendor_device.c.o
                0x10005160                vendord_init
 .text.vendord_deinit
                0x100051bc       0x1c CMakeFiles/slave.dir/home/grakoto/pico/pico-sdk/lib/tinyusb/src/class/vendor/vendor_device.c.o
                0x100051bc                vendord_deinit
 .text.vendord_reset
                0x100051d8       0x24 CMakeFiles/slave.dir/home/grakoto/pico/pico-sdk/lib/tinyusb/src/class/vendor/vendor_device.c.o
                0x100051d8                vendord_reset
 .text.vendord_open
                0x100051fc      0x104 CMakeFiles/slave.dir/home/grakoto/pico/pico-sdk/lib/tinyusb/src/class/vendor/vendor_device.c.o
                0x100051fc                vendord_open
 .text.vendord_xfer_cb
                0x10005300       0x88 CMakeFiles/slave.dir/home/grakoto/pico/pico-sdk/lib/tinyusb/src/class/vendor/vendor_device.c.o
                0x10005300                vendord_xfer_cb
 .text.tusb_rhport_init
                0x10005388       0x60 CMakeFiles/slave.dir/home/grakoto/pico/pico-sdk/lib/tinyusb/src/tusb.c.o
                0x10005388                tusb_rhport_init
 .text.tu_edpt_claim
                0x100053e8       0x54 CMakeFiles/slave.dir/home/grakoto/pico/pico-sdk/lib/tinyusb/src/tusb.c.o
                0x100053e8                tu_edpt_claim
 .text.tu_edpt_release
                0x1000543c       0x38 CMakeFiles/slave.dir/home/grakoto/pico/pico-sdk/lib/tinyusb/src/tusb.c.o
                0x1000543c                tu_edpt_release
 .text.tu_edpt_validate
                0x10005474       0x64 CMakeFiles/slave.dir/home/grakoto/pico/pico-sdk/lib/tinyusb/src/tusb.c.o
                0x10005474                tu_edpt_validate
 .text.tu_edpt_bind_driver
                0x100054d8       0x58 CMakeFiles/slave.dir/home/grakoto/pico/pico-sdk/lib/tinyusb/src/tusb.c.o
                0x100054d8                tu_edpt_bind_driver
 .text.tu_edpt_stream_init
                0x10005530       0x58 CMakeFiles/slave.dir/home/grakoto/pico/pico-sdk/lib/tinyusb/src/tusb.c.o
                0x10005530                tu_edpt_stream_init
 .text.tu_edpt_stream_deinit
                0x10005588        0x4 CMakeFiles/slave.dir/home/grakoto/pico/pico-sdk/lib/tinyusb/src/tusb.c.o
                0x10005588                tu_edpt_stream_deinit
 .text.tu_edpt_stream_write_zlp_if_needed
                0x1000558c       0x68 CMakeFiles/slave.dir/home/grakoto/pico/pico-sdk/lib/tinyusb/src/tusb.c.o
                0x1000558c                tu_edpt_stream_write_zlp_if_needed
 .text.tu_edpt_stream_write_xfer
                0x100055f4       0x70 CMakeFiles/slave.dir/home/grakoto/pico/pico-sdk/lib/tinyusb/src/tusb.c.o
                0x100055f4                tu_edpt_stream_write_xfer
 .text.tu_edpt_stream_read_xfer
                0x10005664       0xd0 CMakeFiles/slave.dir/home/grakoto/pico/pico-sdk/lib/tinyusb/src/tusb.c.o
                0x10005664                tu_edpt_stream_read_xfer
 .text.tu_fifo_config
                0x10005734       0x60 CMakeFiles/slave.dir/home/grakoto/pico/pico-sdk/lib/tinyusb/src/common/tusb_fifo.c.o
                0x10005734                tu_fifo_config
 .text.tu_fifo_count
                0x10005794       0x20 CMakeFiles/slave.dir/home/grakoto/pico/pico-sdk/lib/tinyusb/src/common/tusb_fifo.c.o
                0x10005794                tu_fifo_count
 .text.tu_fifo_empty
                0x100057b4       0x14 CMakeFiles/slave.dir/home/grakoto/pico/pico-sdk/lib/tinyusb/src/common/tusb_fifo.c.o
                0x100057b4                tu_fifo_empty
 .text.tu_fifo_remaining
                0x100057c8       0x24 CMakeFiles/slave.dir/home/grakoto/pico/pico-sdk/lib/tinyusb/src/common/tusb_fifo.c.o
                0x100057c8                tu_fifo_remaining
 .text.tu_fifo_read
                0x100057ec       0x94 CMakeFiles/slave.dir/home/grakoto/pico/pico-sdk/lib/tinyusb/src/common/tusb_fifo.c.o
                0x100057ec                tu_fifo_read
 .text.tu_fifo_read_n
                0x10005880       0xd8 CMakeFiles/slave.dir/home/grakoto/pico/pico-sdk/lib/tinyusb/src/common/tusb_fifo.c.o
                0x10005880                tu_fifo_read_n
 .text.tu_fifo_write
                0x10005958       0xa0 CMakeFiles/slave.dir/home/grakoto/pico/pico-sdk/lib/tinyusb/src/common/tusb_fifo.c.o
                0x10005958                tu_fifo_write
 .text.tu_fifo_write_n
                0x100059f8      0x158 CMakeFiles/slave.dir/home/grakoto/pico/pico-sdk/lib/tinyusb/src/common/tusb_fifo.c.o
                0x100059f8                tu_fifo_write_n
 .text.tu_fifo_clear
                0x10005b50       0x38 CMakeFiles/slave.dir/home/grakoto/pico/pico-sdk/lib/tinyusb/src/common/tusb_fifo.c.o
                0x10005b50                tu_fifo_clear
 .text.tu_fifo_set_overwritable
                0x10005b88       0x3c CMakeFiles/slave.dir/home/grakoto/pico/pico-sdk/lib/tinyusb/src/common/tusb_fifo.c.o
                0x10005b88                tu_fifo_set_overwritable
 .text.i2c_set_baudrate
                0x10005bc4       0xa8 CMakeFiles/slave.dir/home/grakoto/pico/pico-sdk/src/rp2_common/hardware_i2c/i2c.c.o
                0x10005bc4                i2c_set_baudrate
 .text.i2c_init
                0x10005c6c       0x4c CMakeFiles/slave.dir/home/grakoto/pico/pico-sdk/src/rp2_common/hardware_i2c/i2c.c.o
                0x10005c6c                i2c_init
 .text.i2c_set_slave_mode
                0x10005cb8       0x44 CMakeFiles/slave.dir/home/grakoto/pico/pico-sdk/src/rp2_common/hardware_i2c/i2c.c.o
                0x10005cb8                i2c_set_slave_mode
 .text.pio_sm_set_consecutive_pindirs
                0x10005cfc       0x8c CMakeFiles/slave.dir/home/grakoto/pico/pico-sdk/src/rp2_common/hardware_pio/pio.c.o
                0x10005cfc                pio_sm_set_consecutive_pindirs
 .text.pio_sm_init
                0x10005d88       0xa8 CMakeFiles/slave.dir/home/grakoto/pico/pico-sdk/src/rp2_common/hardware_pio/pio.c.o
                0x10005d88                pio_sm_init
 .text.pio_claim_free_sm_and_add_program_for_gpio_range
                0x10005e30      0x17c CMakeFiles/slave.dir/home/grakoto/pico/pico-sdk/src/rp2_common/hardware_pio/pio.c.o
                0x10005e30                pio_claim_free_sm_and_add_program_for_gpio_range
 .text.pio_claim_free_sm_and_add_program
                0x10005fac       0x14 CMakeFiles/slave.dir/home/grakoto/pico/pico-sdk/src/rp2_common/hardware_pio/pio.c.o
                0x10005fac                pio_claim_free_sm_and_add_program
 .text.pio_remove_program_and_unclaim_sm
                0x10005fc0       0x4c CMakeFiles/slave.dir/home/grakoto/pico/pico-sdk/src/rp2_common/hardware_pio/pio.c.o
                0x10005fc0                pio_remove_program_and_unclaim_sm
 .text.i2c_slave_init
                0x1000600c       0x60 CMakeFiles/slave.dir/i2c_slave/i2c_slave.c.o
                0x1000600c                i2c_slave_init
 .text.pio_irq_handler0
                0x1000606c       0x1c squarewavePIO/libsquarewave_lib.a(squarewave.c.o)
                0x1000606c                pio_irq_handler0
 .text.pio_irq_handler1
                0x10006088       0x1c squarewavePIO/libsquarewave_lib.a(squarewave.c.o)
                0x10006088                pio_irq_handler1
 .text.pio_irq_handler2
                0x100060a4       0x1c squarewavePIO/libsquarewave_lib.a(squarewave.c.o)
                0x100060a4                pio_irq_handler2
 .text.pio_irq_handler3
                0x100060c0       0x1c squarewavePIO/libsquarewave_lib.a(squarewave.c.o)
                0x100060c0                pio_irq_handler3
 .text.pio1_irq_handler0
                0x100060dc       0x1c squarewavePIO/libsquarewave_lib.a(squarewave.c.o)
                0x100060dc                pio1_irq_handler0
 .text.pio1_irq_handler1
                0x100060f8       0x1c squarewavePIO/libsquarewave_lib.a(squarewave.c.o)
                0x100060f8                pio1_irq_handler1
 .text.pio1_irq_handler2
                0x10006114       0x1c squarewavePIO/libsquarewave_lib.a(squarewave.c.o)
                0x10006114                pio1_irq_handler2
 .text.pio1_irq_handler3
                0x10006130       0x1c squarewavePIO/libsquarewave_lib.a(squarewave.c.o)
                0x10006130                pio1_irq_handler3
 .text.setup_sm_programm
                0x1000614c      0x1f4 squarewavePIO/libsquarewave_lib.a(squarewave.c.o)
                0x1000614c                setup_sm_programm
 .text.setup_pin_direction
                0x10006340       0x1c squarewavePIO/libsquarewave_lib.a(squarewave.c.o)
                0x10006340                setup_pin_direction
 .text.send_direction
                0x1000635c       0x54 squarewavePIO/libsquarewave_lib.a(squarewave.c.o)
                0x1000635c                send_direction
 .text.send_pulses
                0x100063b0       0x44 squarewavePIO/libsquarewave_lib.a(squarewave.c.o)
                0x100063b0                send_pulses
 .text.start_all_sm
                0x100063f4       0x78 squarewavePIO/libsquarewave_lib.a(squarewave.c.o)
                0x100063f4                start_all_sm
 .text.stop_all_sm
                0x1000646c       0x6c squarewavePIO/libsquarewave_lib.a(squarewave.c.o)
                0x1000646c                stop_all_sm
 .text.unload_program
                0x100064d8       0x44 squarewavePIO/libsquarewave_lib.a(squarewave.c.o)
                0x100064d8                unload_program
 .text.calculate_nbPas
                0x1000651c        0x8 squarewavePIO/libsquarewave_lib.a(squarewave.c.o)
                0x1000651c                calculate_nbPas
 .text.calculate_divf
                0x10006524       0x2c squarewavePIO/libsquarewave_lib.a(squarewave.c.o)
                0x10006524                calculate_divf
 .text.i2c_slave_handler
                0x10006550      0x12c i2c_slave/libi2c_slave_handler.a(slave_i2c_handler.c.o)
 .text.printFrame
                0x1000667c       0x8c i2c_slave/libi2c_slave_handler.a(slave_i2c_handler.c.o)
                0x1000667c                printFrame
 .text.setup_slaveI2C
                0x10006708       0x58 i2c_slave/libi2c_slave_handler.a(slave_i2c_handler.c.o)
                0x10006708                setup_slaveI2C
 .text          0x10006760       0xa4 /usr/lib/gcc/arm-none-eabi/13.2.1/../../../arm-none-eabi/lib/thumb/v8-m.main+fp/softfp/libg.a(libc_a-memset.o)
                0x10006760                memset
 .text          0x10006804       0xec /usr/lib/gcc/arm-none-eabi/13.2.1/../../../arm-none-eabi/lib/thumb/v8-m.main+fp/softfp/libg.a(libc_a-memcpy.o)
                0x10006804                memcpy
 .text          0x100068f0        0xc /usr/lib/gcc/arm-none-eabi/13.2.1/../../../arm-none-eabi/lib/thumb/v8-m.main+fp/softfp/libg.a(libc_a-atexit.o)
                0x100068f0                atexit
 .text          0x100068fc       0x5c /usr/lib/gcc/arm-none-eabi/13.2.1/../../../arm-none-eabi/lib/thumb/v8-m.main+fp/softfp/libg.a(libc_a-strlen-stub.o)
                0x100068fc                strlen
 .text          0x10006958       0x28 /usr/lib/gcc/arm-none-eabi/13.2.1/../../../arm-none-eabi/lib/thumb/v8-m.main+fp/softfp/libg.a(libc_a-fini.o)
                0x10006958                __libc_fini_array
 .text          0x10006980       0x64 /usr/lib/gcc/arm-none-eabi/13.2.1/../../../arm-none-eabi/lib/thumb/v8-m.main+fp/softfp/libg.a(libc_a-__atexit.o)
                0x10006980                __register_exitproc
 .text.startup  0x100069e4       0x14 /usr/lib/gcc/arm-none-eabi/13.2.1/../../../arm-none-eabi/lib/thumb/v8-m.main+fp/softfp/libg.a(libc_a-__call_atexit.o)
 *(.fini)
 .fini          0x100069f8        0x4 /usr/lib/gcc/arm-none-eabi/13.2.1/thumb/v8-m.main+fp/softfp/crti.o
                0x100069f8                _fini
 *fill*         0x100069fc        0x4 
 .fini.__stub   0x10006a00       0x58 linker stubs
 *crtbegin.o(.ctors)
 *crtbegin?.o(.ctors)
 *(EXCLUDE_FILE(*crtend.o *crtend?.o) .ctors)
 *(SORT_BY_NAME(.ctors.*))
 *(.ctors)
 *crtbegin.o(.dtors)
 *crtbegin?.o(.dtors)
 *(EXCLUDE_FILE(*crtend.o *crtend?.o) .dtors)
 *(SORT_BY_NAME(.dtors.*))
 *(.dtors)
                0x10006a58                        . = ALIGN (0x4)
                0x10006a58                        PROVIDE (__preinit_array_start = .)
 *(SORT_BY_NAME(.preinit_array.*))
 .preinit_array.00050
                0x10006a58        0x4 CMakeFiles/slave.dir/home/grakoto/pico/pico-sdk/src/rp2_common/pico_runtime_init/runtime_init.c.o
                0x10006a58                __pre_init_runtime_init_bootrom_reset
 .preinit_array.00100
                0x10006a5c        0x4 CMakeFiles/slave.dir/home/grakoto/pico/pico-sdk/src/rp2_common/pico_runtime_init/runtime_init.c.o
                0x10006a5c                __pre_init_runtime_init_early_resets
 .preinit_array.00101
                0x10006a60        0x4 CMakeFiles/slave.dir/home/grakoto/pico/pico-sdk/src/rp2_common/pico_runtime_init/runtime_init.c.o
                0x10006a60                __pre_init_runtime_init_usb_power_down
 .preinit_array.00500
                0x10006a64        0x4 CMakeFiles/slave.dir/home/grakoto/pico/pico-sdk/src/rp2_common/pico_runtime_init/runtime_init.c.o
                0x10006a64                __pre_init_runtime_init_clocks
 .preinit_array.00600
                0x10006a68        0x4 CMakeFiles/slave.dir/home/grakoto/pico/pico-sdk/src/rp2_common/pico_runtime_init/runtime_init.c.o
                0x10006a68                __pre_init_runtime_init_post_clock_resets
 .preinit_array.01000
                0x10006a6c        0x4 CMakeFiles/slave.dir/home/grakoto/pico/pico-sdk/src/rp2_common/hardware_boot_lock/boot_lock.c.o
                0x10006a6c                __pre_init_runtime_init_boot_locks_reset
 .preinit_array.01000
                0x10006a70        0x4 CMakeFiles/slave.dir/home/grakoto/pico/pico-sdk/src/rp2_common/pico_runtime_init/runtime_init.c.o
                0x10006a70                __pre_init_runtime_init_spin_locks_reset
 .preinit_array.01010
                0x10006a74        0x4 CMakeFiles/slave.dir/home/grakoto/pico/pico-sdk/src/rp2_common/pico_bootrom/bootrom_lock.c.o
                0x10006a74                __pre_init_runtime_init_bootrom_locking_enable
 .preinit_array.01100
                0x10006a78        0x4 CMakeFiles/slave.dir/home/grakoto/pico/pico-sdk/src/common/pico_sync/mutex.c.o
                0x10006a78                __pre_init_runtime_init_mutex
 .preinit_array.10080
                0x10006a7c        0x4 CMakeFiles/slave.dir/home/grakoto/pico/pico-sdk/src/rp2_common/pico_runtime_init/runtime_init.c.o
                0x10006a7c                __pre_init_runtime_init_install_ram_vector_table
 .preinit_array.11000
                0x10006a80        0x4 CMakeFiles/slave.dir/home/grakoto/pico/pico-sdk/src/common/pico_time/time.c.o
                0x10006a80                __pre_init_runtime_init_default_alarm_pool
 .preinit_array.YYYYY
                0x10006a84        0x4 CMakeFiles/slave.dir/home/grakoto/pico/pico-sdk/src/rp2_common/pico_runtime/runtime.c.o
                0x10006a84                __pre_init_first_per_core_initializer
 .preinit_array.ZZZZZ.00051
                0x10006a88        0x4 CMakeFiles/slave.dir/home/grakoto/pico/pico-sdk/src/rp2_common/pico_runtime_init/runtime_init.c.o
                0x10006a88                __pre_init_runtime_init_per_core_bootrom_reset
 .preinit_array.ZZZZZ.00200
                0x10006a8c        0x4 CMakeFiles/slave.dir/home/grakoto/pico/pico-sdk/src/rp2_common/pico_runtime_init/runtime_init.c.o
                0x10006a8c                __pre_init_runtime_init_per_core_enable_coprocessors
 .preinit_array.ZZZZZ.01000
                0x10006a90        0x4 CMakeFiles/slave.dir/home/grakoto/pico/pico-sdk/src/rp2_common/hardware_sync_spin_lock/sync_spin_lock.c.o
                0x10006a90                __pre_init_spinlock_set_extexclall
 .preinit_array.ZZZZZ.01200
                0x10006a94        0x4 CMakeFiles/slave.dir/home/grakoto/pico/pico-sdk/src/rp2_common/hardware_irq/irq.c.o
                0x10006a94                __pre_init_runtime_init_per_core_irq_priorities
 *(.preinit_array)
                0x10006a98                        PROVIDE (__preinit_array_end = .)
                0x10006a98                        . = ALIGN (0x4)
                0x10006a98                        PROVIDE (__init_array_start = .)
 *(SORT_BY_NAME(.init_array.*))
 .init_array.00000
                0x10006a98        0x4 /usr/lib/gcc/arm-none-eabi/13.2.1/../../../arm-none-eabi/lib/thumb/v8-m.main+fp/softfp/libg.a(libc_a-__call_atexit.o)
 *(.init_array)
 .init_array    0x10006a9c        0x4 /usr/lib/gcc/arm-none-eabi/13.2.1/thumb/v8-m.main+fp/softfp/crtbegin.o
 .init_array    0x10006aa0        0x4 CMakeFiles/slave.dir/home/grakoto/pico/pico-sdk/src/rp2_common/pico_unique_id/unique_id.c.o
                0x10006aa4                        PROVIDE (__init_array_end = .)
                0x10006aa4                        . = ALIGN (0x4)
                0x10006aa4                        PROVIDE (__fini_array_start = .)
 *(SORT_BY_NAME(.fini_array.*))
 *(.fini_array)
                0x10006aa4                        PROVIDE (__fini_array_end = .)
 *(.eh_frame*)
 .eh_frame      0x10006aa4        0x0 /usr/lib/gcc/arm-none-eabi/13.2.1/thumb/v8-m.main+fp/softfp/crtbegin.o
                0x10006aa4                        . = ALIGN (0x4)

.glue_7         0x10006aa4        0x0
 .glue_7        0x10006aa4        0x0 linker stubs

.glue_7t        0x10006aa4        0x0
 .glue_7t       0x10006aa4        0x0 linker stubs

.vfp11_veneer   0x10006aa4        0x0
 .vfp11_veneer  0x10006aa4        0x0 linker stubs

.v4_bx          0x10006aa4        0x0
 .v4_bx         0x10006aa4        0x0 linker stubs

.iplt           0x10006aa4        0x0
 .iplt          0x10006aa4        0x0 /usr/lib/gcc/arm-none-eabi/13.2.1/thumb/v8-m.main+fp/softfp/crtbegin.o

.boot2          0x10006aa4        0x0
                0x10006aa4                        __boot2_start__ = .
 *(.boot2)
                0x10006aa4                        __boot2_end__ = .
                0x00000001                        ASSERT (((__boot2_end__ - __boot2_start__) <= 0x100), ERROR: Pico second stage bootloader must be no more than 256 bytes in size)

.rodata         0x10006aa8      0x570
 *(EXCLUDE_FILE(*libm.a: *libc.a:*lib_a-mem*.o *libgcc.a:) .rodata*)
 .rodata.main.str1.4
                0x10006aa8      0x2bb CMakeFiles/slave.dir/main.c.o
                                 0x51 (size before relaxing)
 .rodata.panic.str1.4
                0x10006d63       0x12 CMakeFiles/slave.dir/home/grakoto/pico/pico-sdk/src/rp2_common/pico_platform_panic/panic.c.o
 .rodata.spin_lock_claim_unused.str1.4
                0x10006d63       0x1b CMakeFiles/slave.dir/home/grakoto/pico/pico-sdk/src/rp2_common/hardware_sync/sync.c.o
 .rodata.user_irq_claim_unused.str1.4
                0x10006d63       0x1b CMakeFiles/slave.dir/home/grakoto/pico/pico-sdk/src/rp2_common/hardware_irq/irq.c.o
 .rodata.timer_hardware_alarm_claim.str1.4
                0x10006d63       0x22 CMakeFiles/slave.dir/home/grakoto/pico/pico-sdk/src/rp2_common/hardware_timer/timer.c.o
 .rodata.hard_assertion_failure.str1.4
                0x10006d63        0xc CMakeFiles/slave.dir/home/grakoto/pico/pico-sdk/src/rp2_common/pico_runtime/runtime.c.o
 .rodata.str1.4
                0x10006d63       0x3c CMakeFiles/slave.dir/home/grakoto/pico/pico-sdk/src/rp2_common/pico_standard_binary_info/standard_binary_info.c.o
 *fill*         0x10006d63        0x1 
 .rodata.__bi_84
                0x10006d64        0xc CMakeFiles/slave.dir/home/grakoto/pico/pico-sdk/src/rp2_common/pico_standard_binary_info/standard_binary_info.c.o
 .rodata.__bi_78
                0x10006d70        0xc CMakeFiles/slave.dir/home/grakoto/pico/pico-sdk/src/rp2_common/pico_standard_binary_info/standard_binary_info.c.o
 .rodata.__bi_54
                0x10006d7c        0xc CMakeFiles/slave.dir/home/grakoto/pico/pico-sdk/src/rp2_common/pico_standard_binary_info/standard_binary_info.c.o
 .rodata.__bi_48
                0x10006d88        0xc CMakeFiles/slave.dir/home/grakoto/pico/pico-sdk/src/rp2_common/pico_standard_binary_info/standard_binary_info.c.o
 .rodata.__bi_42
                0x10006d94        0xc CMakeFiles/slave.dir/home/grakoto/pico/pico-sdk/src/rp2_common/pico_standard_binary_info/standard_binary_info.c.o
 .rodata.__bi_34
                0x10006da0        0xc CMakeFiles/slave.dir/home/grakoto/pico/pico-sdk/src/rp2_common/pico_standard_binary_info/standard_binary_info.c.o
 .rodata.__bi_26
                0x10006dac        0xc CMakeFiles/slave.dir/home/grakoto/pico/pico-sdk/src/rp2_common/pico_standard_binary_info/standard_binary_info.c.o
 .rodata._ftoa.str1.4
                0x10006db8       0x15 CMakeFiles/slave.dir/home/grakoto/pico/pico-sdk/src/rp2_common/pico_printf/printf.c.o
 .rodata.pow10.0
                0x10006db8       0x50 CMakeFiles/slave.dir/home/grakoto/pico/pico-sdk/src/rp2_common/pico_printf/printf.c.o
 .rodata.crlf_str.0
                0x10006e08        0x2 CMakeFiles/slave.dir/home/grakoto/pico/pico-sdk/src/rp2_common/pico_stdio/stdio.c.o
 *fill*         0x10006e0a        0x2 
 .rodata._resetd_driver
                0x10006e0c       0x20 CMakeFiles/slave.dir/home/grakoto/pico/pico-sdk/src/rp2_common/pico_stdio_usb/reset_interface.c.o
 .rodata.desc_ms_os_20
                0x10006e2c       0xa6 CMakeFiles/slave.dir/home/grakoto/pico/pico-sdk/src/rp2_common/pico_stdio_usb/reset_interface.c.o
 *fill*         0x10006ed2        0x2 
 .rodata.desc_bos
                0x10006ed4       0x21 CMakeFiles/slave.dir/home/grakoto/pico/pico-sdk/src/rp2_common/pico_stdio_usb/reset_interface.c.o
                0x10006ed4                desc_bos
 .rodata.str1.4
                0x10006ef5       0x13 CMakeFiles/slave.dir/home/grakoto/pico/pico-sdk/src/rp2_common/pico_stdio_usb/stdio_usb.c.o
 *fill*         0x10006ef5        0x3 
 .rodata.__bi_197.0
                0x10006ef8        0xc CMakeFiles/slave.dir/home/grakoto/pico/pico-sdk/src/rp2_common/pico_stdio_usb/stdio_usb.c.o
 .rodata.str1.4
                0x10006f04       0x2a CMakeFiles/slave.dir/home/grakoto/pico/pico-sdk/src/rp2_common/pico_stdio_usb/stdio_usb_descriptors.c.o
 .rodata.usbd_desc_str
                0x10006f04       0x18 CMakeFiles/slave.dir/home/grakoto/pico/pico-sdk/src/rp2_common/pico_stdio_usb/stdio_usb_descriptors.c.o
 .rodata.usbd_desc_cfg
                0x10006f1c       0x54 CMakeFiles/slave.dir/home/grakoto/pico/pico-sdk/src/rp2_common/pico_stdio_usb/stdio_usb_descriptors.c.o
 .rodata.usbd_desc_device
                0x10006f70       0x12 CMakeFiles/slave.dir/home/grakoto/pico/pico-sdk/src/rp2_common/pico_stdio_usb/stdio_usb_descriptors.c.o
 .rodata.str1.4
                0x10006f82       0x14 CMakeFiles/slave.dir/home/grakoto/pico/pico-sdk/lib/tinyusb/src/portable/raspberrypi/rp2040/dcd_rp2040.c.o
 .rodata.str1.4
                0x10006f82       0x48 CMakeFiles/slave.dir/home/grakoto/pico/pico-sdk/lib/tinyusb/src/portable/raspberrypi/rp2040/rp2040_usb.c.o
 *fill*         0x10006f82        0x2 
 .rodata._usbd_driver
                0x10006f84       0x40 CMakeFiles/slave.dir/home/grakoto/pico/pico-sdk/lib/tinyusb/src/device/usbd.c.o
 .rodata.pio_claim_unused_sm.str1.4
                0x10006fc4       0x24 CMakeFiles/slave.dir/home/grakoto/pico/pico-sdk/src/rp2_common/hardware_pio/pio.c.o
 .rodata.CSWTCH.89
                0x10006fc4       0x1c squarewavePIO/libsquarewave_lib.a(squarewave.c.o)
 .rodata.CSWTCH.88
                0x10006fe0       0x1c squarewavePIO/libsquarewave_lib.a(squarewave.c.o)
 .rodata.squarewave_irq_program
                0x10006ffc        0x8 squarewavePIO/libsquarewave_lib.a(squarewave.c.o)
 .rodata.squarewave_irq_program_instructions
                0x10007004       0x12 squarewavePIO/libsquarewave_lib.a(squarewave.c.o)
 .rodata.i2c_slave_handler.str1.4
                0x10007016       0x2d i2c_slave/libi2c_slave_handler.a(slave_i2c_handler.c.o)
 .rodata.printFrame.str1.4
                0x10007016       0xa7 i2c_slave/libi2c_slave_handler.a(slave_i2c_handler.c.o)
 *(.srodata*)
                0x100070c0                        . = ALIGN (0x4)
 *fill*         0x10007016        0x2 
 *(SORT_BY_ALIGNMENT(SORT_BY_NAME(.flashdata*)))
                0x10007018                        . = ALIGN (0x4)

.ARM.extab
 *(.ARM.extab* .gnu.linkonce.armextab.*)
                0x10007018                        __exidx_start = .

.ARM.exidx      0x10007018        0x8
 *(.ARM.exidx* .gnu.linkonce.armexidx.*)
 .ARM.exidx     0x10007018        0x8 /usr/lib/gcc/arm-none-eabi/13.2.1/../../../arm-none-eabi/lib/thumb/v8-m.main+fp/softfp/libg.a(libc_a-memcpy.o)
 .ARM.exidx     0x10007020        0x0 /usr/lib/gcc/arm-none-eabi/13.2.1/thumb/v8-m.main+fp/softfp/libgcc.a(_udivmoddi4.o)
                                  0x8 (size before relaxing)
                0x10007020                        __exidx_end = .
                0x10007020                        . = ALIGN (0x4)
                0x10007020                        __binary_info_start = .

.binary_info    0x10007020       0x20
 *(.binary_info.keep.*)
 .binary_info.keep.__bi_ptr84
                0x10007020        0x4 CMakeFiles/slave.dir/home/grakoto/pico/pico-sdk/src/rp2_common/pico_standard_binary_info/standard_binary_info.c.o
 .binary_info.keep.__bi_ptr78
                0x10007024        0x4 CMakeFiles/slave.dir/home/grakoto/pico/pico-sdk/src/rp2_common/pico_standard_binary_info/standard_binary_info.c.o
 .binary_info.keep.__bi_ptr54
                0x10007028        0x4 CMakeFiles/slave.dir/home/grakoto/pico/pico-sdk/src/rp2_common/pico_standard_binary_info/standard_binary_info.c.o
 .binary_info.keep.__bi_ptr48
                0x1000702c        0x4 CMakeFiles/slave.dir/home/grakoto/pico/pico-sdk/src/rp2_common/pico_standard_binary_info/standard_binary_info.c.o
 .binary_info.keep.__bi_ptr42
                0x10007030        0x4 CMakeFiles/slave.dir/home/grakoto/pico/pico-sdk/src/rp2_common/pico_standard_binary_info/standard_binary_info.c.o
 .binary_info.keep.__bi_ptr34
                0x10007034        0x4 CMakeFiles/slave.dir/home/grakoto/pico/pico-sdk/src/rp2_common/pico_standard_binary_info/standard_binary_info.c.o
 .binary_info.keep.__bi_ptr26
                0x10007038        0x4 CMakeFiles/slave.dir/home/grakoto/pico/pico-sdk/src/rp2_common/pico_standard_binary_info/standard_binary_info.c.o
 *(.binary_info.*)
 .binary_info.__bi_ptr197
                0x1000703c        0x4 CMakeFiles/slave.dir/home/grakoto/pico/pico-sdk/src/rp2_common/pico_stdio_usb/stdio_usb.c.o
                0x10007040                        __binary_info_end = .
                0x10007040                        . = ALIGN (0x4)

.ram_vector_table
                0x20000000      0x110
 *(.ram_vector_table)
 .ram_vector_table
                0x20000000      0x110 CMakeFiles/slave.dir/home/grakoto/pico/pico-sdk/src/rp2_common/pico_runtime_init/runtime_init.c.o
                0x20000000                ram_vector_table

.uninitialized_data
                0x20000110        0x0
                0x20000110                        . = ALIGN (0x4)
 *(.uninitialized_data*)

.data           0x20000110     0x15b4 load address 0x10007040
                0x20000110                        __data_start__ = .
 *(vtable)
 *(.time_critical*)
 .time_critical.mutex_try_enter
                0x20000110       0x50 CMakeFiles/slave.dir/home/grakoto/pico/pico-sdk/src/common/pico_sync/mutex.c.o
                0x20000110                mutex_try_enter
 .time_critical.mutex_enter_block_until
                0x20000160       0x70 CMakeFiles/slave.dir/home/grakoto/pico/pico-sdk/src/common/pico_sync/mutex.c.o
                0x20000160                mutex_enter_block_until
 .time_critical.mutex_try_enter_block_until
                0x200001d0       0x6c CMakeFiles/slave.dir/home/grakoto/pico/pico-sdk/src/common/pico_sync/mutex.c.o
                0x200001d0                mutex_try_enter_block_until
 .time_critical.mutex_enter_timeout_ms
                0x2000023c       0x38 CMakeFiles/slave.dir/home/grakoto/pico/pico-sdk/src/common/pico_sync/mutex.c.o
                0x2000023c                mutex_enter_timeout_ms
 .time_critical.mutex_exit
                0x20000274       0x3c CMakeFiles/slave.dir/home/grakoto/pico/pico-sdk/src/common/pico_sync/mutex.c.o
                0x20000274                mutex_exit
 .time_critical.reset_non_control_endpoints
                0x200002b0       0x64 CMakeFiles/slave.dir/home/grakoto/pico/pico-sdk/lib/tinyusb/src/portable/raspberrypi/rp2040/dcd_rp2040.c.o
 .time_critical.hw_handle_buff_status
                0x20000314       0x94 CMakeFiles/slave.dir/home/grakoto/pico/pico-sdk/lib/tinyusb/src/portable/raspberrypi/rp2040/dcd_rp2040.c.o
 .time_critical.dcd_rp2040_irq
                0x200003a8      0x510 CMakeFiles/slave.dir/home/grakoto/pico/pico-sdk/lib/tinyusb/src/portable/raspberrypi/rp2040/dcd_rp2040.c.o
 .time_critical.prepare_ep_buffer
                0x200008b8       0xd0 CMakeFiles/slave.dir/home/grakoto/pico/pico-sdk/lib/tinyusb/src/portable/raspberrypi/rp2040/rp2040_usb.c.o
 .time_critical.sync_ep_buffer
                0x20000988       0xb8 CMakeFiles/slave.dir/home/grakoto/pico/pico-sdk/lib/tinyusb/src/portable/raspberrypi/rp2040/rp2040_usb.c.o
 .time_critical._hw_endpoint_xfer_sync
                0x20000a40       0x2c CMakeFiles/slave.dir/home/grakoto/pico/pico-sdk/lib/tinyusb/src/portable/raspberrypi/rp2040/rp2040_usb.c.o
 .time_critical.e15_is_bulkin_ep
                0x20000a6c       0x28 CMakeFiles/slave.dir/home/grakoto/pico/pico-sdk/lib/tinyusb/src/portable/raspberrypi/rp2040/rp2040_usb.c.o
 .time_critical.e15_is_critical_frame_period
                0x20000a94       0x28 CMakeFiles/slave.dir/home/grakoto/pico/pico-sdk/lib/tinyusb/src/portable/raspberrypi/rp2040/rp2040_usb.c.o
 .time_critical.hw_endpoint_reset_transfer
                0x20000abc        0xc CMakeFiles/slave.dir/home/grakoto/pico/pico-sdk/lib/tinyusb/src/portable/raspberrypi/rp2040/rp2040_usb.c.o
                0x20000abc                hw_endpoint_reset_transfer
 .time_critical._hw_endpoint_buffer_control_update32
                0x20000ac8       0x44 CMakeFiles/slave.dir/home/grakoto/pico/pico-sdk/lib/tinyusb/src/portable/raspberrypi/rp2040/rp2040_usb.c.o
                0x20000ac8                _hw_endpoint_buffer_control_update32
 .time_critical.hw_endpoint_start_next_buffer
                0x20000b0c       0x64 CMakeFiles/slave.dir/home/grakoto/pico/pico-sdk/lib/tinyusb/src/portable/raspberrypi/rp2040/rp2040_usb.c.o
                0x20000b0c                hw_endpoint_start_next_buffer
 .time_critical.hw_endpoint_xfer_continue
                0x20000b70       0x3c CMakeFiles/slave.dir/home/grakoto/pico/pico-sdk/lib/tinyusb/src/portable/raspberrypi/rp2040/rp2040_usb.c.o
                0x20000b70                hw_endpoint_xfer_continue
 .time_critical.tinyusb
                0x20000bac      0x224 CMakeFiles/slave.dir/home/grakoto/pico/pico-sdk/lib/tinyusb/src/device/usbd.c.o
                0x20000bac                dcd_event_handler
 .time_critical.i2c0_slave_irq_handler
                0x20000dd0       0xa0 CMakeFiles/slave.dir/i2c_slave/i2c_slave.c.o
 .time_critical.i2c1_slave_irq_handler
                0x20000e70       0xa0 CMakeFiles/slave.dir/i2c_slave/i2c_slave.c.o
 *(.text*)
 .text          0x20000f10      0x378 /usr/lib/gcc/arm-none-eabi/13.2.1/thumb/v8-m.main+fp/softfp/libgcc.a(_arm_addsubdf3.o)
                0x20000f10                __aeabi_drsub
                0x20000f18                __aeabi_dsub
                0x20000f18                __subdf3
                0x20000f1c                __adddf3
                0x20000f1c                __aeabi_dadd
                0x20001194                __aeabi_ui2d
                0x20001194                __floatunsidf
                0x200011b4                __floatsidf
                0x200011b4                __aeabi_i2d
                0x200011d8                __extendsfdf2
                0x200011d8                __aeabi_f2d
                0x2000121c                __aeabi_ul2d
                0x2000121c                __floatundidf
                0x2000122c                __floatdidf
                0x2000122c                __aeabi_l2d
 .text          0x20001288       0x30 /usr/lib/gcc/arm-none-eabi/13.2.1/thumb/v8-m.main+fp/softfp/libgcc.a(_aeabi_uldivmod.o)
                0x20001288                __aeabi_uldivmod
 .text          0x200012b8      0x300 /usr/lib/gcc/arm-none-eabi/13.2.1/thumb/v8-m.main+fp/softfp/libgcc.a(_udivmoddi4.o)
                0x200012b8                __udivmoddi4
 .text          0x200015b8        0x4 /usr/lib/gcc/arm-none-eabi/13.2.1/thumb/v8-m.main+fp/softfp/libgcc.a(_dvmd_tls.o)
                0x200015b8                __aeabi_ldiv0
                0x200015b8                __aeabi_idiv0
 *fill*         0x200015bc        0x4 
 .text.__stub   0x200015c0       0x30 linker stubs
                0x200015f0                        . = ALIGN (0x4)
 *(.rodata*)
                0x200015f0                        . = ALIGN (0x4)
 *(.data*)
 .data.striped_spin_lock_num
                0x200015f0        0x1 CMakeFiles/slave.dir/home/grakoto/pico/pico-sdk/src/rp2_common/hardware_sync/sync.c.o
 *fill*         0x200015f1        0x3 
 .data          0x200015f4       0x48 CMakeFiles/slave.dir/home/grakoto/pico/pico-sdk/src/rp2_common/hardware_irq/irq_handler_chain.S.o
                0x200015f4                irq_handler_chain_slots
                0x20001624                irq_handler_chain_first_slot
                0x2000162e                irq_handler_chain_remove_tail
 .data.default_alarm_pool
                0x2000163c       0x18 CMakeFiles/slave.dir/home/grakoto/pico/pico-sdk/src/common/pico_time/time.c.o
 .data.stdio_usb
                0x20001654       0x18 CMakeFiles/slave.dir/home/grakoto/pico/pico-sdk/src/rp2_common/pico_stdio_usb/stdio_usb.c.o
                0x20001654                stdio_usb
 .data._usbd_qdef
                0x2000166c       0x1c CMakeFiles/slave.dir/home/grakoto/pico/pico-sdk/lib/tinyusb/src/device/usbd.c.o
                0x2000166c                _usbd_qdef
 .data._usbd_rhport
                0x20001688        0x1 CMakeFiles/slave.dir/home/grakoto/pico/pico-sdk/lib/tinyusb/src/device/usbd.c.o
 *fill*         0x20001689        0x3 
 .data.i2c1_inst
                0x2000168c        0x8 CMakeFiles/slave.dir/home/grakoto/pico/pico-sdk/src/rp2_common/hardware_i2c/i2c.c.o
                0x2000168c                i2c1_inst
 .data.i2c0_inst
                0x20001694        0x8 CMakeFiles/slave.dir/home/grakoto/pico/pico-sdk/src/rp2_common/hardware_i2c/i2c.c.o
                0x20001694                i2c0_inst
 .data.pio1_handlers
                0x2000169c       0x10 squarewavePIO/libsquarewave_lib.a(squarewave.c.o)
                0x2000169c                pio1_handlers
 .data.handlers
                0x200016ac       0x10 squarewavePIO/libsquarewave_lib.a(squarewave.c.o)
                0x200016ac                handlers
 *(.sdata*)
                0x200016bc                        . = ALIGN (0x4)
 *(.after_data.*)
                0x200016bc                        . = ALIGN (0x4)
                0x200016bc                        PROVIDE (__mutex_array_start = .)
 *(SORT_BY_NAME(.mutex_array.*))
 *(.mutex_array)
 .mutex_array   0x200016bc        0x8 CMakeFiles/slave.dir/home/grakoto/pico/pico-sdk/src/rp2_common/pico_stdio/stdio.c.o
                0x200016c4                        PROVIDE (__mutex_array_end = .)
 *(.jcr)
                0x200016c4                        . = ALIGN (0x4)

.tm_clone_table
                0x200016c4        0x0 load address 0x100085f4
 .tm_clone_table
                0x200016c4        0x0 /usr/lib/gcc/arm-none-eabi/13.2.1/thumb/v8-m.main+fp/softfp/crtbegin.o
 .tm_clone_table
                0x200016c4        0x0 /usr/lib/gcc/arm-none-eabi/13.2.1/thumb/v8-m.main+fp/softfp/crtend.o

.igot.plt       0x200016c4        0x0 load address 0x100085f4
 .igot.plt      0x200016c4        0x0 /usr/lib/gcc/arm-none-eabi/13.2.1/thumb/v8-m.main+fp/softfp/crtbegin.o

.tdata          0x200016c4        0x0 load address 0x100085f4
                0x200016c4                        . = ALIGN (0x4)
 *(.tdata .tdata.* .gnu.linkonce.td.*)
                0x200016c4                        __tdata_end = .
                0x200016c4                        PROVIDE (__data_end__ = .)
                0x10007040                        __etext = LOADADDR (.data)

.tbss           0x200016c4        0x0 load address 0x100085f4
                0x200016c4                        . = ALIGN (0x4)
                0x200016c4                        __bss_start__ = .
                0x200016c4                        __tls_base = .
 *(.tbss .tbss.* .gnu.linkonce.tb.*)
 *(.tcommon)
                0x200016c4                        __tls_end = .

.bss            0x200016c8      0xe38 load address 0x100085f4
                0x200016c8                        . = ALIGN (0x4)
                0x200016c8                        __tbss_end = .
 *(SORT_BY_ALIGNMENT(SORT_BY_NAME(.bss*)))
 .bss._cdcd_itf
                0x200016c8       0xc8 CMakeFiles/slave.dir/home/grakoto/pico/pico-sdk/lib/tinyusb/src/class/cdc/cdc_device.c.o
 .bss.default_alarm_pool_entries
                0x20001790      0x180 CMakeFiles/slave.dir/home/grakoto/pico/pico-sdk/src/common/pico_time/time.c.o
 .bss.last_avail_time.1
                0x20001910        0x8 CMakeFiles/slave.dir/home/grakoto/pico/pico-sdk/src/rp2_common/pico_stdio_usb/stdio_usb.c.o
 .bss           0x20001918       0x1c /usr/lib/gcc/arm-none-eabi/13.2.1/thumb/v8-m.main+fp/softfp/crtbegin.o
 .bss           0x20001934      0x190 /usr/lib/gcc/arm-none-eabi/13.2.1/../../../arm-none-eabi/lib/thumb/v8-m.main+fp/softfp/libg.a(libc_a-__atexit.o)
                0x20001934                __atexit0
 .bss           0x20001ac4        0x4 /usr/lib/gcc/arm-none-eabi/13.2.1/../../../arm-none-eabi/lib/thumb/v8-m.main+fp/softfp/libg.a(libc_a-__call_atexit.o)
                0x20001ac4                __atexit
 .bss._app_driver
                0x20001ac8        0x4 CMakeFiles/slave.dir/home/grakoto/pico/pico-sdk/lib/tinyusb/src/device/usbd.c.o
 .bss._cdcd_epbuf
                0x20001acc       0x80 CMakeFiles/slave.dir/home/grakoto/pico/pico-sdk/lib/tinyusb/src/class/cdc/cdc_device.c.o
 .bss._cdcd_fifo_cfg
                0x20001b4c        0x1 CMakeFiles/slave.dir/home/grakoto/pico/pico-sdk/lib/tinyusb/src/class/cdc/cdc_device.c.o
 *fill*         0x20001b4d        0x3 
 .bss._ctrl_epbuf
                0x20001b50       0x40 CMakeFiles/slave.dir/home/grakoto/pico/pico-sdk/lib/tinyusb/src/device/usbd_control.c.o
 .bss._ctrl_xfer
                0x20001b90       0x14 CMakeFiles/slave.dir/home/grakoto/pico/pico-sdk/lib/tinyusb/src/device/usbd_control.c.o
 .bss._sw_spin_locks
                0x20001ba4       0x20 CMakeFiles/slave.dir/home/grakoto/pico/pico-sdk/src/rp2_common/hardware_sync_spin_lock/sync_spin_lock.c.o
                0x20001ba4                _sw_spin_locks
 .bss._tusb_rhport_role
                0x20001bc4        0x2 CMakeFiles/slave.dir/home/grakoto/pico/pico-sdk/lib/tinyusb/src/tusb.c.o
                0x20001bc4                _tusb_rhport_role
 *fill*         0x20001bc6        0x2 
 .bss._ubsd_mutexdef
                0x20001bc8        0x8 CMakeFiles/slave.dir/home/grakoto/pico/pico-sdk/lib/tinyusb/src/device/usbd.c.o
 .bss._usbd_dev
                0x20001bd0       0x54 CMakeFiles/slave.dir/home/grakoto/pico/pico-sdk/lib/tinyusb/src/device/usbd.c.o
 .bss._usbd_mutex
                0x20001c24        0x4 CMakeFiles/slave.dir/home/grakoto/pico/pico-sdk/lib/tinyusb/src/device/usbd.c.o
 .bss._usbd_q   0x20001c28        0x4 CMakeFiles/slave.dir/home/grakoto/pico/pico-sdk/lib/tinyusb/src/device/usbd.c.o
 .bss._usbd_qdef_buf
                0x20001c2c       0xc0 CMakeFiles/slave.dir/home/grakoto/pico/pico-sdk/lib/tinyusb/src/device/usbd.c.o
                0x20001c2c                _usbd_qdef_buf
 .bss._used_instruction_space
                0x20001cec        0xc CMakeFiles/slave.dir/home/grakoto/pico/pico-sdk/src/rp2_common/hardware_pio/pio.c.o
 .bss._vendord_epbuf
                0x20001cf8       0x80 CMakeFiles/slave.dir/home/grakoto/pico/pico-sdk/lib/tinyusb/src/class/vendor/vendor_device.c.o
 .bss._vendord_itf
                0x20001d78      0x24c CMakeFiles/slave.dir/home/grakoto/pico/pico-sdk/lib/tinyusb/src/class/vendor/vendor_device.c.o
 .bss.buf       0x20001fc4       0x20 i2c_slave/libi2c_slave_handler.a(slave_i2c_handler.c.o)
                0x20001fc4                buf
 .bss.chars_available_callback
                0x20001fe4        0x4 CMakeFiles/slave.dir/home/grakoto/pico/pico-sdk/src/rp2_common/pico_stdio_usb/stdio_usb.c.o
 .bss.chars_available_param
                0x20001fe8        0x4 CMakeFiles/slave.dir/home/grakoto/pico/pico-sdk/src/rp2_common/pico_stdio_usb/stdio_usb.c.o
 .bss.claimed   0x20001fec        0x4 CMakeFiles/slave.dir/home/grakoto/pico/pico-sdk/src/rp2_common/hardware_sync/sync.c.o
 .bss.claimed   0x20001ff0        0x2 CMakeFiles/slave.dir/home/grakoto/pico/pico-sdk/src/rp2_common/hardware_timer/timer.c.o
 *fill*         0x20001ff2        0x2 
 .bss.claimed   0x20001ff4        0x2 CMakeFiles/slave.dir/home/grakoto/pico/pico-sdk/src/rp2_common/hardware_pio/pio.c.o
 *fill*         0x20001ff6        0x2 
 .bss.configured_freq
                0x20001ff8       0x28 CMakeFiles/slave.dir/home/grakoto/pico/pico-sdk/src/rp2_common/hardware_clocks/clocks.c.o
 .bss.desc_str.0
                0x20002020       0x28 CMakeFiles/slave.dir/home/grakoto/pico/pico-sdk/src/rp2_common/pico_stdio_usb/stdio_usb_descriptors.c.o
 .bss.drivers   0x20002048        0x4 CMakeFiles/slave.dir/home/grakoto/pico/pico-sdk/src/rp2_common/pico_stdio/stdio.c.o
 .bss.e15_last_sof
                0x2000204c        0x4 CMakeFiles/slave.dir/home/grakoto/pico/pico-sdk/lib/tinyusb/src/portable/raspberrypi/rp2040/rp2040_usb.c.o
                0x2000204c                e15_last_sof
 .bss.filter    0x20002050        0x4 CMakeFiles/slave.dir/home/grakoto/pico/pico-sdk/src/rp2_common/pico_stdio/stdio.c.o
 .bss.frame     0x20002054       0x24 i2c_slave/libi2c_slave_handler.a(slave_i2c_handler.c.o)
                0x20002054                frame
 .bss.hw_endpoints
                0x20002078      0x400 CMakeFiles/slave.dir/home/grakoto/pico/pico-sdk/lib/tinyusb/src/portable/raspberrypi/rp2040/dcd_rp2040.c.o
 .bss.i2c_slaves
                0x20002478       0x18 CMakeFiles/slave.dir/i2c_slave/i2c_slave.c.o
 .bss.lazy_vsnprintf
                0x20002490        0x4 CMakeFiles/slave.dir/home/grakoto/pico/pico-sdk/src/rp2_common/pico_printf/printf.c.o
 .bss.load_value
                0x20002494        0x4 CMakeFiles/slave.dir/home/grakoto/pico/pico-sdk/src/rp2_common/hardware_watchdog/watchdog.c.o
 .bss.n         0x20002498        0x4 i2c_slave/libi2c_slave_handler.a(slave_i2c_handler.c.o)
                0x20002498                n
 .bss.next_buffer_ptr
                0x2000249c        0x4 CMakeFiles/slave.dir/home/grakoto/pico/pico-sdk/lib/tinyusb/src/portable/raspberrypi/rp2040/dcd_rp2040.c.o
 .bss.one_shot_timer_crit_sec
                0x200024a0        0x8 CMakeFiles/slave.dir/home/grakoto/pico/pico-sdk/src/rp2_common/pico_stdio_usb/stdio_usb.c.o
 .bss.pools     0x200024a8       0x20 CMakeFiles/slave.dir/home/grakoto/pico/pico-sdk/src/common/pico_time/time.c.o
 .bss.retrieved_id
                0x200024c8        0x8 CMakeFiles/slave.dir/home/grakoto/pico/pico-sdk/src/rp2_common/pico_unique_id/unique_id.c.o
 .bss.sleep_notifier
                0x200024d0        0x4 CMakeFiles/slave.dir/home/grakoto/pico/pico-sdk/src/common/pico_time/time.c.o
 .bss.state     0x200024d4        0x4 CMakeFiles/slave.dir/main.c.o
 .bss.stdio_usb_mutex
                0x200024d8        0x8 CMakeFiles/slave.dir/home/grakoto/pico/pico-sdk/src/rp2_common/pico_stdio_usb/stdio_usb.c.o
 .bss.usbd_serial_str
                0x200024e0       0x11 CMakeFiles/slave.dir/home/grakoto/pico/pico-sdk/src/rp2_common/pico_stdio_usb/stdio_usb_descriptors.c.o
 *fill*         0x200024f1        0x1 
 .bss.sm_completed
                0x200024f2        0x2 squarewavePIO/libsquarewave_lib.a(squarewave.c.o)
                0x200024f2                sm_completed
 .bss._app_driver_count
                0x200024f4        0x1 CMakeFiles/slave.dir/home/grakoto/pico/pico-sdk/lib/tinyusb/src/device/usbd.c.o
 .bss._sof_enable
                0x200024f5        0x1 CMakeFiles/slave.dir/home/grakoto/pico/pico-sdk/lib/tinyusb/src/portable/raspberrypi/rp2040/dcd_rp2040.c.o
 .bss._usbd_queued_setup
                0x200024f6        0x1 CMakeFiles/slave.dir/home/grakoto/pico/pico-sdk/lib/tinyusb/src/device/usbd.c.o
 .bss.irq_handler_chain_free_slot_head
                0x200024f7        0x1 CMakeFiles/slave.dir/home/grakoto/pico/pico-sdk/src/rp2_common/hardware_irq/irq.c.o
 .bss.itf_num   0x200024f8        0x1 CMakeFiles/slave.dir/home/grakoto/pico/pico-sdk/src/rp2_common/pico_stdio_usb/reset_interface.c.o
 .bss.low_priority_irq_num
                0x200024f9        0x1 CMakeFiles/slave.dir/home/grakoto/pico/pico-sdk/src/rp2_common/pico_stdio_usb/stdio_usb.c.o
 .bss.one_shot_timer_pending
                0x200024fa        0x1 CMakeFiles/slave.dir/home/grakoto/pico/pico-sdk/src/rp2_common/pico_stdio_usb/stdio_usb.c.o
 .bss.receivedTrame
                0x200024fb        0x1 i2c_slave/libi2c_slave_handler.a(slave_i2c_handler.c.o)
                0x200024fb                receivedTrame
 .bss.user_irq_claimed
                0x200024fc        0x1 CMakeFiles/slave.dir/home/grakoto/pico/pico-sdk/src/rp2_common/hardware_irq/irq.c.o
 *(COMMON)
                [!provide]                        PROVIDE (__global_pointer$ = (. + 0x800))
 *(.sbss*)
                0x20002500                        . = ALIGN (0x4)
 *fill*         0x200024fd        0x3 
                0x20002500                        __bss_end__ = .

.heap           0x20002500      0x800 load address 0x100085f4
                0x20002500                        __end__ = .
                0x20002500                        end = __end__
 *(.heap*)
 .heap          0x20002500      0x800 CMakeFiles/slave.dir/home/grakoto/pico/pico-sdk/src/rp2_common/pico_crt0/crt0.S.o
                0x20080000                        __HeapLimit = (ORIGIN (RAM) + LENGTH (RAM))

.scratch_x      0x20080000        0x0 load address 0x100085f4
                0x20080000                        __scratch_x_start__ = .
 *(.scratch_x.*)
                0x20080000                        . = ALIGN (0x4)
                0x20080000                        __scratch_x_end__ = .
                0x100085f4                        __scratch_x_source__ = LOADADDR (.scratch_x)

.scratch_y      0x20081000        0x0 load address 0x100085f4
                0x20081000                        __scratch_y_start__ = .
 *(.scratch_y.*)
                0x20081000                        . = ALIGN (0x4)
                0x20081000                        __scratch_y_end__ = .
                0x100085f4                        __scratch_y_source__ = LOADADDR (.scratch_y)

.stack1_dummy
 *(.stack1*)

.stack_dummy    0x20081000      0x800
 *(.stack*)
 .stack         0x20081000      0x800 CMakeFiles/slave.dir/home/grakoto/pico/pico-sdk/src/rp2_common/pico_crt0/crt0.S.o

.flash_end      0x100085f4       0x14
 *(.embedded_end_block*)
 .embedded_end_block
                0x100085f4       0x14 CMakeFiles/slave.dir/home/grakoto/pico/pico-sdk/src/rp2_common/pico_crt0/crt0.S.o
                0x10008608                        PROVIDE (__flash_binary_end = .)
                0x20080000                        __StackLimit = (ORIGIN (RAM) + LENGTH (RAM))
                0x20081000                        __StackOneTop = (ORIGIN (SCRATCH_X) + LENGTH (SCRATCH_X))
                0x20082000                        __StackTop = (ORIGIN (SCRATCH_Y) + LENGTH (SCRATCH_Y))
                0x20081000                        __StackOneBottom = (__StackOneTop - SIZEOF (.stack1_dummy))
                0x20081800                        __StackBottom = (__StackTop - SIZEOF (.stack_dummy))
                0x20082000                        PROVIDE (__stack = __StackTop)
                [!provide]                        PROVIDE (__heap_start = __end__)
                [!provide]                        PROVIDE (__heap_end = __HeapLimit)
                [!provide]                        PROVIDE (__tls_align = MAX (ALIGNOF (.tdata), ALIGNOF (.tbss)))
                [!provide]                        PROVIDE (__tls_size_align = (((__tls_size + __tls_align) - 0x1) & ~ ((__tls_align - 0x1))))
                [!provide]                        PROVIDE (__arm32_tls_tcb_offset = MAX (0x8, __tls_align))
                [!provide]                        PROVIDE (_end = __end__)
                [!provide]                        PROVIDE (__llvm_libc_heap_limit = __HeapLimit)
                0x00000001                        ASSERT ((__StackLimit >= __HeapLimit), region RAM overflowed)
                0x00000001                        ASSERT (((__binary_info_header_end - __logical_binary_start) <= 0x400), Binary info must be in first 1024 bytes of the binary)
                0x00000001                        ASSERT (((__embedded_block_end - __logical_binary_start) <= 0x1000), Embedded block must be in first 4096 bytes of the binary)
LOAD CMakeFiles/slave.dir/main.c.o
LOAD CMakeFiles/slave.dir/home/grakoto/pico/pico-sdk/src/rp2_common/pico_stdlib/stdlib.c.o
LOAD CMakeFiles/slave.dir/home/grakoto/pico/pico-sdk/src/rp2_common/hardware_gpio/gpio.c.o
LOAD CMakeFiles/slave.dir/home/grakoto/pico/pico-sdk/src/rp2350/pico_platform/platform.c.o
LOAD CMakeFiles/slave.dir/home/grakoto/pico/pico-sdk/src/rp2_common/pico_platform_panic/panic.c.o
LOAD CMakeFiles/slave.dir/home/grakoto/pico/pico-sdk/src/common/hardware_claim/claim.c.o
LOAD CMakeFiles/slave.dir/home/grakoto/pico/pico-sdk/src/rp2_common/hardware_sync/sync.c.o
LOAD CMakeFiles/slave.dir/home/grakoto/pico/pico-sdk/src/rp2_common/hardware_sync_spin_lock/sync_spin_lock.c.o
LOAD CMakeFiles/slave.dir/home/grakoto/pico/pico-sdk/src/rp2_common/hardware_irq/irq.c.o
LOAD CMakeFiles/slave.dir/home/grakoto/pico/pico-sdk/src/rp2_common/hardware_irq/irq_handler_chain.S.o
LOAD CMakeFiles/slave.dir/home/grakoto/pico/pico-sdk/src/common/pico_sync/sem.c.o
LOAD CMakeFiles/slave.dir/home/grakoto/pico/pico-sdk/src/common/pico_sync/lock_core.c.o
LOAD CMakeFiles/slave.dir/home/grakoto/pico/pico-sdk/src/common/pico_sync/mutex.c.o
LOAD CMakeFiles/slave.dir/home/grakoto/pico/pico-sdk/src/common/pico_sync/critical_section.c.o
LOAD CMakeFiles/slave.dir/home/grakoto/pico/pico-sdk/src/common/pico_time/time.c.o
LOAD CMakeFiles/slave.dir/home/grakoto/pico/pico-sdk/src/common/pico_time/timeout_helper.c.o
LOAD CMakeFiles/slave.dir/home/grakoto/pico/pico-sdk/src/rp2_common/hardware_timer/timer.c.o
LOAD CMakeFiles/slave.dir/home/grakoto/pico/pico-sdk/src/common/pico_util/datetime.c.o
LOAD CMakeFiles/slave.dir/home/grakoto/pico/pico-sdk/src/common/pico_util/pheap.c.o
LOAD CMakeFiles/slave.dir/home/grakoto/pico/pico-sdk/src/common/pico_util/queue.c.o
LOAD CMakeFiles/slave.dir/home/grakoto/pico/pico-sdk/src/rp2_common/hardware_uart/uart.c.o
LOAD CMakeFiles/slave.dir/home/grakoto/pico/pico-sdk/src/rp2_common/hardware_clocks/clocks.c.o
LOAD CMakeFiles/slave.dir/home/grakoto/pico/pico-sdk/src/rp2_common/hardware_pll/pll.c.o
LOAD CMakeFiles/slave.dir/home/grakoto/pico/pico-sdk/src/rp2_common/hardware_vreg/vreg.c.o
LOAD CMakeFiles/slave.dir/home/grakoto/pico/pico-sdk/src/rp2_common/hardware_watchdog/watchdog.c.o
LOAD CMakeFiles/slave.dir/home/grakoto/pico/pico-sdk/src/rp2_common/hardware_ticks/ticks.c.o
LOAD CMakeFiles/slave.dir/home/grakoto/pico/pico-sdk/src/rp2_common/pico_bootrom/bootrom.c.o
LOAD CMakeFiles/slave.dir/home/grakoto/pico/pico-sdk/src/rp2_common/pico_bootrom/bootrom_lock.c.o
LOAD CMakeFiles/slave.dir/home/grakoto/pico/pico-sdk/src/rp2_common/hardware_boot_lock/boot_lock.c.o
LOAD CMakeFiles/slave.dir/home/grakoto/pico/pico-sdk/src/rp2_common/pico_flash/flash.c.o
LOAD CMakeFiles/slave.dir/home/grakoto/pico/pico-sdk/src/rp2_common/hardware_xosc/xosc.c.o
LOAD CMakeFiles/slave.dir/home/grakoto/pico/pico-sdk/src/rp2_common/hardware_divider/divider.c.o
LOAD CMakeFiles/slave.dir/home/grakoto/pico/pico-sdk/src/rp2_common/pico_runtime/runtime.c.o
LOAD CMakeFiles/slave.dir/home/grakoto/pico/pico-sdk/src/rp2_common/pico_runtime_init/runtime_init.c.o
LOAD CMakeFiles/slave.dir/home/grakoto/pico/pico-sdk/src/rp2_common/pico_runtime_init/runtime_init_clocks.c.o
LOAD CMakeFiles/slave.dir/home/grakoto/pico/pico-sdk/src/rp2_common/pico_runtime_init/runtime_init_stack_guard.c.o
LOAD CMakeFiles/slave.dir/home/grakoto/pico/pico-sdk/src/rp2_common/pico_bit_ops/bit_ops_aeabi.S.o
LOAD CMakeFiles/slave.dir/home/grakoto/pico/pico-sdk/src/rp2_common/pico_divider/divider_compiler.c.o
LOAD CMakeFiles/slave.dir/home/grakoto/pico/pico-sdk/src/rp2_common/pico_double/double_math.c.o
LOAD CMakeFiles/slave.dir/home/grakoto/pico/pico-sdk/src/rp2_common/pico_double/double_aeabi_dcp.S.o
LOAD CMakeFiles/slave.dir/home/grakoto/pico/pico-sdk/src/rp2_common/pico_double/double_fma_dcp.S.o