Archive member included to satisfy reference by file (symbol)

squarewavePIO/libsquarewave_lib.a(squarewave.c.o)
                              CMakeFiles/slave.dir/main.c.o (sm_completed)
/usr/lib/gcc/arm-none-eabi/13.2.1/../../../arm-none-eabi/lib/thumb/v8-m.main+fp/softfp/libm.a(libm_a-wf_sqrt.o)
                              CMakeFiles/slave.dir/home/grakoto/pico/pico-sdk/src/rp2_common/pico_float/float_math.c.o (sqrtf)
/usr/lib/gcc/arm-none-eabi/13.2.1/../../../arm-none-eabi/lib/thumb/v8-m.main+fp/softfp/libm.a(libm_a-ef_sqrt.o)
                              /usr/lib/gcc/arm-none-eabi/13.2.1/../../../arm-none-eabi/lib/thumb/v8-m.main+fp/softfp/libm.a(libm_a-wf_sqrt.o) (__ieee754_sqrtf)
/usr/lib/gcc/arm-none-eabi/13.2.1/thumb/v8-m.main+fp/softfp/libgcc.a(_arm_addsubdf3.o)
                              CMakeFiles/slave.dir/home/grakoto/pico/pico-sdk/src/rp2_common/pico_float/float_math.c.o (__aeabi_f2d)
/usr/lib/gcc/arm-none-eabi/13.2.1/thumb/v8-m.main+fp/softfp/libgcc.a(_aeabi_ldivmod.o)
                              CMakeFiles/slave.dir/home/grakoto/pico/pico-sdk/src/common/pico_time/time.c.o (__aeabi_ldivmod)
/usr/lib/gcc/arm-none-eabi/13.2.1/thumb/v8-m.main+fp/softfp/libgcc.a(_aeabi_uldivmod.o)
                              CMakeFiles/slave.dir/home/grakoto/pico/pico-sdk/src/rp2_common/hardware_clocks/clocks.c.o (__aeabi_uldivmod)
/usr/lib/gcc/arm-none-eabi/13.2.1/thumb/v8-m.main+fp/softfp/libgcc.a(_udivmoddi4.o)
                              /usr/lib/gcc/arm-none-eabi/13.2.1/thumb/v8-m.main+fp/softfp/libgcc.a(_aeabi_ldivmod.o) (__udivmoddi4)
/usr/lib/gcc/arm-none-eabi/13.2.1/thumb/v8-m.main+fp/softfp/libgcc.a(_dvmd_tls.o)
                              /usr/lib/gcc/arm-none-eabi/13.2.1/thumb/v8-m.main+fp/softfp/libgcc.a(_aeabi_ldivmod.o) (__aeabi_ldiv0)
/usr/lib/gcc/arm-none-eabi/13.2.1/../../../arm-none-eabi/lib/thumb/v8-m.main+fp/softfp/libg.a(libc_a-memset.o)
                              /usr/lib/gcc/arm-none-eabi/13.2.1/../../../arm-none-eabi/lib/thumb/v8-m.main+fp/softfp/crt0.o (memset)
/usr/lib/gcc/arm-none-eabi/13.2.1/../../../arm-none-eabi/lib/thumb/v8-m.main+fp/softfp/libg.a(libc_a-calloc.o)
                              CMakeFiles/slave.dir/home/grakoto/pico/pico-sdk/src/rp2_common/pico_malloc/malloc.c.o (calloc)
/usr/lib/gcc/arm-none-eabi/13.2.1/../../../arm-none-eabi/lib/thumb/v8-m.main+fp/softfp/libg.a(libc_a-errno.o)
                              /usr/lib/gcc/arm-none-eabi/13.2.1/../../../arm-none-eabi/lib/thumb/v8-m.main+fp/softfp/libm.a(libm_a-wf_sqrt.o) (__errno)
/usr/lib/gcc/arm-none-eabi/13.2.1/../../../arm-none-eabi/lib/thumb/v8-m.main+fp/softfp/libg.a(libc_a-impure.o)
                              /usr/lib/gcc/arm-none-eabi/13.2.1/../../../arm-none-eabi/lib/thumb/v8-m.main+fp/softfp/libg.a(libc_a-calloc.o) (_impure_ptr)
/usr/lib/gcc/arm-none-eabi/13.2.1/../../../arm-none-eabi/lib/thumb/v8-m.main+fp/softfp/libg.a(libc_a-callocr.o)
                              /usr/lib/gcc/arm-none-eabi/13.2.1/../../../arm-none-eabi/lib/thumb/v8-m.main+fp/softfp/libg.a(libc_a-calloc.o) (_calloc_r)
/usr/lib/gcc/arm-none-eabi/13.2.1/../../../arm-none-eabi/lib/thumb/v8-m.main+fp/softfp/libg.a(libc_a-realloc.o)
                              CMakeFiles/slave.dir/home/grakoto/pico/pico-sdk/src/rp2_common/pico_malloc/malloc.c.o (realloc)
/usr/lib/gcc/arm-none-eabi/13.2.1/../../../arm-none-eabi/lib/thumb/v8-m.main+fp/softfp/libg.a(libc_a-mallocr.o)
                              /usr/lib/gcc/arm-none-eabi/13.2.1/../../../arm-none-eabi/lib/thumb/v8-m.main+fp/softfp/libg.a(libc_a-callocr.o) (_malloc_r)
/usr/lib/gcc/arm-none-eabi/13.2.1/../../../arm-none-eabi/lib/thumb/v8-m.main+fp/softfp/libg.a(libc_a-freer.o)
                              /usr/lib/gcc/arm-none-eabi/13.2.1/../../../arm-none-eabi/lib/thumb/v8-m.main+fp/softfp/libg.a(libc_a-mallocr.o) (_free_r)
/usr/lib/gcc/arm-none-eabi/13.2.1/../../../arm-none-eabi/lib/thumb/v8-m.main+fp/softfp/libg.a(libc_a-memcmp.o)
                              CMakeFiles/slave.dir/home/grakoto/pico/pico-sdk/src/rp2_common/pico_atomic/atomic.c.o (memcmp)
/usr/lib/gcc/arm-none-eabi/13.2.1/../../../arm-none-eabi/lib/thumb/v8-m.main+fp/softfp/libg.a(libc_a-malloc.o)
                              CMakeFiles/slave.dir/home/grakoto/pico/pico-sdk/src/rp2_common/pico_malloc/malloc.c.o (malloc)
/usr/lib/gcc/arm-none-eabi/13.2.1/../../../arm-none-eabi/lib/thumb/v8-m.main+fp/softfp/libg.a(libc_a-memcpy.o)
                              CMakeFiles/slave.dir/home/grakoto/pico/pico-sdk/src/common/pico_util/queue.c.o (memcpy)
/usr/lib/gcc/arm-none-eabi/13.2.1/../../../arm-none-eabi/lib/thumb/v8-m.main+fp/softfp/libg.a(libc_a-sysconf.o)
                              /usr/lib/gcc/arm-none-eabi/13.2.1/../../../arm-none-eabi/lib/thumb/v8-m.main+fp/softfp/libg.a(libc_a-mallocr.o) (sysconf)
/usr/lib/gcc/arm-none-eabi/13.2.1/../../../arm-none-eabi/lib/thumb/v8-m.main+fp/softfp/libg.a(libc_a-init.o)
[...]
Memory Configuration

Name             Origin             Length             Attributes
FLASH            0x10000000         0x00400000         xr
RAM              0x20000000         0x00080000         xrw
SCRATCH_X        0x20080000         0x00001000         xrw
SCRATCH_Y        0x20081000         0x00001000         xrw
*default*        0x00000000         0xffffffff

Linker script and memory map

LOAD /usr/lib/gcc/arm-none-eabi/13.2.1/thumb/v8-m.main+fp/softfp/crti.o
LOAD /usr/lib/gcc/arm-none-eabi/13.2.1/thumb/v8-m.main+fp/softfp/crtbegin.o
LOAD /usr/lib/gcc/arm-none-eabi/13.2.1/../../../arm-none-eabi/lib/thumb/v8-m.main+fp/softfp/crt0.o

.flash_begin    0x10000000        0x0
                0x10000000                        __flash_binary_start = .

.text           0x10000000     0x4a0c
                0x10000000                        __logical_binary_start = .
 *(.vectors)
 .vectors       0x10000000      0x124 CMakeFiles/slave.dir/home/grakoto/pico/pico-sdk/src/rp2_common/pico_crt0/crt0.S.o
                0x10000000                __vectors
                0x10000000                __VECTOR_TABLE
                0x10000110                isr_invalid
                0x10000110                __default_isrs_start
                0x10000112                isr_nmi
                0x10000114                isr_hardfault
                0x10000116                isr_svcall
                0x10000118                isr_pendsv
                0x1000011a                isr_systick
                0x1000011c                isr_irq30
                0x1000011c                __unhandled_user_irq
                0x1000011c                isr_irq49
                0x1000011c                isr_irq13
                0x1000011c                isr_irq43
                0x1000011c                isr_irq45
                0x1000011c                isr_irq27
                0x1000011c                isr_irq32
                0x1000011c                isr_irq31
                0x1000011c                isr_irq5
                0x1000011c                isr_irq11
                0x1000011c                isr_irq23
                0x1000011c                isr_irq48
                0x1000011c                isr_irq35
                0x1000011c                isr_irq18
                0x1000011c                isr_irq50
                0x1000011c                isr_irq40
                0x1000011c                isr_irq28
                0x1000011c                isr_irq19
                0x1000011c                isr_irq36
                0x1000011c                isr_irq41
                0x1000011c                isr_irq0
                0x1000011c                isr_irq6
                0x1000011c                isr_irq37
                0x1000011c                isr_irq42
                0x1000011c                isr_irq22
                0x1000011c                isr_irq17
                0x1000011c                isr_irq38
                0x1000011c                isr_irq14
                0x1000011c                isr_irq2
                0x1000011c                isr_irq10
                0x1000011c                isr_irq8
                0x1000011c                isr_irq24
                0x1000011c                isr_irq46
                0x1000011c                isr_irq1
                0x1000011c                isr_irq47
                0x1000011c                isr_irq51
                0x1000011c                isr_irq7
                0x1000011c                isr_irq21
                0x1000011c                isr_irq39
                0x1000011c                isr_irq20
                0x1000011c                isr_irq15
                0x1000011c                isr_irq25
                0x1000011c                isr_irq34
                0x1000011c                isr_irq4
                0x1000011c                isr_irq16
                0x1000011c                isr_irq44
                0x1000011c                isr_irq29
                0x1000011c                isr_irq26
                0x1000011c                __default_isrs_end
                0x1000011c                isr_irq33
                0x1000011c                isr_irq3
                0x1000011c                isr_irq12
                0x1000011c                isr_irq9
                0x10000122                unhandled_user_irq_num_in_r0
 *(.binary_info_header)
 .binary_info_header
                0x10000124       0x14 CMakeFiles/slave.dir/home/grakoto/pico/pico-sdk/src/rp2_common/pico_crt0/crt0.S.o
                0x10000138                        __binary_info_header_end = .
 *(.embedded_block)
 .embedded_block
                0x10000138       0x14 CMakeFiles/slave.dir/home/grakoto/pico/pico-sdk/src/rp2_common/pico_crt0/crt0.S.o
                0x1000014c                        __embedded_block_end = .
 *(.reset)
 .reset         0x1000014c       0xa0 CMakeFiles/slave.dir/home/grakoto/pico/pico-sdk/src/rp2_common/pico_crt0/crt0.S.o
                0x1000014c                _entry_point
 *(.init)
 .init          0x100001ec        0x4 /usr/lib/gcc/arm-none-eabi/13.2.1/thumb/v8-m.main+fp/softfp/crti.o
                0x100001ec                _init
 *libgcc.a:cmse_nonsecure_call.o()
 *(EXCLUDE_FILE(*libm.a: *libc.a:*lib_a-mem*.o *libgcc.a:) .text*)
 .text          0x100001f0       0x8c /usr/lib/gcc/arm-none-eabi/13.2.1/thumb/v8-m.main+fp/softfp/crtbegin.o
 .text.startup.main
                0x1000027c       0x8c CMakeFiles/slave.dir/main.c.o
                0x1000027c                main
 .text.gpio_set_function
                0x10000308       0x3c CMakeFiles/slave.dir/home/grakoto/pico/pico-sdk/src/rp2_common/hardware_gpio/gpio.c.o
                0x10000308                gpio_set_function
 .text.gpio_init
                0x10000344       0x48 CMakeFiles/slave.dir/home/grakoto/pico/pico-sdk/src/rp2_common/hardware_gpio/gpio.c.o
                0x10000344                gpio_init
 .text.panic    0x1000038c       0x30 CMakeFiles/slave.dir/home/grakoto/pico/pico-sdk/src/rp2_common/pico_platform_panic/panic.c.o
                0x1000038c                panic
 .text.hw_claim_lock
                0x100003bc       0x24 CMakeFiles/slave.dir/home/grakoto/pico/pico-sdk/src/common/hardware_claim/claim.c.o
                0x100003bc                hw_claim_lock
 .text.hw_claim_unlock
                0x100003e0       0x14 CMakeFiles/slave.dir/home/grakoto/pico/pico-sdk/src/common/hardware_claim/claim.c.o
                0x100003e0                hw_claim_unlock
 .text.hw_claim_or_assert
                0x100003f4       0x58 CMakeFiles/slave.dir/home/grakoto/pico/pico-sdk/src/common/hardware_claim/claim.c.o
                0x100003f4                hw_claim_or_assert
 .text.hw_claim_unused_from_range
                0x1000044c       0x9c CMakeFiles/slave.dir/home/grakoto/pico/pico-sdk/src/common/hardware_claim/claim.c.o
                0x1000044c                hw_claim_unused_from_range
 .text.hw_claim_clear
                0x100004e8       0x50 CMakeFiles/slave.dir/home/grakoto/pico/pico-sdk/src/common/hardware_claim/claim.c.o
                0x100004e8                hw_claim_clear
 .text.next_striped_spin_lock_num
                0x10000538       0x18 CMakeFiles/slave.dir/home/grakoto/pico/pico-sdk/src/rp2_common/hardware_sync/sync.c.o
                0x10000538                next_striped_spin_lock_num
 .text.spin_lock_claim_unused
                0x10000550       0x20 CMakeFiles/slave.dir/home/grakoto/pico/pico-sdk/src/rp2_common/hardware_sync/sync.c.o
                0x10000550                spin_lock_claim_unused
 .text.spinlock_set_extexclall
                0x10000570       0x10 CMakeFiles/slave.dir/home/grakoto/pico/pico-sdk/src/rp2_common/hardware_sync_spin_lock/sync_spin_lock.c.o
 .text.spin_locks_reset
                0x10000580       0x18 CMakeFiles/slave.dir/home/grakoto/pico/pico-sdk/src/rp2_common/hardware_sync_spin_lock/sync_spin_lock.c.o
                0x10000580                spin_locks_reset
 .text.runtime_init_per_core_irq_priorities
                0x10000598       0x40 CMakeFiles/slave.dir/home/grakoto/pico/pico-sdk/src/rp2_common/hardware_irq/irq.c.o
                0x10000598                runtime_init_per_core_irq_priorities
 .text.irq_set_enabled
                0x100005d8       0x2c CMakeFiles/slave.dir/home/grakoto/pico/pico-sdk/src/rp2_common/hardware_irq/irq.c.o
                0x100005d8                irq_set_enabled
 .text.irq_is_enabled
                0x10000604       0x20 CMakeFiles/slave.dir/home/grakoto/pico/pico-sdk/src/rp2_common/hardware_irq/irq.c.o
                0x10000604                irq_is_enabled
 .text.irq_set_pending
                0x10000624       0x18 CMakeFiles/slave.dir/home/grakoto/pico/pico-sdk/src/rp2_common/hardware_irq/irq.c.o
                0x10000624                irq_set_pending
 .text.irq_has_shared_handler
                0x1000063c       0x20 CMakeFiles/slave.dir/home/grakoto/pico/pico-sdk/src/rp2_common/hardware_irq/irq.c.o
                0x1000063c                irq_has_shared_handler
 .text.irq_set_exclusive_handler
                0x1000065c       0x60 CMakeFiles/slave.dir/home/grakoto/pico/pico-sdk/src/rp2_common/hardware_irq/irq.c.o
                0x1000065c                irq_set_exclusive_handler
 .text.irq_add_shared_handler
                0x100006bc      0x1e8 CMakeFiles/slave.dir/home/grakoto/pico/pico-sdk/src/rp2_common/hardware_irq/irq.c.o
                0x100006bc                irq_add_shared_handler
 .text.irq_add_tail_to_free_list
                0x100008a4       0xbc CMakeFiles/slave.dir/home/grakoto/pico/pico-sdk/src/rp2_common/hardware_irq/irq.c.o
                0x100008a4                irq_add_tail_to_free_list
 .text.user_irq_claim_unused
                0x10000960       0x28 CMakeFiles/slave.dir/home/grakoto/pico/pico-sdk/src/rp2_common/hardware_irq/irq.c.o
                0x10000960                user_irq_claim_unused
 .text.lock_init
                0x10000988        0xc CMakeFiles/slave.dir/home/grakoto/pico/pico-sdk/src/common/pico_sync/lock_core.c.o
                0x10000988                lock_init
 .text.runtime_init_mutex
                0x10000994       0x4c CMakeFiles/slave.dir/home/grakoto/pico/pico-sdk/src/common/pico_sync/mutex.c.o
                0x10000994                runtime_init_mutex
 .text.mutex_init
                0x100009e0       0x1c CMakeFiles/slave.dir/home/grakoto/pico/pico-sdk/src/common/pico_sync/mutex.c.o
                0x100009e0                mutex_init
 .text.critical_section_init
                0x100009fc       0x1c CMakeFiles/slave.dir/home/grakoto/pico/pico-sdk/src/common/pico_sync/critical_section.c.o
                0x100009fc                critical_section_init
 .text.critical_section_init_with_lock_num
                0x10000a18       0x10 CMakeFiles/slave.dir/home/grakoto/pico/pico-sdk/src/common/pico_sync/critical_section.c.o
                0x10000a18                critical_section_init_with_lock_num
 .text.sleep_until_callback
                0x10000a28       0x3c CMakeFiles/slave.dir/home/grakoto/pico/pico-sdk/src/common/pico_time/time.c.o
 *fill*         0x10000a64        0x4 
 .text.alarm_pool_irq_handler
                0x10000a68      0x2f0 CMakeFiles/slave.dir/home/grakoto/pico/pico-sdk/src/common/pico_time/time.c.o
 .text.runtime_init_default_alarm_pool
                0x10000d58      0x100 CMakeFiles/slave.dir/home/grakoto/pico/pico-sdk/src/common/pico_time/time.c.o
                0x10000d58                runtime_init_default_alarm_pool
 .text.alarm_pool_get_default
                0x10000e58        0x8 CMakeFiles/slave.dir/home/grakoto/pico/pico-sdk/src/common/pico_time/time.c.o
                0x10000e58                alarm_pool_get_default
 .text.alarm_pool_add_alarm_at
                0x10000e60       0xdc CMakeFiles/slave.dir/home/grakoto/pico/pico-sdk/src/common/pico_time/time.c.o
                0x10000e60                alarm_pool_add_alarm_at
 .text.alarm_pool_add_alarm_at_force_in_context
                0x10000f3c       0xc8 CMakeFiles/slave.dir/home/grakoto/pico/pico-sdk/src/common/pico_time/time.c.o
                0x10000f3c                alarm_pool_add_alarm_at_force_in_context
 .text.alarm_pool_cancel_alarm
                0x10001004       0x80 CMakeFiles/slave.dir/home/grakoto/pico/pico-sdk/src/common/pico_time/time.c.o
                0x10001004                alarm_pool_cancel_alarm
 .text.alarm_pool_core_num
                0x10001084        0x4 CMakeFiles/slave.dir/home/grakoto/pico/pico-sdk/src/common/pico_time/time.c.o
                0x10001084                alarm_pool_core_num
 .text.sleep_until
                0x10001088       0xbc CMakeFiles/slave.dir/home/grakoto/pico/pico-sdk/src/common/pico_time/time.c.o
                0x10001088                sleep_until
 .text.sleep_ms
                0x10001144       0x2c CMakeFiles/slave.dir/home/grakoto/pico/pico-sdk/src/common/pico_time/time.c.o
                0x10001144                sleep_ms
 .text.best_effort_wfe_or_timeout
                0x10001170       0xbc CMakeFiles/slave.dir/home/grakoto/pico/pico-sdk/src/common/pico_time/time.c.o
                0x10001170                best_effort_wfe_or_timeout
 .text.timer_hardware_alarm_claim
                0x1000122c       0x24 CMakeFiles/slave.dir/home/grakoto/pico/pico-sdk/src/rp2_common/hardware_timer/timer.c.o
                0x1000122c                timer_hardware_alarm_claim
 .text.timer_time_us_64
                0x10001250       0x10 CMakeFiles/slave.dir/home/grakoto/pico/pico-sdk/src/rp2_common/hardware_timer/timer.c.o
                0x10001250                timer_time_us_64
 .text.time_us_64
                0x10001260       0x14 CMakeFiles/slave.dir/home/grakoto/pico/pico-sdk/src/rp2_common/hardware_timer/timer.c.o
                0x10001260                time_us_64
 .text.busy_wait_until
                0x10001274       0x24 CMakeFiles/slave.dir/home/grakoto/pico/pico-sdk/src/rp2_common/hardware_timer/timer.c.o
                0x10001274                busy_wait_until
 .text.clock_configure_undivided
                0x10001298       0xd0 CMakeFiles/slave.dir/home/grakoto/pico/pico-sdk/src/rp2_common/hardware_clocks/clocks.c.o
                0x10001298                clock_configure_undivided
 .text.clock_get_hz
                0x10001368        0xc CMakeFiles/slave.dir/home/grakoto/pico/pico-sdk/src/rp2_common/hardware_clocks/clocks.c.o
                0x10001368                clock_get_hz
 .text.pll_init
                0x10001374       0x8c CMakeFiles/slave.dir/home/grakoto/pico/pico-sdk/src/rp2_common/hardware_pll/pll.c.o
                0x10001374                pll_init
 .text.watchdog_reboot
                0x10001400       0x98 CMakeFiles/slave.dir/home/grakoto/pico/pico-sdk/src/rp2_common/hardware_watchdog/watchdog.c.o
                0x10001400                watchdog_reboot
 .text.tick_start
                0x10001498       0x18 CMakeFiles/slave.dir/home/grakoto/pico/pico-sdk/src/rp2_common/hardware_ticks/ticks.c.o
                0x10001498                tick_start
 .text.rom_reboot.constprop.0.isra.0
                0x100014b0       0x34 CMakeFiles/slave.dir/home/grakoto/pico/pico-sdk/src/rp2_common/pico_bootrom/bootrom.c.o
 .text.rom_func_lookup
                0x100014e4       0x18 CMakeFiles/slave.dir/home/grakoto/pico/pico-sdk/src/rp2_common/pico_bootrom/bootrom.c.o
                0x100014e4                rom_func_lookup
 .text.rom_reset_usb_boot_extra
                0x100014fc       0x1c CMakeFiles/slave.dir/home/grakoto/pico/pico-sdk/src/rp2_common/pico_bootrom/bootrom.c.o
                0x100014fc                rom_reset_usb_boot_extra
 .text.runtime_init_bootrom_locking_enable
                0x10001518       0x14 CMakeFiles/slave.dir/home/grakoto/pico/pico-sdk/src/rp2_common/pico_bootrom/bootrom_lock.c.o
                0x10001518                runtime_init_bootrom_locking_enable
 .text.runtime_init_boot_locks_reset
                0x1000152c       0x1c CMakeFiles/slave.dir/home/grakoto/pico/pico-sdk/src/rp2_common/hardware_boot_lock/boot_lock.c.o
                0x1000152c                runtime_init_boot_locks_reset
 .text.xosc_init
                0x10001548       0x30 CMakeFiles/slave.dir/home/grakoto/pico/pico-sdk/src/rp2_common/hardware_xosc/xosc.c.o
                0x10001548                xosc_init
 .text.first_per_core_initializer
                0x10001578        0x4 CMakeFiles/slave.dir/home/grakoto/pico/pico-sdk/src/rp2_common/pico_runtime/runtime.c.o
 .text.hard_assertion_failure
                0x1000157c        0xc CMakeFiles/slave.dir/home/grakoto/pico/pico-sdk/src/rp2_common/pico_runtime/runtime.c.o
                0x1000157c                hard_assertion_failure
 .text.runtime_run_initializers
                0x10001588       0x20 CMakeFiles/slave.dir/home/grakoto/pico/pico-sdk/src/rp2_common/pico_runtime/runtime.c.o
                0x10001588                runtime_run_initializers
 .text.runtime_init_early_resets
                0x100015a8       0x34 CMakeFiles/slave.dir/home/grakoto/pico/pico-sdk/src/rp2_common/pico_runtime_init/runtime_init.c.o
                0x100015a8                runtime_init_early_resets
 .text.runtime_init_usb_power_down
                0x100015dc       0x1c CMakeFiles/slave.dir/home/grakoto/pico/pico-sdk/src/rp2_common/pico_runtime_init/runtime_init.c.o
                0x100015dc                runtime_init_usb_power_down
 .text.runtime_init_per_core_enable_coprocessors
                0x100015f8       0x1c CMakeFiles/slave.dir/home/grakoto/pico/pico-sdk/src/rp2_common/pico_runtime_init/runtime_init.c.o
                0x100015f8                runtime_init_per_core_enable_coprocessors
 .text.runtime_init_post_clock_resets
                0x10001614       0x20 CMakeFiles/slave.dir/home/grakoto/pico/pico-sdk/src/rp2_common/pico_runtime_init/runtime_init.c.o
                0x10001614                runtime_init_post_clock_resets
 .text.runtime_init_bootrom_reset
                0x10001634       0x14 CMakeFiles/slave.dir/home/grakoto/pico/pico-sdk/src/rp2_common/pico_runtime_init/runtime_init.c.o
                0x10001634                runtime_init_bootrom_reset
 .text.runtime_init_per_core_bootrom_reset
                0x10001648       0x14 CMakeFiles/slave.dir/home/grakoto/pico/pico-sdk/src/rp2_common/pico_runtime_init/runtime_init.c.o
                0x10001648                runtime_init_per_core_bootrom_reset
 .text.runtime_init_spin_locks_reset
                0x1000165c        0x4 CMakeFiles/slave.dir/home/grakoto/pico/pico-sdk/src/rp2_common/pico_runtime_init/runtime_init.c.o
                0x1000165c                runtime_init_spin_locks_reset
 .text.runtime_init_install_ram_vector_table
                0x10001660       0x20 CMakeFiles/slave.dir/home/grakoto/pico/pico-sdk/src/rp2_common/pico_runtime_init/runtime_init.c.o
                0x10001660                runtime_init_install_ram_vector_table
 .text.runtime_init_clocks
                0x10001680       0xdc CMakeFiles/slave.dir/home/grakoto/pico/pico-sdk/src/rp2_common/pico_runtime_init/runtime_init_clocks.c.o
                0x10001680                runtime_init_clocks
 .text._out_char
                0x1000175c        0x8 CMakeFiles/slave.dir/home/grakoto/pico/pico-sdk/src/rp2_common/pico_printf/printf.c.o
 .text.weak_raw_vprintf
                0x10001764       0x30 CMakeFiles/slave.dir/home/grakoto/pico/pico-sdk/src/rp2_common/pico_printf/printf.c.o
                0x10001764                weak_raw_vprintf
 .text._exit    0x10001794        0x4 CMakeFiles/slave.dir/home/grakoto/pico/pico-sdk/src/rp2_common/pico_clib_interface/newlib_interface.c.o
                0x10001794                _exit
 .text.exit     0x10001798        0x8 CMakeFiles/slave.dir/home/grakoto/pico/pico-sdk/src/rp2_common/pico_clib_interface/newlib_interface.c.o
                0x10001798                exit
 .text.runtime_init
                0x100017a0       0x24 CMakeFiles/slave.dir/home/grakoto/pico/pico-sdk/src/rp2_common/pico_clib_interface/newlib_interface.c.o
                0x100017a0                runtime_init
 .text.stdio_out_chars_no_crlf
                0x100017c4        0x8 CMakeFiles/slave.dir/home/grakoto/pico/pico-sdk/src/rp2_common/pico_stdio/stdio.c.o
 .text.stdio_out_chars_crlf
                0x100017cc       0xac CMakeFiles/slave.dir/home/grakoto/pico/pico-sdk/src/rp2_common/pico_stdio/stdio.c.o
 .text.stdio_put_string
                0x10001878       0xf0 CMakeFiles/slave.dir/home/grakoto/pico/pico-sdk/src/rp2_common/pico_stdio/stdio.c.o
                0x10001878                stdio_put_string
 .text.stdio_set_driver_enabled
                0x10001968       0x30 CMakeFiles/slave.dir/home/grakoto/pico/pico-sdk/src/rp2_common/pico_stdio/stdio.c.o
                0x10001968                stdio_set_driver_enabled
 .text.stdio_init_all
                0x10001998        0x4 CMakeFiles/slave.dir/home/grakoto/pico/pico-sdk/src/rp2_common/pico_stdio/stdio.c.o
                0x10001998                stdio_init_all
 .text.__wrap_putchar
                0x1000199c       0x84 CMakeFiles/slave.dir/home/grakoto/pico/pico-sdk/src/rp2_common/pico_stdio/stdio.c.o
                0x1000199c                stdio_putchar
                0x1000199c                __wrap_putchar
 .text.__wrap_puts
                0x10001a20       0x3c CMakeFiles/slave.dir/home/grakoto/pico/pico-sdk/src/rp2_common/pico_stdio/stdio.c.o
                0x10001a20                __wrap_puts
                0x10001a20                stdio_puts
 .text.resetd_init
                0x10001a5c        0x4 CMakeFiles/slave.dir/home/grakoto/pico/pico-sdk/src/rp2_common/pico_stdio_usb/reset_interface.c.o
 .text.resetd_reset
                0x10001a60        0xc CMakeFiles/slave.dir/home/grakoto/pico/pico-sdk/src/rp2_common/pico_stdio_usb/reset_interface.c.o
 .text.resetd_open
                0x10001a6c       0x28 CMakeFiles/slave.dir/home/grakoto/pico/pico-sdk/src/rp2_common/pico_stdio_usb/reset_interface.c.o
 .text.resetd_xfer_cb
                0x10001a94        0x4 CMakeFiles/slave.dir/home/grakoto/pico/pico-sdk/src/rp2_common/pico_stdio_usb/reset_interface.c.o
 .text.resetd_control_xfer_cb
                0x10001a98       0x50 CMakeFiles/slave.dir/home/grakoto/pico/pico-sdk/src/rp2_common/pico_stdio_usb/reset_interface.c.o
 .text.tud_descriptor_bos_cb
                0x10001ae8        0x8 CMakeFiles/slave.dir/home/grakoto/pico/pico-sdk/src/rp2_common/pico_stdio_usb/reset_interface.c.o
                0x10001ae8                tud_descriptor_bos_cb
 .text.tud_vendor_control_xfer_cb
                0x10001af0       0x28 CMakeFiles/slave.dir/home/grakoto/pico/pico-sdk/src/rp2_common/pico_stdio_usb/reset_interface.c.o
                0x10001af0                tud_vendor_control_xfer_cb
 .text.usbd_app_driver_get_cb
                0x10001b18       0x10 CMakeFiles/slave.dir/home/grakoto/pico/pico-sdk/src/rp2_common/pico_stdio_usb/reset_interface.c.o
                0x10001b18                usbd_app_driver_get_cb
 .text.tud_cdc_line_coding_cb
                0x10001b28       0x18 CMakeFiles/slave.dir/home/grakoto/pico/pico-sdk/src/rp2_common/pico_stdio_usb/reset_interface.c.o
                0x10001b28                tud_cdc_line_coding_cb
 .text.stdio_usb_set_chars_available_callback
                0x10001b40       0x14 CMakeFiles/slave.dir/home/grakoto/pico/pico-sdk/src/rp2_common/pico_stdio_usb/stdio_usb.c.o
                0x10001b40                stdio_usb_set_chars_available_callback
 .text.timer_task
                0x10001b54       0x70 CMakeFiles/slave.dir/home/grakoto/pico/pico-sdk/src/rp2_common/pico_stdio_usb/stdio_usb.c.o
 .text.usb_irq  0x10001bc4        0xc CMakeFiles/slave.dir/home/grakoto/pico/pico-sdk/src/rp2_common/pico_stdio_usb/stdio_usb.c.o
 .text.stdio_usb_in_chars
                0x10001bd0       0x88 CMakeFiles/slave.dir/home/grakoto/pico/pico-sdk/src/rp2_common/pico_stdio_usb/stdio_usb.c.o
                0x10001bd0                stdio_usb_in_chars
 .text.stdio_usb_out_flush
                0x10001c58       0x54 CMakeFiles/slave.dir/home/grakoto/pico/pico-sdk/src/rp2_common/pico_stdio_usb/stdio_usb.c.o
 .text.stdio_usb_out_chars
                0x10001cac       0xf4 CMakeFiles/slave.dir/home/grakoto/pico/pico-sdk/src/rp2_common/pico_stdio_usb/stdio_usb.c.o
 .text.low_priority_worker_irq
                0x10001da0       0xd8 CMakeFiles/slave.dir/home/grakoto/pico/pico-sdk/src/rp2_common/pico_stdio_usb/stdio_usb.c.o
 .text.stdio_usb_init
                0x10001e78       0xe8 CMakeFiles/slave.dir/home/grakoto/pico/pico-sdk/src/rp2_common/pico_stdio_usb/stdio_usb.c.o
                0x10001e78                stdio_usb_init
 .text.tud_descriptor_device_cb
                0x10001f60        0x8 CMakeFiles/slave.dir/home/grakoto/pico/pico-sdk/src/rp2_common/pico_stdio_usb/stdio_usb_descriptors.c.o
                0x10001f60                tud_descriptor_device_cb
 .text.tud_descriptor_configuration_cb
                0x10001f68        0x8 CMakeFiles/slave.dir/home/grakoto/pico/pico-sdk/src/rp2_common/pico_stdio_usb/stdio_usb_descriptors.c.o
                0x10001f68                tud_descriptor_configuration_cb
 .text.tud_descriptor_string_cb
                0x10001f70       0x70 CMakeFiles/slave.dir/home/grakoto/pico/pico-sdk/src/rp2_common/pico_stdio_usb/stdio_usb_descriptors.c.o
                0x10001f70                tud_descriptor_string_cb
 .text.startup._retrieve_unique_id_on_boot
                0x10001fe0       0x30 CMakeFiles/slave.dir/home/grakoto/pico/pico-sdk/src/rp2_common/pico_unique_id/unique_id.c.o
 .text.pico_get_unique_board_id_string
                0x10002010      0x184 CMakeFiles/slave.dir/home/grakoto/pico/pico-sdk/src/rp2_common/pico_unique_id/unique_id.c.o
                0x10002010                pico_get_unique_board_id_string
 .text.dcd_init
                0x10002194       0x90 CMakeFiles/slave.dir/home/grakoto/pico/pico-sdk/lib/tinyusb/src/portable/raspberrypi/rp2040/dcd_rp2040.c.o
                0x10002194                dcd_init
 .text.dcd_int_enable
                0x10002224        0x8 CMakeFiles/slave.dir/home/grakoto/pico/pico-sdk/lib/tinyusb/src/portable/raspberrypi/rp2040/dcd_rp2040.c.o
                0x10002224                dcd_int_enable
 .text.dcd_set_address
                0x1000222c       0x10 CMakeFiles/slave.dir/home/grakoto/pico/pico-sdk/lib/tinyusb/src/portable/raspberrypi/rp2040/dcd_rp2040.c.o
                0x1000222c                dcd_set_address
 .text.dcd_sof_enable
                0x1000223c       0x1c CMakeFiles/slave.dir/home/grakoto/pico/pico-sdk/lib/tinyusb/src/portable/raspberrypi/rp2040/dcd_rp2040.c.o
                0x1000223c                dcd_sof_enable
 .text.dcd_edpt0_status_complete
                0x10002258       0x1c CMakeFiles/slave.dir/home/grakoto/pico/pico-sdk/lib/tinyusb/src/portable/raspberrypi/rp2040/dcd_rp2040.c.o
                0x10002258                dcd_edpt0_status_complete
 .text.dcd_edpt_open
                0x10002274      0x108 CMakeFiles/slave.dir/home/grakoto/pico/pico-sdk/lib/tinyusb/src/portable/raspberrypi/rp2040/dcd_rp2040.c.o
                0x10002274                dcd_edpt_open
 .text.dcd_edpt_close_all
                0x1000237c        0x4 CMakeFiles/slave.dir/home/grakoto/pico/pico-sdk/lib/tinyusb/src/portable/raspberrypi/rp2040/dcd_rp2040.c.o
                0x1000237c                dcd_edpt_close_all
 .text.dcd_edpt_xfer
                0x10002380       0x28 CMakeFiles/slave.dir/home/grakoto/pico/pico-sdk/lib/tinyusb/src/portable/raspberrypi/rp2040/dcd_rp2040.c.o
                0x10002380                dcd_edpt_xfer
 .text.dcd_edpt_stall
                0x100023a8       0x2c CMakeFiles/slave.dir/home/grakoto/pico/pico-sdk/lib/tinyusb/src/portable/raspberrypi/rp2040/dcd_rp2040.c.o
                0x100023a8                dcd_edpt_stall
 .text.dcd_edpt_clear_stall
                0x100023d4       0x2c CMakeFiles/slave.dir/home/grakoto/pico/pico-sdk/lib/tinyusb/src/portable/raspberrypi/rp2040/dcd_rp2040.c.o
                0x100023d4                dcd_edpt_clear_stall
 .text.rp2040_usb_init
                0x10002400       0x40 CMakeFiles/slave.dir/home/grakoto/pico/pico-sdk/lib/tinyusb/src/portable/raspberrypi/rp2040/rp2040_usb.c.o
                0x10002400                rp2040_usb_init
 .text.hw_endpoint_xfer_start
                0x10002440       0x40 CMakeFiles/slave.dir/home/grakoto/pico/pico-sdk/lib/tinyusb/src/portable/raspberrypi/rp2040/rp2040_usb.c.o
                0x10002440                hw_endpoint_xfer_start
 .text.configuration_reset
                0x10002480       0x8c CMakeFiles/slave.dir/home/grakoto/pico/pico-sdk/lib/tinyusb/src/device/usbd.c.o
 .text.tud_event_hook_cb
                0x1000250c        0x4 CMakeFiles/slave.dir/home/grakoto/pico/pico-sdk/lib/tinyusb/src/device/usbd.c.o
                0x1000250c                tud_event_hook_cb
 .text.tud_sof_cb
                0x10002510        0x4 CMakeFiles/slave.dir/home/grakoto/pico/pico-sdk/lib/tinyusb/src/device/usbd.c.o
                0x10002510                tud_sof_cb
 .text.tud_descriptor_device_qualifier_cb
                0x10002514        0x4 CMakeFiles/slave.dir/home/grakoto/pico/pico-sdk/lib/tinyusb/src/device/usbd.c.o
                0x10002514                tud_descriptor_device_qualifier_cb
 .text.tud_descriptor_other_speed_configuration_cb
                0x10002518        0x4 CMakeFiles/slave.dir/home/grakoto/pico/pico-sdk/lib/tinyusb/src/device/usbd.c.o
                0x10002518                tud_descriptor_other_speed_configuration_cb
 .text.tud_mount_cb
                0x1000251c        0x4 CMakeFiles/slave.dir/home/grakoto/pico/pico-sdk/lib/tinyusb/src/device/usbd.c.o
                0x1000251c                tud_mount_cb
 .text.tud_umount_cb
                0x10002520        0x4 CMakeFiles/slave.dir/home/grakoto/pico/pico-sdk/lib/tinyusb/src/device/usbd.c.o
                0x10002520                tud_umount_cb
 .text.tud_suspend_cb
                0x10002524        0x4 CMakeFiles/slave.dir/home/grakoto/pico/pico-sdk/lib/tinyusb/src/device/usbd.c.o
                0x10002524                tud_suspend_cb
 .text.tud_resume_cb
                0x10002528        0x4 CMakeFiles/slave.dir/home/grakoto/pico/pico-sdk/lib/tinyusb/src/device/usbd.c.o
                0x10002528                tud_resume_cb
 .text.tud_mounted
                0x1000252c       0x10 CMakeFiles/slave.dir/home/grakoto/pico/pico-sdk/lib/tinyusb/src/device/usbd.c.o
                0x1000252c                tud_mounted
 .text.tud_suspended
                0x1000253c       0x10 CMakeFiles/slave.dir/home/grakoto/pico/pico-sdk/lib/tinyusb/src/device/usbd.c.o
                0x1000253c                tud_suspended
 .text.tud_rhport_init
                0x1000254c       0xf8 CMakeFiles/slave.dir/home/grakoto/pico/pico-sdk/lib/tinyusb/src/device/usbd.c.o
                0x1000254c                tud_rhport_init
 .text.tud_task_ext
                0x10002644      0x784 CMakeFiles/slave.dir/home/grakoto/pico/pico-sdk/lib/tinyusb/src/device/usbd.c.o
                0x10002644                tud_task_ext
 .text.usbd_open_edpt_pair
                0x10002dc8       0x9c CMakeFiles/slave.dir/home/grakoto/pico/pico-sdk/lib/tinyusb/src/device/usbd.c.o
                0x10002dc8                usbd_open_edpt_pair
 .text.usbd_edpt_open
                0x10002e64       0x44 CMakeFiles/slave.dir/home/grakoto/pico/pico-sdk/lib/tinyusb/src/device/usbd.c.o
                0x10002e64                usbd_edpt_open
 .text.usbd_edpt_claim
                0x10002ea8       0x24 CMakeFiles/slave.dir/home/grakoto/pico/pico-sdk/lib/tinyusb/src/device/usbd.c.o
                0x10002ea8                usbd_edpt_claim
 .text.usbd_edpt_release
                0x10002ecc       0x24 CMakeFiles/slave.dir/home/grakoto/pico/pico-sdk/lib/tinyusb/src/device/usbd.c.o
                0x10002ecc                usbd_edpt_release
 .text.usbd_edpt_xfer
                0x10002ef0       0x70 CMakeFiles/slave.dir/home/grakoto/pico/pico-sdk/lib/tinyusb/src/device/usbd.c.o
                0x10002ef0                usbd_edpt_xfer
 .text.tud_control_status
                0x10002f60       0x34 CMakeFiles/slave.dir/home/grakoto/pico/pico-sdk/lib/tinyusb/src/device/usbd_control.c.o
                0x10002f60                tud_control_status
 .text.tud_control_xfer
                0x10002f94       0xac CMakeFiles/slave.dir/home/grakoto/pico/pico-sdk/lib/tinyusb/src/device/usbd_control.c.o
                0x10002f94                tud_control_xfer
 .text.usbd_control_reset
                0x10003040       0x14 CMakeFiles/slave.dir/home/grakoto/pico/pico-sdk/lib/tinyusb/src/device/usbd_control.c.o
                0x10003040                usbd_control_reset
 .text.usbd_control_set_complete_callback
                0x10003054        0xc CMakeFiles/slave.dir/home/grakoto/pico/pico-sdk/lib/tinyusb/src/device/usbd_control.c.o
                0x10003054                usbd_control_set_complete_callback
 .text.usbd_control_set_request
                0x10003060       0x1c CMakeFiles/slave.dir/home/grakoto/pico/pico-sdk/lib/tinyusb/src/device/usbd_control.c.o
                0x10003060                usbd_control_set_request
 .text.usbd_control_xfer_cb
                0x1000307c       0xfc CMakeFiles/slave.dir/home/grakoto/pico/pico-sdk/lib/tinyusb/src/device/usbd_control.c.o
                0x1000307c                usbd_control_xfer_cb
 .text._prep_out_transaction.isra.0
                0x10003178       0x74 CMakeFiles/slave.dir/home/grakoto/pico/pico-sdk/lib/tinyusb/src/class/cdc/cdc_device.c.o
 .text.tud_cdc_n_connected
                0x100031ec       0x2c CMakeFiles/slave.dir/home/grakoto/pico/pico-sdk/lib/tinyusb/src/class/cdc/cdc_device.c.o
                0x100031ec                tud_cdc_n_connected
 .text.tud_cdc_n_available
                0x10003218       0x18 CMakeFiles/slave.dir/home/grakoto/pico/pico-sdk/lib/tinyusb/src/class/cdc/cdc_device.c.o
                0x10003218                tud_cdc_n_available
 .text.tud_cdc_n_read
                0x10003230       0x8c CMakeFiles/slave.dir/home/grakoto/pico/pico-sdk/lib/tinyusb/src/class/cdc/cdc_device.c.o
                0x10003230                tud_cdc_n_read
 .text.tud_cdc_n_write_flush
                0x100032bc       0x8c CMakeFiles/slave.dir/home/grakoto/pico/pico-sdk/lib/tinyusb/src/class/cdc/cdc_device.c.o
                0x100032bc                tud_cdc_n_write_flush
 .text.tud_cdc_n_write
                0x10003348       0x44 CMakeFiles/slave.dir/home/grakoto/pico/pico-sdk/lib/tinyusb/src/class/cdc/cdc_device.c.o
                0x10003348                tud_cdc_n_write
 .text.tud_cdc_n_write_available
                0x1000338c       0x18 CMakeFiles/slave.dir/home/grakoto/pico/pico-sdk/lib/tinyusb/src/class/cdc/cdc_device.c.o
                0x1000338c                tud_cdc_n_write_available
 .text.cdcd_init
                0x100033a4       0x70 CMakeFiles/slave.dir/home/grakoto/pico/pico-sdk/lib/tinyusb/src/class/cdc/cdc_device.c.o
                0x100033a4                cdcd_init
 .text.cdcd_deinit
                0x10003414       0x2c CMakeFiles/slave.dir/home/grakoto/pico/pico-sdk/lib/tinyusb/src/class/cdc/cdc_device.c.o
                0x10003414                cdcd_deinit
 .text.cdcd_reset
                0x10003440       0x4c CMakeFiles/slave.dir/home/grakoto/pico/pico-sdk/lib/tinyusb/src/class/cdc/cdc_device.c.o
                0x10003440                cdcd_reset
 .text.cdcd_open
                0x1000348c       0xbc CMakeFiles/slave.dir/home/grakoto/pico/pico-sdk/lib/tinyusb/src/class/cdc/cdc_device.c.o
                0x1000348c                cdcd_open
 .text.cdcd_control_xfer_cb
                0x10003548       0xc0 CMakeFiles/slave.dir/home/grakoto/pico/pico-sdk/lib/tinyusb/src/class/cdc/cdc_device.c.o
                0x10003548                cdcd_control_xfer_cb
 .text.cdcd_xfer_cb
                0x10003608       0xfc CMakeFiles/slave.dir/home/grakoto/pico/pico-sdk/lib/tinyusb/src/class/cdc/cdc_device.c.o
                0x10003608                cdcd_xfer_cb
 .text.vendord_init
                0x10003704       0x5c CMakeFiles/slave.dir/home/grakoto/pico/pico-sdk/lib/tinyusb/src/class/vendor/vendor_device.c.o
                0x10003704                vendord_init
 .text.vendord_deinit
                0x10003760       0x1c CMakeFiles/slave.dir/home/grakoto/pico/pico-sdk/lib/tinyusb/src/class/vendor/vendor_device.c.o
                0x10003760                vendord_deinit
 .text.vendord_reset
                0x1000377c       0x24 CMakeFiles/slave.dir/home/grakoto/pico/pico-sdk/lib/tinyusb/src/class/vendor/vendor_device.c.o
                0x1000377c                vendord_reset
 .text.vendord_open
                0x100037a0      0x104 CMakeFiles/slave.dir/home/grakoto/pico/pico-sdk/lib/tinyusb/src/class/vendor/vendor_device.c.o
                0x100037a0                vendord_open
 .text.vendord_xfer_cb
                0x100038a4       0x88 CMakeFiles/slave.dir/home/grakoto/pico/pico-sdk/lib/tinyusb/src/class/vendor/vendor_device.c.o
                0x100038a4                vendord_xfer_cb
 .text.tusb_rhport_init
                0x1000392c       0x60 CMakeFiles/slave.dir/home/grakoto/pico/pico-sdk/lib/tinyusb/src/tusb.c.o
                0x1000392c                tusb_rhport_init
 .text.tu_edpt_claim
                0x1000398c       0x54 CMakeFiles/slave.dir/home/grakoto/pico/pico-sdk/lib/tinyusb/src/tusb.c.o
                0x1000398c                tu_edpt_claim
 .text.tu_edpt_release
                0x100039e0       0x38 CMakeFiles/slave.dir/home/grakoto/pico/pico-sdk/lib/tinyusb/src/tusb.c.o
                0x100039e0                tu_edpt_release
 .text.tu_edpt_validate
                0x10003a18       0x64 CMakeFiles/slave.dir/home/grakoto/pico/pico-sdk/lib/tinyusb/src/tusb.c.o
                0x10003a18                tu_edpt_validate
 .text.tu_edpt_bind_driver
                0x10003a7c       0x58 CMakeFiles/slave.dir/home/grakoto/pico/pico-sdk/lib/tinyusb/src/tusb.c.o
                0x10003a7c                tu_edpt_bind_driver
 .text.tu_edpt_stream_init
                0x10003ad4       0x58 CMakeFiles/slave.dir/home/grakoto/pico/pico-sdk/lib/tinyusb/src/tusb.c.o
                0x10003ad4                tu_edpt_stream_init
 .text.tu_edpt_stream_deinit
                0x10003b2c        0x4 CMakeFiles/slave.dir/home/grakoto/pico/pico-sdk/lib/tinyusb/src/tusb.c.o
                0x10003b2c                tu_edpt_stream_deinit
 .text.tu_edpt_stream_write_zlp_if_needed
                0x10003b30       0x68 CMakeFiles/slave.dir/home/grakoto/pico/pico-sdk/lib/tinyusb/src/tusb.c.o
                0x10003b30                tu_edpt_stream_write_zlp_if_needed
 .text.tu_edpt_stream_write_xfer
                0x10003b98       0x70 CMakeFiles/slave.dir/home/grakoto/pico/pico-sdk/lib/tinyusb/src/tusb.c.o
                0x10003b98                tu_edpt_stream_write_xfer
 .text.tu_edpt_stream_read_xfer
                0x10003c08       0xd0 CMakeFiles/slave.dir/home/grakoto/pico/pico-sdk/lib/tinyusb/src/tusb.c.o
                0x10003c08                tu_edpt_stream_read_xfer
 .text.tu_fifo_config
                0x10003cd8       0x60 CMakeFiles/slave.dir/home/grakoto/pico/pico-sdk/lib/tinyusb/src/common/tusb_fifo.c.o
                0x10003cd8                tu_fifo_config
 .text.tu_fifo_count
                0x10003d38       0x20 CMakeFiles/slave.dir/home/grakoto/pico/pico-sdk/lib/tinyusb/src/common/tusb_fifo.c.o
                0x10003d38                tu_fifo_count
 .text.tu_fifo_empty
                0x10003d58       0x14 CMakeFiles/slave.dir/home/grakoto/pico/pico-sdk/lib/tinyusb/src/common/tusb_fifo.c.o
                0x10003d58                tu_fifo_empty
 .text.tu_fifo_remaining
                0x10003d6c       0x24 CMakeFiles/slave.dir/home/grakoto/pico/pico-sdk/lib/tinyusb/src/common/tusb_fifo.c.o
                0x10003d6c                tu_fifo_remaining
 .text.tu_fifo_read
                0x10003d90       0x94 CMakeFiles/slave.dir/home/grakoto/pico/pico-sdk/lib/tinyusb/src/common/tusb_fifo.c.o
                0x10003d90                tu_fifo_read
 .text.tu_fifo_read_n
                0x10003e24       0xd8 CMakeFiles/slave.dir/home/grakoto/pico/pico-sdk/lib/tinyusb/src/common/tusb_fifo.c.o
                0x10003e24                tu_fifo_read_n
 .text.tu_fifo_write
                0x10003efc       0xa0 CMakeFiles/slave.dir/home/grakoto/pico/pico-sdk/lib/tinyusb/src/common/tusb_fifo.c.o
                0x10003efc                tu_fifo_write
 .text.tu_fifo_write_n
                0x10003f9c      0x158 CMakeFiles/slave.dir/home/grakoto/pico/pico-sdk/lib/tinyusb/src/common/tusb_fifo.c.o
                0x10003f9c                tu_fifo_write_n
 .text.tu_fifo_clear
                0x100040f4       0x38 CMakeFiles/slave.dir/home/grakoto/pico/pico-sdk/lib/tinyusb/src/common/tusb_fifo.c.o
                0x100040f4                tu_fifo_clear
 .text.tu_fifo_set_overwritable
                0x1000412c       0x3c CMakeFiles/slave.dir/home/grakoto/pico/pico-sdk/lib/tinyusb/src/common/tusb_fifo.c.o
                0x1000412c                tu_fifo_set_overwritable
 .text.pio_sm_set_consecutive_pindirs
                0x10004168       0x8c CMakeFiles/slave.dir/home/grakoto/pico/pico-sdk/src/rp2_common/hardware_pio/pio.c.o
                0x10004168                pio_sm_set_consecutive_pindirs
 .text.pio_sm_init
                0x100041f4       0xa8 CMakeFiles/slave.dir/home/grakoto/pico/pico-sdk/src/rp2_common/hardware_pio/pio.c.o
                0x100041f4                pio_sm_init
 .text.pio_claim_free_sm_and_add_program_for_gpio_range
                0x1000429c      0x17c CMakeFiles/slave.dir/home/grakoto/pico/pico-sdk/src/rp2_common/hardware_pio/pio.c.o
                0x1000429c                pio_claim_free_sm_and_add_program_for_gpio_range
 .text.pio_claim_free_sm_and_add_program
                0x10004418       0x14 CMakeFiles/slave.dir/home/grakoto/pico/pico-sdk/src/rp2_common/hardware_pio/pio.c.o
                0x10004418                pio_claim_free_sm_and_add_program
 .text.pio_remove_program_and_unclaim_sm
                0x1000442c       0x4c CMakeFiles/slave.dir/home/grakoto/pico/pico-sdk/src/rp2_common/hardware_pio/pio.c.o
                0x1000442c                pio_remove_program_and_unclaim_sm
 .text.pio_irq_handler0
                0x10004478       0x18 squarewavePIO/libsquarewave_lib.a(squarewave.c.o)
                0x10004478                pio_irq_handler0
 .text.pio_irq_handler1
                0x10004490       0x18 squarewavePIO/libsquarewave_lib.a(squarewave.c.o)
                0x10004490                pio_irq_handler1
 .text.pio_irq_handler2
                0x100044a8       0x18 squarewavePIO/libsquarewave_lib.a(squarewave.c.o)
                0x100044a8                pio_irq_handler2
 .text.pio_irq_handler3
                0x100044c0       0x18 squarewavePIO/libsquarewave_lib.a(squarewave.c.o)
                0x100044c0                pio_irq_handler3
 .text.setup_sm_programm
                0x100044d8      0x134 squarewavePIO/libsquarewave_lib.a(squarewave.c.o)
                0x100044d8                setup_sm_programm
 .text.setup_pin_direction14
                0x1000460c       0x1c squarewavePIO/libsquarewave_lib.a(squarewave.c.o)
                0x1000460c                setup_pin_direction14
 .text.send_pulses
                0x10004628       0x34 squarewavePIO/libsquarewave_lib.a(squarewave.c.o)
                0x10004628                send_pulses
 .text.start_all_sm
                0x1000465c       0x3c squarewavePIO/libsquarewave_lib.a(squarewave.c.o)
                0x1000465c                start_all_sm
 .text.unload_program
                0x10004698       0x44 squarewavePIO/libsquarewave_lib.a(squarewave.c.o)
                0x10004698                unload_program
 .text          0x100046dc       0xa4 /usr/lib/gcc/arm-none-eabi/13.2.1/../../../arm-none-eabi/lib/thumb/v8-m.main+fp/softfp/libg.a(libc_a-memset.o)
                0x100046dc                memset
 .text          0x10004780       0xec /usr/lib/gcc/arm-none-eabi/13.2.1/../../../arm-none-eabi/lib/thumb/v8-m.main+fp/softfp/libg.a(libc_a-memcpy.o)
                0x10004780                memcpy
 .text          0x1000486c        0xc /usr/lib/gcc/arm-none-eabi/13.2.1/../../../arm-none-eabi/lib/thumb/v8-m.main+fp/softfp/libg.a(libc_a-atexit.o)
                0x1000486c                atexit
 .text          0x10004878       0x5c /usr/lib/gcc/arm-none-eabi/13.2.1/../../../arm-none-eabi/lib/thumb/v8-m.main+fp/softfp/libg.a(libc_a-strlen-stub.o)
                0x10004878                strlen
 .text          0x100048d4       0x28 /usr/lib/gcc/arm-none-eabi/13.2.1/../../../arm-none-eabi/lib/thumb/v8-m.main+fp/softfp/libg.a(libc_a-fini.o)
                0x100048d4                __libc_fini_array
 .text          0x100048fc       0x64 /usr/lib/gcc/arm-none-eabi/13.2.1/../../../arm-none-eabi/lib/thumb/v8-m.main+fp/softfp/libg.a(libc_a-__atexit.o)
                0x100048fc                __register_exitproc
 .text.startup  0x10004960       0x14 /usr/lib/gcc/arm-none-eabi/13.2.1/../../../arm-none-eabi/lib/thumb/v8-m.main+fp/softfp/libg.a(libc_a-__call_atexit.o)
 *(.fini)
 .fini          0x10004974        0x4 /usr/lib/gcc/arm-none-eabi/13.2.1/thumb/v8-m.main+fp/softfp/crti.o
                0x10004974                _fini
 .fini.__stub   0x10004978       0x48 linker stubs
 *crtbegin.o(.ctors)
 *crtbegin?.o(.ctors)
 *(EXCLUDE_FILE(*crtend.o *crtend?.o) .ctors)
 *(SORT_BY_NAME(.ctors.*))
 *(.ctors)
 *crtbegin.o(.dtors)
 *crtbegin?.o(.dtors)
 *(EXCLUDE_FILE(*crtend.o *crtend?.o) .dtors)
 *(SORT_BY_NAME(.dtors.*))
 *(.dtors)
                0x100049c0                        . = ALIGN (0x4)
                0x100049c0                        PROVIDE (__preinit_array_start = .)
 *(SORT_BY_NAME(.preinit_array.*))
 .preinit_array.00050
                0x100049c0        0x4 CMakeFiles/slave.dir/home/grakoto/pico/pico-sdk/src/rp2_common/pico_runtime_init/runtime_init.c.o
                0x100049c0                __pre_init_runtime_init_bootrom_reset
 .preinit_array.00100
                0x100049c4        0x4 CMakeFiles/slave.dir/home/grakoto/pico/pico-sdk/src/rp2_common/pico_runtime_init/runtime_init.c.o
                0x100049c4                __pre_init_runtime_init_early_resets
 .preinit_array.00101
                0x100049c8        0x4 CMakeFiles/slave.dir/home/grakoto/pico/pico-sdk/src/rp2_common/pico_runtime_init/runtime_init.c.o
                0x100049c8                __pre_init_runtime_init_usb_power_down
 .preinit_array.00500
                0x100049cc        0x4 CMakeFiles/slave.dir/home/grakoto/pico/pico-sdk/src/rp2_common/pico_runtime_init/runtime_init.c.o
                0x100049cc                __pre_init_runtime_init_clocks
 .preinit_array.00600
                0x100049d0        0x4 CMakeFiles/slave.dir/home/grakoto/pico/pico-sdk/src/rp2_common/pico_runtime_init/runtime_init.c.o
                0x100049d0                __pre_init_runtime_init_post_clock_resets
 .preinit_array.01000
                0x100049d4        0x4 CMakeFiles/slave.dir/home/grakoto/pico/pico-sdk/src/rp2_common/hardware_boot_lock/boot_lock.c.o
                0x100049d4                __pre_init_runtime_init_boot_locks_reset
 .preinit_array.01000
                0x100049d8        0x4 CMakeFiles/slave.dir/home/grakoto/pico/pico-sdk/src/rp2_common/pico_runtime_init/runtime_init.c.o
                0x100049d8                __pre_init_runtime_init_spin_locks_reset
 .preinit_array.01010
                0x100049dc        0x4 CMakeFiles/slave.dir/home/grakoto/pico/pico-sdk/src/rp2_common/pico_bootrom/bootrom_lock.c.o
                0x100049dc                __pre_init_runtime_init_bootrom_locking_enable
 .preinit_array.01100
                0x100049e0        0x4 CMakeFiles/slave.dir/home/grakoto/pico/pico-sdk/src/common/pico_sync/mutex.c.o
                0x100049e0                __pre_init_runtime_init_mutex
 .preinit_array.10080
                0x100049e4        0x4 CMakeFiles/slave.dir/home/grakoto/pico/pico-sdk/src/rp2_common/pico_runtime_init/runtime_init.c.o
                0x100049e4                __pre_init_runtime_init_install_ram_vector_table
 .preinit_array.11000
                0x100049e8        0x4 CMakeFiles/slave.dir/home/grakoto/pico/pico-sdk/src/common/pico_time/time.c.o
                0x100049e8                __pre_init_runtime_init_default_alarm_pool
 .preinit_array.YYYYY
                0x100049ec        0x4 CMakeFiles/slave.dir/home/grakoto/pico/pico-sdk/src/rp2_common/pico_runtime/runtime.c.o
                0x100049ec                __pre_init_first_per_core_initializer
 .preinit_array.ZZZZZ.00051
                0x100049f0        0x4 CMakeFiles/slave.dir/home/grakoto/pico/pico-sdk/src/rp2_common/pico_runtime_init/runtime_init.c.o
                0x100049f0                __pre_init_runtime_init_per_core_bootrom_reset
 .preinit_array.ZZZZZ.00200
                0x100049f4        0x4 CMakeFiles/slave.dir/home/grakoto/pico/pico-sdk/src/rp2_common/pico_runtime_init/runtime_init.c.o
                0x100049f4                __pre_init_runtime_init_per_core_enable_coprocessors
 .preinit_array.ZZZZZ.01000
                0x100049f8        0x4 CMakeFiles/slave.dir/home/grakoto/pico/pico-sdk/src/rp2_common/hardware_sync_spin_lock/sync_spin_lock.c.o
                0x100049f8                __pre_init_spinlock_set_extexclall
 .preinit_array.ZZZZZ.01200
                0x100049fc        0x4 CMakeFiles/slave.dir/home/grakoto/pico/pico-sdk/src/rp2_common/hardware_irq/irq.c.o
                0x100049fc                __pre_init_runtime_init_per_core_irq_priorities
 *(.preinit_array)
                0x10004a00                        PROVIDE (__preinit_array_end = .)
                0x10004a00                        . = ALIGN (0x4)
                0x10004a00                        PROVIDE (__init_array_start = .)
 *(SORT_BY_NAME(.init_array.*))
 .init_array.00000
                0x10004a00        0x4 /usr/lib/gcc/arm-none-eabi/13.2.1/../../../arm-none-eabi/lib/thumb/v8-m.main+fp/softfp/libg.a(libc_a-__call_atexit.o)
 *(.init_array)
 .init_array    0x10004a04        0x4 /usr/lib/gcc/arm-none-eabi/13.2.1/thumb/v8-m.main+fp/softfp/crtbegin.o
 .init_array    0x10004a08        0x4 CMakeFiles/slave.dir/home/grakoto/pico/pico-sdk/src/rp2_common/pico_unique_id/unique_id.c.o
                0x10004a0c                        PROVIDE (__init_array_end = .)
                0x10004a0c                        . = ALIGN (0x4)
                0x10004a0c                        PROVIDE (__fini_array_start = .)
 *(SORT_BY_NAME(.fini_array.*))
 *(.fini_array)
                0x10004a0c                        PROVIDE (__fini_array_end = .)
 *(.eh_frame*)
 .eh_frame      0x10004a0c        0x0 /usr/lib/gcc/arm-none-eabi/13.2.1/thumb/v8-m.main+fp/softfp/crtbegin.o
                0x10004a0c                        . = ALIGN (0x4)

.glue_7         0x10004a0c        0x0
 .glue_7        0x10004a0c        0x0 linker stubs

.glue_7t        0x10004a0c        0x0
 .glue_7t       0x10004a0c        0x0 linker stubs

.vfp11_veneer   0x10004a0c        0x0
 .vfp11_veneer  0x10004a0c        0x0 linker stubs

.v4_bx          0x10004a0c        0x0
 .v4_bx         0x10004a0c        0x0 linker stubs

.iplt           0x10004a0c        0x0
 .iplt          0x10004a0c        0x0 /usr/lib/gcc/arm-none-eabi/13.2.1/thumb/v8-m.main+fp/softfp/crtbegin.o

.boot2          0x10004a0c        0x0
                0x10004a0c                        __boot2_start__ = .
 *(.boot2)
                0x10004a0c                        __boot2_end__ = .
                0x00000001                        ASSERT (((__boot2_end__ - __boot2_start__) <= 0x100), ERROR: Pico second stage bootloader must be no more than 256 bytes in size)

.rodata         0x10004a0c      0x3f4
 *(EXCLUDE_FILE(*libm.a: *libc.a:*lib_a-mem*.o *libgcc.a:) .rodata*)
 .rodata.main.str1.4
                0x10004a0c      0x1bc CMakeFiles/slave.dir/main.c.o
                                 0x44 (size before relaxing)
 .rodata.panic.str1.4
                0x10004bc8       0x12 CMakeFiles/slave.dir/home/grakoto/pico/pico-sdk/src/rp2_common/pico_platform_panic/panic.c.o
 .rodata.spin_lock_claim_unused.str1.4
                0x10004bc8       0x1b CMakeFiles/slave.dir/home/grakoto/pico/pico-sdk/src/rp2_common/hardware_sync/sync.c.o
 .rodata.user_irq_claim_unused.str1.4
                0x10004bc8       0x1b CMakeFiles/slave.dir/home/grakoto/pico/pico-sdk/src/rp2_common/hardware_irq/irq.c.o
 .rodata.timer_hardware_alarm_claim.str1.4
                0x10004bc8       0x22 CMakeFiles/slave.dir/home/grakoto/pico/pico-sdk/src/rp2_common/hardware_timer/timer.c.o
 .rodata.hard_assertion_failure.str1.4
                0x10004bc8        0xc CMakeFiles/slave.dir/home/grakoto/pico/pico-sdk/src/rp2_common/pico_runtime/runtime.c.o
 .rodata.str1.4
                0x10004bc8       0x3c CMakeFiles/slave.dir/home/grakoto/pico/pico-sdk/src/rp2_common/pico_standard_binary_info/standard_binary_info.c.o
 .rodata.__bi_84
                0x10004bc8        0xc CMakeFiles/slave.dir/home/grakoto/pico/pico-sdk/src/rp2_common/pico_standard_binary_info/standard_binary_info.c.o
 .rodata.__bi_78
                0x10004bd4        0xc CMakeFiles/slave.dir/home/grakoto/pico/pico-sdk/src/rp2_common/pico_standard_binary_info/standard_binary_info.c.o
 .rodata.__bi_54
                0x10004be0        0xc CMakeFiles/slave.dir/home/grakoto/pico/pico-sdk/src/rp2_common/pico_standard_binary_info/standard_binary_info.c.o
 .rodata.__bi_48
                0x10004bec        0xc CMakeFiles/slave.dir/home/grakoto/pico/pico-sdk/src/rp2_common/pico_standard_binary_info/standard_binary_info.c.o
 .rodata.__bi_42
                0x10004bf8        0xc CMakeFiles/slave.dir/home/grakoto/pico/pico-sdk/src/rp2_common/pico_standard_binary_info/standard_binary_info.c.o
 .rodata.__bi_34
                0x10004c04        0xc CMakeFiles/slave.dir/home/grakoto/pico/pico-sdk/src/rp2_common/pico_standard_binary_info/standard_binary_info.c.o
 .rodata.__bi_26
                0x10004c10        0xc CMakeFiles/slave.dir/home/grakoto/pico/pico-sdk/src/rp2_common/pico_standard_binary_info/standard_binary_info.c.o
 .rodata.crlf_str.0
                0x10004c1c        0x2 CMakeFiles/slave.dir/home/grakoto/pico/pico-sdk/src/rp2_common/pico_stdio/stdio.c.o
 *fill*         0x10004c1e        0x2 
 .rodata._resetd_driver
                0x10004c20       0x20 CMakeFiles/slave.dir/home/grakoto/pico/pico-sdk/src/rp2_common/pico_stdio_usb/reset_interface.c.o
 .rodata.desc_ms_os_20
                0x10004c40       0xa6 CMakeFiles/slave.dir/home/grakoto/pico/pico-sdk/src/rp2_common/pico_stdio_usb/reset_interface.c.o
 *fill*         0x10004ce6        0x2 
 .rodata.desc_bos
                0x10004ce8       0x21 CMakeFiles/slave.dir/home/grakoto/pico/pico-sdk/src/rp2_common/pico_stdio_usb/reset_interface.c.o
                0x10004ce8                desc_bos
 .rodata.str1.4
                0x10004d09       0x13 CMakeFiles/slave.dir/home/grakoto/pico/pico-sdk/src/rp2_common/pico_stdio_usb/stdio_usb.c.o
 *fill*         0x10004d09        0x3 
 .rodata.__bi_197.0
                0x10004d0c        0xc CMakeFiles/slave.dir/home/grakoto/pico/pico-sdk/src/rp2_common/pico_stdio_usb/stdio_usb.c.o
 .rodata.str1.4
                0x10004d18       0x2a CMakeFiles/slave.dir/home/grakoto/pico/pico-sdk/src/rp2_common/pico_stdio_usb/stdio_usb_descriptors.c.o
 .rodata.usbd_desc_str
                0x10004d18       0x18 CMakeFiles/slave.dir/home/grakoto/pico/pico-sdk/src/rp2_common/pico_stdio_usb/stdio_usb_descriptors.c.o
 .rodata.usbd_desc_cfg
                0x10004d30       0x54 CMakeFiles/slave.dir/home/grakoto/pico/pico-sdk/src/rp2_common/pico_stdio_usb/stdio_usb_descriptors.c.o
 .rodata.usbd_desc_device
                0x10004d84       0x12 CMakeFiles/slave.dir/home/grakoto/pico/pico-sdk/src/rp2_common/pico_stdio_usb/stdio_usb_descriptors.c.o
 .rodata.str1.4
                0x10004d96       0x14 CMakeFiles/slave.dir/home/grakoto/pico/pico-sdk/lib/tinyusb/src/portable/raspberrypi/rp2040/dcd_rp2040.c.o
 .rodata.str1.4
                0x10004d96       0x48 CMakeFiles/slave.dir/home/grakoto/pico/pico-sdk/lib/tinyusb/src/portable/raspberrypi/rp2040/rp2040_usb.c.o
 *fill*         0x10004d96        0x2 
 .rodata._usbd_driver
                0x10004d98       0x40 CMakeFiles/slave.dir/home/grakoto/pico/pico-sdk/lib/tinyusb/src/device/usbd.c.o
 .rodata.pio_claim_unused_sm.str1.4
                0x10004dd8       0x24 CMakeFiles/slave.dir/home/grakoto/pico/pico-sdk/src/rp2_common/hardware_pio/pio.c.o
 .rodata.CSWTCH.74
                0x10004dd8        0xc squarewavePIO/libsquarewave_lib.a(squarewave.c.o)
 .rodata.squarewave_irq_program
                0x10004de4        0x8 squarewavePIO/libsquarewave_lib.a(squarewave.c.o)
 .rodata.squarewave_irq_program_instructions
                0x10004dec       0x12 squarewavePIO/libsquarewave_lib.a(squarewave.c.o)
 *(.srodata*)
                0x10004e00                        . = ALIGN (0x4)
 *fill*         0x10004dfe        0x2 
 *(SORT_BY_ALIGNMENT(SORT_BY_NAME(.flashdata*)))
                0x10004e00                        . = ALIGN (0x4)

.ARM.extab
 *(.ARM.extab* .gnu.linkonce.armextab.*)
                0x10004e00                        __exidx_start = .

.ARM.exidx      0x10004e00        0x8
 *(.ARM.exidx* .gnu.linkonce.armexidx.*)
 .ARM.exidx     0x10004e00        0x8 /usr/lib/gcc/arm-none-eabi/13.2.1/../../../arm-none-eabi/lib/thumb/v8-m.main+fp/softfp/libg.a(libc_a-memcpy.o)
                0x10004e08                        __exidx_end = .
                0x10004e08                        . = ALIGN (0x4)
                0x10004e08                        __binary_info_start = .

.binary_info    0x10004e08       0x20
 *(.binary_info.keep.*)
 .binary_info.keep.__bi_ptr84
                0x10004e08        0x4 CMakeFiles/slave.dir/home/grakoto/pico/pico-sdk/src/rp2_common/pico_standard_binary_info/standard_binary_info.c.o
 .binary_info.keep.__bi_ptr78
                0x10004e0c        0x4 CMakeFiles/slave.dir/home/grakoto/pico/pico-sdk/src/rp2_common/pico_standard_binary_info/standard_binary_info.c.o
 .binary_info.keep.__bi_ptr54
                0x10004e10        0x4 CMakeFiles/slave.dir/home/grakoto/pico/pico-sdk/src/rp2_common/pico_standard_binary_info/standard_binary_info.c.o
 .binary_info.keep.__bi_ptr48
                0x10004e14        0x4 CMakeFiles/slave.dir/home/grakoto/pico/pico-sdk/src/rp2_common/pico_standard_binary_info/standard_binary_info.c.o
 .binary_info.keep.__bi_ptr42
                0x10004e18        0x4 CMakeFiles/slave.dir/home/grakoto/pico/pico-sdk/src/rp2_common/pico_standard_binary_info/standard_binary_info.c.o
 .binary_info.keep.__bi_ptr34
                0x10004e1c        0x4 CMakeFiles/slave.dir/home/grakoto/pico/pico-sdk/src/rp2_common/pico_standard_binary_info/standard_binary_info.c.o
 .binary_info.keep.__bi_ptr26
                0x10004e20        0x4 CMakeFiles/slave.dir/home/grakoto/pico/pico-sdk/src/rp2_common/pico_standard_binary_info/standard_binary_info.c.o
 *(.binary_info.*)
 .binary_info.__bi_ptr197
                0x10004e24        0x4 CMakeFiles/slave.dir/home/grakoto/pico/pico-sdk/src/rp2_common/pico_stdio_usb/stdio_usb.c.o
                0x10004e28                        __binary_info_end = .
                0x10004e28                        . = ALIGN (0x4)

.ram_vector_table
                0x20000000      0x110
 *(.ram_vector_table)
 .ram_vector_table
                0x20000000      0x110 CMakeFiles/slave.dir/home/grakoto/pico/pico-sdk/src/rp2_common/pico_runtime_init/runtime_init.c.o
                0x20000000                ram_vector_table

.uninitialized_data
                0x20000110        0x0
                0x20000110                        . = ALIGN (0x4)
 *(.uninitialized_data*)

.data           0x20000110      0xda4 load address 0x10004e28
                0x20000110                        __data_start__ = .
 *(vtable)
 *(.time_critical*)
 .time_critical.mutex_try_enter
                0x20000110       0x50 CMakeFiles/slave.dir/home/grakoto/pico/pico-sdk/src/common/pico_sync/mutex.c.o
                0x20000110                mutex_try_enter
 .time_critical.mutex_enter_block_until
                0x20000160       0x70 CMakeFiles/slave.dir/home/grakoto/pico/pico-sdk/src/common/pico_sync/mutex.c.o
                0x20000160                mutex_enter_block_until
 .time_critical.mutex_try_enter_block_until
                0x200001d0       0x6c CMakeFiles/slave.dir/home/grakoto/pico/pico-sdk/src/common/pico_sync/mutex.c.o
                0x200001d0                mutex_try_enter_block_until
 .time_critical.mutex_enter_timeout_ms
                0x2000023c       0x38 CMakeFiles/slave.dir/home/grakoto/pico/pico-sdk/src/common/pico_sync/mutex.c.o
                0x2000023c                mutex_enter_timeout_ms
 .time_critical.mutex_exit
                0x20000274       0x3c CMakeFiles/slave.dir/home/grakoto/pico/pico-sdk/src/common/pico_sync/mutex.c.o
                0x20000274                mutex_exit
 .time_critical.reset_non_control_endpoints
                0x200002b0       0x64 CMakeFiles/slave.dir/home/grakoto/pico/pico-sdk/lib/tinyusb/src/portable/raspberrypi/rp2040/dcd_rp2040.c.o
 .time_critical.hw_handle_buff_status
                0x20000314       0x94 CMakeFiles/slave.dir/home/grakoto/pico/pico-sdk/lib/tinyusb/src/portable/raspberrypi/rp2040/dcd_rp2040.c.o
 .time_critical.dcd_rp2040_irq
                0x200003a8      0x510 CMakeFiles/slave.dir/home/grakoto/pico/pico-sdk/lib/tinyusb/src/portable/raspberrypi/rp2040/dcd_rp2040.c.o
 .time_critical.prepare_ep_buffer
                0x200008b8       0xd0 CMakeFiles/slave.dir/home/grakoto/pico/pico-sdk/lib/tinyusb/src/portable/raspberrypi/rp2040/rp2040_usb.c.o
 .time_critical.sync_ep_buffer
                0x20000988       0xb8 CMakeFiles/slave.dir/home/grakoto/pico/pico-sdk/lib/tinyusb/src/portable/raspberrypi/rp2040/rp2040_usb.c.o
 .time_critical._hw_endpoint_xfer_sync
                0x20000a40       0x2c CMakeFiles/slave.dir/home/grakoto/pico/pico-sdk/lib/tinyusb/src/portable/raspberrypi/rp2040/rp2040_usb.c.o
 .time_critical.e15_is_bulkin_ep
                0x20000a6c       0x28 CMakeFiles/slave.dir/home/grakoto/pico/pico-sdk/lib/tinyusb/src/portable/raspberrypi/rp2040/rp2040_usb.c.o
 .time_critical.e15_is_critical_frame_period
                0x20000a94       0x28 CMakeFiles/slave.dir/home/grakoto/pico/pico-sdk/lib/tinyusb/src/portable/raspberrypi/rp2040/rp2040_usb.c.o
 .time_critical.hw_endpoint_reset_transfer
                0x20000abc        0xc CMakeFiles/slave.dir/home/grakoto/pico/pico-sdk/lib/tinyusb/src/portable/raspberrypi/rp2040/rp2040_usb.c.o
                0x20000abc                hw_endpoint_reset_transfer
 .time_critical._hw_endpoint_buffer_control_update32
                0x20000ac8       0x44 CMakeFiles/slave.dir/home/grakoto/pico/pico-sdk/lib/tinyusb/src/portable/raspberrypi/rp2040/rp2040_usb.c.o
                0x20000ac8                _hw_endpoint_buffer_control_update32
 .time_critical.hw_endpoint_start_next_buffer
                0x20000b0c       0x64 CMakeFiles/slave.dir/home/grakoto/pico/pico-sdk/lib/tinyusb/src/portable/raspberrypi/rp2040/rp2040_usb.c.o
                0x20000b0c                hw_endpoint_start_next_buffer
 .time_critical.hw_endpoint_xfer_continue
                0x20000b70       0x3c CMakeFiles/slave.dir/home/grakoto/pico/pico-sdk/lib/tinyusb/src/portable/raspberrypi/rp2040/rp2040_usb.c.o
                0x20000b70                hw_endpoint_xfer_continue
 .time_critical.tinyusb
                0x20000bac      0x224 CMakeFiles/slave.dir/home/grakoto/pico/pico-sdk/lib/tinyusb/src/device/usbd.c.o
                0x20000bac                dcd_event_handler
 .time_critical.tinyusb.__stub
                0x20000dd0       0x30 linker stubs
 *(.text*)
                0x20000e00                        . = ALIGN (0x4)
 *(.rodata*)
                0x20000e00                        . = ALIGN (0x4)
 *(.data*)
 .data.striped_spin_lock_num
                0x20000e00        0x1 CMakeFiles/slave.dir/home/grakoto/pico/pico-sdk/src/rp2_common/hardware_sync/sync.c.o
 *fill*         0x20000e01        0x3 
 .data          0x20000e04       0x48 CMakeFiles/slave.dir/home/grakoto/pico/pico-sdk/src/rp2_common/hardware_irq/irq_handler_chain.S.o
                0x20000e04                irq_handler_chain_slots
                0x20000e34                irq_handler_chain_first_slot
                0x20000e3e                irq_handler_chain_remove_tail
 .data.default_alarm_pool
                0x20000e4c       0x18 CMakeFiles/slave.dir/home/grakoto/pico/pico-sdk/src/common/pico_time/time.c.o
 .data.stdio_usb
                0x20000e64       0x18 CMakeFiles/slave.dir/home/grakoto/pico/pico-sdk/src/rp2_common/pico_stdio_usb/stdio_usb.c.o
                0x20000e64                stdio_usb
 .data._usbd_qdef
                0x20000e7c       0x1c CMakeFiles/slave.dir/home/grakoto/pico/pico-sdk/lib/tinyusb/src/device/usbd.c.o
                0x20000e7c                _usbd_qdef
 .data._usbd_rhport
                0x20000e98        0x1 CMakeFiles/slave.dir/home/grakoto/pico/pico-sdk/lib/tinyusb/src/device/usbd.c.o
 *fill*         0x20000e99        0x3 
 .data.handlers
                0x20000e9c       0x10 squarewavePIO/libsquarewave_lib.a(squarewave.c.o)
                0x20000e9c                handlers
 *(.sdata*)
                0x20000eac                        . = ALIGN (0x4)
 *(.after_data.*)
                0x20000eac                        . = ALIGN (0x4)
                0x20000eac                        PROVIDE (__mutex_array_start = .)
 *(SORT_BY_NAME(.mutex_array.*))
 *(.mutex_array)
 .mutex_array   0x20000eac        0x8 CMakeFiles/slave.dir/home/grakoto/pico/pico-sdk/src/rp2_common/pico_stdio/stdio.c.o
                0x20000eb4                        PROVIDE (__mutex_array_end = .)
 *(.jcr)
                0x20000eb4                        . = ALIGN (0x4)

.tm_clone_table
                0x20000eb4        0x0 load address 0x10005bcc
 .tm_clone_table
                0x20000eb4        0x0 /usr/lib/gcc/arm-none-eabi/13.2.1/thumb/v8-m.main+fp/softfp/crtbegin.o
 .tm_clone_table
                0x20000eb4        0x0 /usr/lib/gcc/arm-none-eabi/13.2.1/thumb/v8-m.main+fp/softfp/crtend.o

.igot.plt       0x20000eb4        0x0 load address 0x10005bcc
 .igot.plt      0x20000eb4        0x0 /usr/lib/gcc/arm-none-eabi/13.2.1/thumb/v8-m.main+fp/softfp/crtbegin.o

.tdata          0x20000eb4        0x0 load address 0x10005bcc
                0x20000eb4                        . = ALIGN (0x4)
 *(.tdata .tdata.* .gnu.linkonce.td.*)
                0x20000eb4                        __tdata_end = .
                0x20000eb4                        PROVIDE (__data_end__ = .)
                0x10004e28                        __etext = LOADADDR (.data)

.tbss           0x20000eb4        0x0 load address 0x10005bcc
                0x20000eb4                        . = ALIGN (0x4)
                0x20000eb4                        __bss_start__ = .
                0x20000eb4                        __tls_base = .
 *(.tbss .tbss.* .gnu.linkonce.tb.*)
 *(.tcommon)
                0x20000eb4                        __tls_end = .

.bss            0x20000eb8      0xdd0 load address 0x10005bcc
                0x20000eb8                        . = ALIGN (0x4)
                0x20000eb8                        __tbss_end = .
 *(SORT_BY_ALIGNMENT(SORT_BY_NAME(.bss*)))
 .bss._cdcd_itf
                0x20000eb8       0xc8 CMakeFiles/slave.dir/home/grakoto/pico/pico-sdk/lib/tinyusb/src/class/cdc/cdc_device.c.o
 .bss.default_alarm_pool_entries
                0x20000f80      0x180 CMakeFiles/slave.dir/home/grakoto/pico/pico-sdk/src/common/pico_time/time.c.o
 .bss.last_avail_time.1
                0x20001100        0x8 CMakeFiles/slave.dir/home/grakoto/pico/pico-sdk/src/rp2_common/pico_stdio_usb/stdio_usb.c.o
 .bss           0x20001108       0x1c /usr/lib/gcc/arm-none-eabi/13.2.1/thumb/v8-m.main+fp/softfp/crtbegin.o
 .bss           0x20001124      0x190 /usr/lib/gcc/arm-none-eabi/13.2.1/../../../arm-none-eabi/lib/thumb/v8-m.main+fp/softfp/libg.a(libc_a-__atexit.o)
                0x20001124                __atexit0
 .bss           0x200012b4        0x4 /usr/lib/gcc/arm-none-eabi/13.2.1/../../../arm-none-eabi/lib/thumb/v8-m.main+fp/softfp/libg.a(libc_a-__call_atexit.o)
                0x200012b4                __atexit
 .bss._app_driver
                0x200012b8        0x4 CMakeFiles/slave.dir/home/grakoto/pico/pico-sdk/lib/tinyusb/src/device/usbd.c.o
 .bss._cdcd_epbuf
                0x200012bc       0x80 CMakeFiles/slave.dir/home/grakoto/pico/pico-sdk/lib/tinyusb/src/class/cdc/cdc_device.c.o
 .bss._cdcd_fifo_cfg
                0x2000133c        0x1 CMakeFiles/slave.dir/home/grakoto/pico/pico-sdk/lib/tinyusb/src/class/cdc/cdc_device.c.o
 *fill*         0x2000133d        0x3 
 .bss._ctrl_epbuf
                0x20001340       0x40 CMakeFiles/slave.dir/home/grakoto/pico/pico-sdk/lib/tinyusb/src/device/usbd_control.c.o
 .bss._ctrl_xfer
                0x20001380       0x14 CMakeFiles/slave.dir/home/grakoto/pico/pico-sdk/lib/tinyusb/src/device/usbd_control.c.o
 .bss._sw_spin_locks
                0x20001394       0x20 CMakeFiles/slave.dir/home/grakoto/pico/pico-sdk/src/rp2_common/hardware_sync_spin_lock/sync_spin_lock.c.o
                0x20001394                _sw_spin_locks
 .bss._tusb_rhport_role
                0x200013b4        0x2 CMakeFiles/slave.dir/home/grakoto/pico/pico-sdk/lib/tinyusb/src/tusb.c.o
                0x200013b4                _tusb_rhport_role
 *fill*         0x200013b6        0x2 
 .bss._ubsd_mutexdef
                0x200013b8        0x8 CMakeFiles/slave.dir/home/grakoto/pico/pico-sdk/lib/tinyusb/src/device/usbd.c.o
 .bss._usbd_dev
                0x200013c0       0x54 CMakeFiles/slave.dir/home/grakoto/pico/pico-sdk/lib/tinyusb/src/device/usbd.c.o
 .bss._usbd_mutex
                0x20001414        0x4 CMakeFiles/slave.dir/home/grakoto/pico/pico-sdk/lib/tinyusb/src/device/usbd.c.o
 .bss._usbd_q   0x20001418        0x4 CMakeFiles/slave.dir/home/grakoto/pico/pico-sdk/lib/tinyusb/src/device/usbd.c.o
 .bss._usbd_qdef_buf
                0x2000141c       0xc0 CMakeFiles/slave.dir/home/grakoto/pico/pico-sdk/lib/tinyusb/src/device/usbd.c.o
                0x2000141c                _usbd_qdef_buf
 .bss._used_instruction_space
                0x200014dc        0xc CMakeFiles/slave.dir/home/grakoto/pico/pico-sdk/src/rp2_common/hardware_pio/pio.c.o
 .bss._vendord_epbuf
                0x200014e8       0x80 CMakeFiles/slave.dir/home/grakoto/pico/pico-sdk/lib/tinyusb/src/class/vendor/vendor_device.c.o
 .bss._vendord_itf
                0x20001568      0x24c CMakeFiles/slave.dir/home/grakoto/pico/pico-sdk/lib/tinyusb/src/class/vendor/vendor_device.c.o
 .bss.chars_available_callback
                0x200017b4        0x4 CMakeFiles/slave.dir/home/grakoto/pico/pico-sdk/src/rp2_common/pico_stdio_usb/stdio_usb.c.o
 .bss.chars_available_param
                0x200017b8        0x4 CMakeFiles/slave.dir/home/grakoto/pico/pico-sdk/src/rp2_common/pico_stdio_usb/stdio_usb.c.o
 .bss.claimed   0x200017bc        0x4 CMakeFiles/slave.dir/home/grakoto/pico/pico-sdk/src/rp2_common/hardware_sync/sync.c.o
 .bss.claimed   0x200017c0        0x2 CMakeFiles/slave.dir/home/grakoto/pico/pico-sdk/src/rp2_common/hardware_timer/timer.c.o
 *fill*         0x200017c2        0x2 
 .bss.claimed   0x200017c4        0x2 CMakeFiles/slave.dir/home/grakoto/pico/pico-sdk/src/rp2_common/hardware_pio/pio.c.o
 *fill*         0x200017c6        0x2 
 .bss.configured_freq
                0x200017c8       0x28 CMakeFiles/slave.dir/home/grakoto/pico/pico-sdk/src/rp2_common/hardware_clocks/clocks.c.o
 .bss.desc_str.0
                0x200017f0       0x28 CMakeFiles/slave.dir/home/grakoto/pico/pico-sdk/src/rp2_common/pico_stdio_usb/stdio_usb_descriptors.c.o
 .bss.drivers   0x20001818        0x4 CMakeFiles/slave.dir/home/grakoto/pico/pico-sdk/src/rp2_common/pico_stdio/stdio.c.o
 .bss.e15_last_sof
                0x2000181c        0x4 CMakeFiles/slave.dir/home/grakoto/pico/pico-sdk/lib/tinyusb/src/portable/raspberrypi/rp2040/rp2040_usb.c.o
                0x2000181c                e15_last_sof
 .bss.filter    0x20001820        0x4 CMakeFiles/slave.dir/home/grakoto/pico/pico-sdk/src/rp2_common/pico_stdio/stdio.c.o
 .bss.hw_endpoints
                0x20001824      0x400 CMakeFiles/slave.dir/home/grakoto/pico/pico-sdk/lib/tinyusb/src/portable/raspberrypi/rp2040/dcd_rp2040.c.o
 .bss.lazy_vsnprintf
                0x20001c24        0x4 CMakeFiles/slave.dir/home/grakoto/pico/pico-sdk/src/rp2_common/pico_printf/printf.c.o
 .bss.load_value
                0x20001c28        0x4 CMakeFiles/slave.dir/home/grakoto/pico/pico-sdk/src/rp2_common/hardware_watchdog/watchdog.c.o
 .bss.next_buffer_ptr
                0x20001c2c        0x4 CMakeFiles/slave.dir/home/grakoto/pico/pico-sdk/lib/tinyusb/src/portable/raspberrypi/rp2040/dcd_rp2040.c.o
 .bss.one_shot_timer_crit_sec
                0x20001c30        0x8 CMakeFiles/slave.dir/home/grakoto/pico/pico-sdk/src/rp2_common/pico_stdio_usb/stdio_usb.c.o
 .bss.pools     0x20001c38       0x20 CMakeFiles/slave.dir/home/grakoto/pico/pico-sdk/src/common/pico_time/time.c.o
 .bss.retrieved_id
                0x20001c58        0x8 CMakeFiles/slave.dir/home/grakoto/pico/pico-sdk/src/rp2_common/pico_unique_id/unique_id.c.o
 .bss.sleep_notifier
                0x20001c60        0x4 CMakeFiles/slave.dir/home/grakoto/pico/pico-sdk/src/common/pico_time/time.c.o
 .bss.stdio_usb_mutex
                0x20001c64        0x8 CMakeFiles/slave.dir/home/grakoto/pico/pico-sdk/src/rp2_common/pico_stdio_usb/stdio_usb.c.o
 .bss.usbd_serial_str
                0x20001c6c       0x11 CMakeFiles/slave.dir/home/grakoto/pico/pico-sdk/src/rp2_common/pico_stdio_usb/stdio_usb_descriptors.c.o
 .bss._app_driver_count
                0x20001c7d        0x1 CMakeFiles/slave.dir/home/grakoto/pico/pico-sdk/lib/tinyusb/src/device/usbd.c.o
 .bss._sof_enable
                0x20001c7e        0x1 CMakeFiles/slave.dir/home/grakoto/pico/pico-sdk/lib/tinyusb/src/portable/raspberrypi/rp2040/dcd_rp2040.c.o
 .bss._usbd_queued_setup
                0x20001c7f        0x1 CMakeFiles/slave.dir/home/grakoto/pico/pico-sdk/lib/tinyusb/src/device/usbd.c.o
 .bss.irq_handler_chain_free_slot_head
                0x20001c80        0x1 CMakeFiles/slave.dir/home/grakoto/pico/pico-sdk/src/rp2_common/hardware_irq/irq.c.o
 .bss.itf_num   0x20001c81        0x1 CMakeFiles/slave.dir/home/grakoto/pico/pico-sdk/src/rp2_common/pico_stdio_usb/reset_interface.c.o
 .bss.low_priority_irq_num
                0x20001c82        0x1 CMakeFiles/slave.dir/home/grakoto/pico/pico-sdk/src/rp2_common/pico_stdio_usb/stdio_usb.c.o
 .bss.one_shot_timer_pending
                0x20001c83        0x1 CMakeFiles/slave.dir/home/grakoto/pico/pico-sdk/src/rp2_common/pico_stdio_usb/stdio_usb.c.o
 .bss.sm_completed
                0x20001c84        0x1 squarewavePIO/libsquarewave_lib.a(squarewave.c.o)
                0x20001c84                sm_completed
 .bss.user_irq_claimed
                0x20001c85        0x1 CMakeFiles/slave.dir/home/grakoto/pico/pico-sdk/src/rp2_common/hardware_irq/irq.c.o
 *(COMMON)
                [!provide]                        PROVIDE (__global_pointer$ = (. + 0x800))
 *(.sbss*)
                0x20001c88                        . = ALIGN (0x4)
 *fill*         0x20001c86        0x2 
                0x20001c88                        __bss_end__ = .

.heap           0x20001c88      0x800 load address 0x10005bcc
                0x20001c88                        __end__ = .
                0x20001c88                        end = __end__
 *(.heap*)
 .heap          0x20001c88      0x800 CMakeFiles/slave.dir/home/grakoto/pico/pico-sdk/src/rp2_common/pico_crt0/crt0.S.o
                0x20080000                        __HeapLimit = (ORIGIN (RAM) + LENGTH (RAM))

.scratch_x      0x20080000        0x0 load address 0x10005bcc
                0x20080000                        __scratch_x_start__ = .
 *(.scratch_x.*)
                0x20080000                        . = ALIGN (0x4)
                0x20080000                        __scratch_x_end__ = .
                0x10005bcc                        __scratch_x_source__ = LOADADDR (.scratch_x)

.scratch_y      0x20081000        0x0 load address 0x10005bcc
                0x20081000                        __scratch_y_start__ = .
 *(.scratch_y.*)
                0x20081000                        . = ALIGN (0x4)
                0x20081000                        __scratch_y_end__ = .
                0x10005bcc                        __scratch_y_source__ = LOADADDR (.scratch_y)

.stack1_dummy
 *(.stack1*)

.stack_dummy    0x20081000      0x800
 *(.stack*)
 .stack         0x20081000      0x800 CMakeFiles/slave.dir/home/grakoto/pico/pico-sdk/src/rp2_common/pico_crt0/crt0.S.o

.flash_end      0x10005bcc       0x14
 *(.embedded_end_block*)
 .embedded_end_block
                0x10005bcc       0x14 CMakeFiles/slave.dir/home/grakoto/pico/pico-sdk/src/rp2_common/pico_crt0/crt0.S.o
                0x10005be0                        PROVIDE (__flash_binary_end = .)
                0x20080000                        __StackLimit = (ORIGIN (RAM) + LENGTH (RAM))
                0x20081000                        __StackOneTop = (ORIGIN (SCRATCH_X) + LENGTH (SCRATCH_X))
                0x20082000                        __StackTop = (ORIGIN (SCRATCH_Y) + LENGTH (SCRATCH_Y))
                0x20081000                        __StackOneBottom = (__StackOneTop - SIZEOF (.stack1_dummy))
                0x20081800                        __StackBottom = (__StackTop - SIZEOF (.stack_dummy))
                0x20082000                        PROVIDE (__stack = __StackTop)
                [!provide]                        PROVIDE (__heap_start = __end__)
                [!provide]                        PROVIDE (__heap_end = __HeapLimit)
                [!provide]                        PROVIDE (__tls_align = MAX (ALIGNOF (.tdata), ALIGNOF (.tbss)))
                [!provide]                        PROVIDE (__tls_size_align = (((__tls_size + __tls_align) - 0x1) & ~ ((__tls_align - 0x1))))
                [!provide]                        PROVIDE (__arm32_tls_tcb_offset = MAX (0x8, __tls_align))
                [!provide]                        PROVIDE (_end = __end__)
                [!provide]                        PROVIDE (__llvm_libc_heap_limit = __HeapLimit)
                0x00000001                        ASSERT ((__StackLimit >= __HeapLimit), region RAM overflowed)
                0x00000001                        ASSERT (((__binary_info_header_end - __logical_binary_start) <= 0x400), Binary info must be in first 1024 bytes of the binary)
                0x00000001                        ASSERT (((__embedded_block_end - __logical_binary_start) <= 0x1000), Embedded block must be in first 4096 bytes of the binary)
LOAD CMakeFiles/slave.dir/main.c.o
LOAD CMakeFiles/slave.dir/home/grakoto/pico/pico-sdk/src/rp2_common/pico_stdlib/stdlib.c.o
LOAD CMakeFiles/slave.dir/home/grakoto/pico/pico-sdk/src/rp2_common/hardware_gpio/gpio.c.o
LOAD CMakeFiles/slave.dir/home/grakoto/pico/pico-sdk/src/rp2350/pico_platform/platform.c.o
LOAD CMakeFiles/slave.dir/home/grakoto/pico/pico-sdk/src/rp2_common/pico_platform_panic/panic.c.o
LOAD CMakeFiles/slave.dir/home/grakoto/pico/pico-sdk/src/common/hardware_claim/claim.c.o
LOAD CMakeFiles/slave.dir/home/grakoto/pico/pico-sdk/src/rp2_common/hardware_sync/sync.c.o
LOAD CMakeFiles/slave.dir/home/grakoto/pico/pico-sdk/src/rp2_common/hardware_sync_spin_lock/sync_spin_lock.c.o
LOAD CMakeFiles/slave.dir/home/grakoto/pico/pico-sdk/src/rp2_common/hardware_irq/irq.c.o
LOAD CMakeFiles/slave.dir/home/grakoto/pico/pico-sdk/src/rp2_common/hardware_irq/irq_handler_chain.S.o
LOAD CMakeFiles/slave.dir/home/grakoto/pico/pico-sdk/src/common/pico_sync/sem.c.o
LOAD CMakeFiles/slave.dir/home/grakoto/pico/pico-sdk/src/common/pico_sync/lock_core.c.o
LOAD CMakeFiles/slave.dir/home/grakoto/pico/pico-sdk/src/common/pico_sync/mutex.c.o
LOAD CMakeFiles/slave.dir/home/grakoto/pico/pico-sdk/src/common/pico_sync/critical_section.c.o
LOAD CMakeFiles/slave.dir/home/grakoto/pico/pico-sdk/src/common/pico_time/time.c.o
LOAD CMakeFiles/slave.dir/home/grakoto/pico/pico-sdk/src/common/pico_time/timeout_helper.c.o
LOAD CMakeFiles/slave.dir/home/grakoto/pico/pico-sdk/src/rp2_common/hardware_timer/timer.c.o
LOAD CMakeFiles/slave.dir/home/grakoto/pico/pico-sdk/src/common/pico_util/datetime.c.o
LOAD CMakeFiles/slave.dir/home/grakoto/pico/pico-sdk/src/common/pico_util/pheap.c.o
LOAD CMakeFiles/slave.dir/home/grakoto/pico/pico-sdk/src/common/pico_util/queue.c.o
LOAD CMakeFiles/slave.dir/home/grakoto/pico/pico-sdk/src/rp2_common/hardware_uart/uart.c.o
LOAD CMakeFiles/slave.dir/home/grakoto/pico/pico-sdk/src/rp2_common/hardware_clocks/clocks.c.o
LOAD CMakeFiles/slave.dir/home/grakoto/pico/pico-sdk/src/rp2_common/hardware_pll/pll.c.o
LOAD CMakeFiles/slave.dir/home/grakoto/pico/pico-sdk/src/rp2_common/hardware_vreg/vreg.c.o
LOAD CMakeFiles/slave.dir/home/grakoto/pico/pico-sdk/src/rp2_common/hardware_watchdog/watchdog.c.o
LOAD CMakeFiles/slave.dir/home/grakoto/pico/pico-sdk/src/rp2_common/hardware_ticks/ticks.c.o
LOAD CMakeFiles/slave.dir/home/grakoto/pico/pico-sdk/src/rp2_common/pico_bootrom/bootrom.c.o
LOAD CMakeFiles/slave.dir/home/grakoto/pico/pico-sdk/src/rp2_common/pico_bootrom/bootrom_lock.c.o
LOAD CMakeFiles/slave.dir/home/grakoto/pico/pico-sdk/src/rp2_common/hardware_boot_lock/boot_lock.c.o
LOAD CMakeFiles/slave.dir/home/grakoto/pico/pico-sdk/src/rp2_common/pico_flash/flash.c.o
LOAD CMakeFiles/slave.dir/home/grakoto/pico/pico-sdk/src/rp2_common/hardware_xosc/xosc.c.o
LOAD CMakeFiles/slave.dir/home/grakoto/pico/pico-sdk/src/rp2_common/hardware_divider/divider.c.o
LOAD CMakeFiles/slave.dir/home/grakoto/pico/pico-sdk/src/rp2_common/pico_runtime/runtime.c.o
LOAD CMakeFiles/slave.dir/home/grakoto/pico/pico-sdk/src/rp2_common/pico_runtime_init/runtime_init.c.o
LOAD CMakeFiles/slave.dir/home/grakoto/pico/pico-sdk/src/rp2_common/pico_runtime_init/runtime_init_clocks.c.o
LOAD CMakeFiles/slave.dir/home/grakoto/pico/pico-sdk/src/rp2_common/pico_runtime_init/runtime_init_stack_guard.c.o
LOAD CMakeFiles/slave.dir/home/grakoto/pico/pico-sdk/src/rp2_common/pico_bit_ops/bit_ops_aeabi.S.o
LOAD CMakeFiles/slave.dir/home/grakoto/pico/pico-sdk/src/rp2_common/pico_divider/divider_compiler.c.o
LOAD CMakeFiles/slave.dir/home/grakoto/pico/pico-sdk/src/rp2_common/pico_double/double_math.c.o
LOAD CMakeFiles/slave.dir/home/grakoto/pico/pico-sdk/src/rp2_common/pico_double/double_aeabi_dcp.S.o
LOAD CMakeFiles/slave.dir/home/grakoto/pico/pico-sdk/src/rp2_common/pico_double/double_fma_dcp.S.o
LOAD CMakeFiles/slave.dir/home/grakoto/pico/pico-sdk/src/rp2_common/pico_double/double_sci_m33.S.o
LOAD CMakeFiles/slave.dir/home/grakoto/pico/pico-sdk/src/rp2_common/pico_double/double_conv_m33.S.o
LOAD CMakeFiles/slave.dir/home/grakoto/pico/pico-sdk/src/rp2_common/pico_float/float_math.c.o
LOAD CMakeFiles/slave.dir/home/grakoto/pico/pico-sdk/src/rp2_common/pico_float/float_conv32_vfp.S.o
LOAD CMakeFiles/slave.dir/home/grakoto/pico/pico-sdk/src/rp2_common/pico_float/float_common_m33.S.o
LOAD CMakeFiles/slave.dir/home/grakoto/pico/pico-sdk/src/rp2_common/pico_float/float_sci_m33_vfp.S.o
LOAD CMakeFiles/slave.dir/home/grakoto/pico/pico-sdk/src/rp2_common/pico_malloc/malloc.c.o
LOAD CMakeFiles/slave.dir/home/grakoto/pico/pico-sdk/src/rp2_common/pico_atomic/atomic.c.o
LOAD CMakeFiles/slave.dir/home/grakoto/pico/pico-sdk/src/rp2_common/pico_cxx_options/new_delete.cpp.o
LOAD CMakeFiles/slave.dir/home/grakoto/pico/pico-sdk/src/rp2_common/pico_standard_binary_info/standard_binary_info.c.o
LOAD CMakeFiles/slave.dir/home/grakoto/pico/pico-sdk/src/rp2_common/pico_printf/printf.c.o
LOAD CMakeFiles/slave.dir/home/grakoto/pico/pico-sdk/src/rp2_common/pico_crt0/crt0.S.o
LOAD CMakeFiles/slave.dir/home/grakoto/pico/pico-sdk/src/rp2_common/pico_clib_interface/newlib_interface.c.o
LOAD CMakeFiles/slave.dir/home/grakoto/pico/pico-sdk/src/rp2_common/pico_stdio/stdio.c.o
LOAD CMakeFiles/slave.dir/home/grakoto/pico/pico-sdk/src/rp2_common/pico_stdio_usb/reset_interface.c.o
LOAD CMakeFiles/slave.dir/home/grakoto/pico/pico-sdk/src/rp2_common/pico_stdio_usb/stdio_usb.c.o
LOAD CMakeFiles/slave.dir/home/grakoto/pico/pico-sdk/src/rp2_common/pico_stdio_usb/stdio_usb_descriptors.c.o
LOAD CMakeFiles/slave.dir/home/grakoto/pico/pico-sdk/src/rp2_common/pico_unique_id/unique_id.c.o
LOAD CMakeFiles/slave.dir/home/grakoto/pico/pico-sdk/src/rp2_common/hardware_flash/flash.c.o
LOAD CMakeFiles/slave.dir/home/grakoto/pico/pico-sdk/src/rp2_common/hardware_xip_cache/xip_cache.c.o
LOAD CMakeFiles/slave.dir/home/grakoto/pico/pico-sdk/lib/tinyusb/src/portable/raspberrypi/rp2040/dcd_rp2040.c.o
LOAD CMakeFiles/slave.dir/home/grakoto/pico/pico-sdk/lib/tinyusb/src/portable/raspberrypi/rp2040/rp2040_usb.c.o
LOAD CMakeFiles/slave.dir/home/grakoto/pico/pico-sdk/lib/tinyusb/src/device/usbd.c.o
LOAD CMakeFiles/slave.dir/home/grakoto/pico/pico-sdk/lib/tinyusb/src/device/usbd_control.c.o
LOAD CMakeFiles/slave.dir/home/grakoto/pico/pico-sdk/lib/tinyusb/src/class/audio/audio_device.c.o
LOAD CMakeFiles/slave.dir/home/grakoto/pico/pico-sdk/lib/tinyusb/src/class/cdc/cdc_device.c.o
LOAD CMakeFiles/slave.dir/home/grakoto/pico/pico-sdk/lib/tinyusb/src/class/dfu/dfu_device.c.o
LOAD CMakeFiles/slave.dir/home/grakoto/pico/pico-sdk/lib/tinyusb/src/class/dfu/dfu_rt_device.c.o
LOAD CMakeFiles/slave.dir/home/grakoto/pico/pico-sdk/lib/tinyusb/src/class/hid/hid_device.c.o
LOAD CMakeFiles/slave.dir/home/grakoto/pico/pico-sdk/lib/tinyusb/src/class/midi/midi_device.c.o
LOAD CMakeFiles/slave.dir/home/grakoto/pico/pico-sdk/lib/tinyusb/src/class/msc/msc_device.c.o
LOAD CMakeFiles/slave.dir/home/grakoto/pico/pico-sdk/lib/tinyusb/src/class/net/ecm_rndis_device.c.o
LOAD CMakeFiles/slave.dir/home/grakoto/pico/pico-sdk/lib/tinyusb/src/class/net/ncm_device.c.o
LOAD CMakeFiles/slave.dir/home/grakoto/pico/pico-sdk/lib/tinyusb/src/class/usbtmc/usbtmc_device.c.o
LOAD CMakeFiles/slave.dir/home/grakoto/pico/pico-sdk/lib/tinyusb/src/class/vendor/vendor_device.c.o
LOAD CMakeFiles/slave.dir/home/grakoto/pico/pico-sdk/lib/tinyusb/src/class/video/video_device.c.o
LOAD CMakeFiles/slave.dir/home/grakoto/pico/pico-sdk/lib/tinyusb/src/tusb.c.o
LOAD CMakeFiles/slave.dir/home/grakoto/pico/pico-sdk/lib/tinyusb/src/common/tusb_fifo.c.o
LOAD CMakeFiles/slave.dir/home/grakoto/pico/pico-sdk/src/rp2_common/pico_fix/rp2040_usb_device_enumeration/rp2040_usb_device_enumeration.c.o
LOAD CMakeFiles/slave.dir/home/grakoto/pico/pico-sdk/src/rp2_common/hardware_i2c/i2c.c.o
LOAD CMakeFiles/slave.dir/home/grakoto/pico/pico-sdk/src/rp2_common/hardware_pio/pio.c.o
LOAD pico-sdk/src/rp2350/boot_stage2/CMakeFiles/bs2_default_library.dir/bs2_default_padded_checksummed.S.o
LOAD squarewavePIO/libsquarewave_lib.a
LOAD /usr/lib/gcc/arm-none-eabi/13.2.1/../../../arm-none-eabi/lib/thumb/v8-m.main+fp/softfp/libstdc++.a
LOAD /usr/lib/gcc/arm-none-eabi/13.2.1/../../../arm-none-eabi/lib/thumb/v8-m.main+fp/softfp/libm.a
START GROUP
LOAD /usr/lib/gcc/arm-none-eabi/13.2.1/thumb/v8-m.main+fp/softfp/libgcc.a
LOAD /usr/lib/gcc/arm-none-eabi/13.2.1/../../../arm-none-eabi/lib/thumb/v8-m.main+fp/softfp/libg.a
LOAD /usr/lib/gcc/arm-none-eabi/13.2.1/../../../arm-none-eabi/lib/thumb/v8-m.main+fp/softfp/libc.a
END GROUP
START GROUP
LOAD /usr/lib/gcc/arm-none-eabi/13.2.1/thumb/v8-m.main+fp/softfp/libgcc.a
LOAD /usr/lib/gcc/arm-none-eabi/13.2.1/../../../arm-none-eabi/lib/thumb/v8-m.main+fp/softfp/libc.a
LOAD /usr/lib/gcc/arm-none-eabi/13.2.1/../../../arm-none-eabi/lib/thumb/v8-m.main+fp/softfp/libnosys.a
END GROUP
LOAD /usr/lib/gcc/arm-none-eabi/13.2.1/thumb/v8-m.main+fp/softfp/crtend.o
LOAD /usr/lib/gcc/arm-none-eabi/13.2.1/thumb/v8-m.main+fp/softfp/crtn.o
OUTPUT(slave.elf elf32-littlearm)
LOAD linker stubs

.rel.dyn        0x10005be0        0x0
 .rel.iplt      0x10005be0        0x0 /usr/lib/gcc/arm-none-eabi/13.2.1/thumb/v8-m.main+fp/softfp/crtbegin.o

.ARM.attributes
                0x00000000       0x34
 .ARM.attributes
                0x00000000       0x26 /usr/lib/gcc/arm-none-eabi/13.2.1/thumb/v8-m.main+fp/softfp/crti.o
 .ARM.attributes
                0x00000026       0x36 /usr/lib/gcc/arm-none-eabi/13.2.1/thumb/v8-m.main+fp/softfp/crtbegin.o
 .ARM.attributes
                0x0000005c       0x38 CMakeFiles/slave.dir/main.c.o
 .ARM.attributes
                0x00000094       0x38 CMakeFiles/slave.dir/home/grakoto/pico/pico-sdk/src/rp2_common/hardware_gpio/gpio.c.o
 .ARM.attributes
                0x000000cc       0x38 CMakeFiles/slave.dir/home/grakoto/pico/pico-sdk/src/rp2_common/pico_platform_panic/panic.c.o
 .ARM.attributes
                0x00000104       0x38 CMakeFiles/slave.dir/home/grakoto/pico/pico-sdk/src/common/hardware_claim/claim.c.o
 .ARM.attributes
                0x0000013c       0x38 CMakeFiles/slave.dir/home/grakoto/pico/pico-sdk/src/rp2_common/hardware_sync/sync.c.o
 .ARM.attributes
                0x00000174       0x38 CMakeFiles/slave.dir/home/grakoto/pico/pico-sdk/src/rp2_common/hardware_sync_spin_lock/sync_spin_lock.c.o
 .ARM.attributes
                0x000001ac       0x38 CMakeFiles/slave.dir/home/grakoto/pico/pico-sdk/src/rp2_common/hardware_irq/irq.c.o
 .ARM.attributes
                0x000001e4       0x28 CMakeFiles/slave.dir/home/grakoto/pico/pico-sdk/src/rp2_common/hardware_irq/irq_handler_chain.S.o
 .ARM.attributes
                0x0000020c       0x38 CMakeFiles/slave.dir/home/grakoto/pico/pico-sdk/src/common/pico_sync/lock_core.c.o
 .ARM.attributes
                0x00000244       0x38 CMakeFiles/slave.dir/home/grakoto/pico/pico-sdk/src/common/pico_sync/mutex.c.o
 .ARM.attributes
                0x0000027c       0x38 CMakeFiles/slave.dir/home/grakoto/pico/pico-sdk/src/common/pico_sync/critical_section.c.o
 .ARM.attributes
                0x000002b4       0x38 CMakeFiles/slave.dir/home/grakoto/pico/pico-sdk/src/common/pico_time/time.c.o
 .ARM.attributes
                0x000002ec       0x38 CMakeFiles/slave.dir/home/grakoto/pico/pico-sdk/src/rp2_common/hardware_timer/timer.c.o
 .ARM.attributes
                0x00000324       0x38 CMakeFiles/slave.dir/home/grakoto/pico/pico-sdk/src/rp2_common/hardware_clocks/clocks.c.o
 .ARM.attributes
                0x0000035c       0x38 CMakeFiles/slave.dir/home/grakoto/pico/pico-sdk/src/rp2_common/hardware_pll/pll.c.o
 .ARM.attributes
                0x00000394       0x38 CMakeFiles/slave.dir/home/grakoto/pico/pico-sdk/src/rp2_common/hardware_watchdog/watchdog.c.o
 .ARM.attributes
                0x000003cc       0x38 CMakeFiles/slave.dir/home/grakoto/pico/pico-sdk/src/rp2_common/hardware_ticks/ticks.c.o
 .ARM.attributes
                0x00000404       0x38 CMakeFiles/slave.dir/home/grakoto/pico/pico-sdk/src/rp2_common/pico_bootrom/bootrom.c.o
 .ARM.attributes
                0x0000043c       0x38 CMakeFiles/slave.dir/home/grakoto/pico/pico-sdk/src/rp2_common/pico_bootrom/bootrom_lock.c.o
 .ARM.attributes
                0x00000474       0x38 CMakeFiles/slave.dir/home/grakoto/pico/pico-sdk/src/rp2_common/hardware_boot_lock/boot_lock.c.o
 .ARM.attributes
                0x000004ac       0x38 CMakeFiles/slave.dir/home/grakoto/pico/pico-sdk/src/rp2_common/hardware_xosc/xosc.c.o
 .ARM.attributes
                0x000004e4       0x38 CMakeFiles/slave.dir/home/grakoto/pico/pico-sdk/src/rp2_common/pico_runtime/runtime.c.o
 .ARM.attributes
                0x0000051c       0x38 CMakeFiles/slave.dir/home/grakoto/pico/pico-sdk/src/rp2_common/pico_runtime_init/runtime_init.c.o
 .ARM.attributes
                0x00000554       0x38 CMakeFiles/slave.dir/home/grakoto/pico/pico-sdk/src/rp2_common/pico_runtime_init/runtime_init_clocks.c.o
 .ARM.attributes
                0x0000058c       0x38 CMakeFiles/slave.dir/home/grakoto/pico/pico-sdk/src/rp2_common/pico_standard_binary_info/standard_binary_info.c.o
 .ARM.attributes
                0x000005c4       0x38 CMakeFiles/slave.dir/home/grakoto/pico/pico-sdk/src/rp2_common/pico_printf/printf.c.o
 .ARM.attributes
                0x000005fc       0x28 CMakeFiles/slave.dir/home/grakoto/pico/pico-sdk/src/rp2_common/pico_crt0/crt0.S.o
 .ARM.attributes
                0x00000624       0x38 CMakeFiles/slave.dir/home/grakoto/pico/pico-sdk/src/rp2_common/pico_clib_interface/newlib_interface.c.o
 .ARM.attributes
                0x0000065c       0x38 CMakeFiles/slave.dir/home/grakoto/pico/pico-sdk/src/rp2_common/pico_stdio/stdio.c.o
 .ARM.attributes
                0x00000694       0x38 CMakeFiles/slave.dir/home/grakoto/pico/pico-sdk/src/rp2_common/pico_stdio_usb/reset_interface.c.o
 .ARM.attributes
                0x000006cc       0x38 CMakeFiles/slave.dir/home/grakoto/pico/pico-sdk/src/rp2_common/pico_stdio_usb/stdio_usb.c.o
 .ARM.attributes
                0x00000704       0x38 CMakeFiles/slave.dir/home/grakoto/pico/pico-sdk/src/rp2_common/pico_stdio_usb/stdio_usb_descriptors.c.o
 .ARM.attributes
                0x0000073c       0x38 CMakeFiles/slave.dir/home/grakoto/pico/pico-sdk/src/rp2_common/pico_unique_id/unique_id.c.o
 .ARM.attributes
                0x00000774       0x38 CMakeFiles/slave.dir/home/grakoto/pico/pico-sdk/lib/tinyusb/src/portable/raspberrypi/rp2040/dcd_rp2040.c.o
 .ARM.attributes
                0x000007ac       0x38 CMakeFiles/slave.dir/home/grakoto/pico/pico-sdk/lib/tinyusb/src/portable/raspberrypi/rp2040/rp2040_usb.c.o
 .ARM.attributes
                0x000007e4       0x38 CMakeFiles/slave.dir/home/grakoto/pico/pico-sdk/lib/tinyusb/src/device/usbd.c.o
 .ARM.attributes
                0x0000081c       0x38 CMakeFiles/slave.dir/home/grakoto/pico/pico-sdk/lib/tinyusb/src/device/usbd_control.c.o
 .ARM.attributes
                0x00000854       0x38 CMakeFiles/slave.dir/home/grakoto/pico/pico-sdk/lib/tinyusb/src/class/cdc/cdc_device.c.o
 .ARM.attributes
                0x0000088c       0x38 CMakeFiles/slave.dir/home/grakoto/pico/pico-sdk/lib/tinyusb/src/class/vendor/vendor_device.c.o
 .ARM.attributes
                0x000008c4       0x38 CMakeFiles/slave.dir/home/grakoto/pico/pico-sdk/lib/tinyusb/src/tusb.c.o
 .ARM.attributes
                0x000008fc       0x38 CMakeFiles/slave.dir/home/grakoto/pico/pico-sdk/lib/tinyusb/src/common/tusb_fifo.c.o
 .ARM.attributes
                0x00000934       0x38 CMakeFiles/slave.dir/home/grakoto/pico/pico-sdk/src/rp2_common/hardware_pio/pio.c.o
 .ARM.attributes
                0x0000096c       0x38 squarewavePIO/libsquarewave_lib.a(squarewave.c.o)
 .ARM.attributes